Component: ARM Compiler 5.05 update 1 (build 106) Tool: armlink [4d0efa]

==============================================================================

Section Cross References

    main.o(.text) refers to key.o(.text) for KEY_Scan
    main.o(.text) refers to ff.o(.text) for f_open
    main.o(.text) refers to lcd.o(.text) for LCD_Scan_Dir
    main.o(.text) refers to crc16.o(.text) for getCrc16
    main.o(.text) refers to usart.o(.text) for Usart_SendString
    main.o(.text) refers to delay.o(.text) for delay_init
    main.o(.text) refers to malloc.o(.text) for mem_init
    main.o(.text) refers to exfuns.o(.text) for exfuns_init
    main.o(.text) refers to piclib.o(.text) for piclib_init
    main.o(.text) refers to ov7725.o(.text) for OV7725_Init
    main.o(.text) refers to exti_1.o(.text) for EXTI8_Init
    main.o(.text) refers to exti_1.o(.data) for ov_sta
    main.o(.text) refers to main.o(.bss) for fnew
    main.o(.text) refers to main.o(.data) for res_sd
    main.o(.text) refers to crc16.o(.bss) for data
    main.o(.text) refers to exfuns.o(.data) for fs
    main.o(.text) refers to lcd.o(.data) for POINT_COLOR
    main.o(.text) refers to lcd.o(.bss) for lcddev
    main.o(.text) refers to usart.o(.bss) for USART2_RX_BUF
    main.o(.text) refers to usart.o(.data) for USART2_RX_STA
    system_stm32f10x.o(.text) refers to system_stm32f10x.o(.data) for SystemCoreClock
    exti_1.o(.text) refers to stm32f10x_rcc.o(.text) for RCC_APB2PeriphClockCmd
    exti_1.o(.text) refers to stm32f10x_gpio.o(.text) for GPIO_EXTILineConfig
    exti_1.o(.text) refers to stm32f10x_exti.o(.text) for EXTI_Init
    exti_1.o(.text) refers to misc.o(.text) for NVIC_Init
    exti_1.o(.text) refers to delay.o(.text) for delay_ms
    exti_1.o(.text) refers to exti_1.o(.data) for ov_sta
    imageprocess.o(.text) refers to ff.o(.text) for f_open
    imageprocess.o(.text) refers to dfltui.o(.text) for __aeabi_ui2d
    imageprocess.o(.text) refers to dmul.o(.text) for __aeabi_dmul
    imageprocess.o(.text) refers to dadd.o(.text) for __aeabi_dadd
    imageprocess.o(.text) refers to dfixui.o(.text) for __aeabi_d2uiz
    imageprocess.o(.text) refers to dflti.o(.text) for __aeabi_i2d
    imageprocess.o(.text) refers to dfixl.o(.text) for __aeabi_d2lz
    imageprocess.o(.text) refers to imageprocess.o(.bss) for f1
    imageprocess.o(.text) refers to pow.o(i.pow) for pow
    imageprocess.o(.text) refers to ddiv.o(.text) for __aeabi_ddiv
    imageprocess.o(.text) refers to sqrt.o(i.sqrt) for sqrt
    imageprocess.o(.text) refers to dfixi.o(.text) for __aeabi_d2iz
    imageprocess.o(.text) refers to cdrcmple.o(.text) for __aeabi_cdrcmple
    imageprocess.o(.text) refers to bmp.o(.text) for printfBmpFileInfo
    imageprocess.o(.text) refers to memcpya.o(.text) for __aeabi_memcpy
    imageprocess.o(.text) refers to printfa.o(i.__0printf) for __2printf
    imageprocess.o(.text) refers to imageprocess.o(.conststring) for .conststring
    crc16.o(.text) refers to crc16.o(.bss) for res
    led.o(.text) refers to stm32f10x_rcc.o(.text) for RCC_APB2PeriphClockCmd
    led.o(.text) refers to stm32f10x_gpio.o(.text) for GPIO_Init
    key.o(.text) refers to stm32f10x_rcc.o(.text) for RCC_APB2PeriphClockCmd
    key.o(.text) refers to stm32f10x_gpio.o(.text) for GPIO_Init
    key.o(.text) refers to delay.o(.text) for delay_ms
    key.o(.text) refers to key.o(.data) for key_up
    lcd.o(.text) refers to delay.o(.text) for delay_us
    lcd.o(.text) refers to lcd.o(.bss) for lcddev
    lcd.o(.text) refers to lcd.o(.data) for POINT_COLOR
    lcd.o(.text) refers to stm32f10x_rcc.o(.text) for RCC_AHBPeriphClockCmd
    lcd.o(.text) refers to stm32f10x_gpio.o(.text) for GPIO_Init
    lcd.o(.text) refers to stm32f10x_fsmc.o(.text) for FSMC_NORSRAMInit
    lcd.o(.text) refers to printfa.o(i.__0printf) for __2printf
    lcd.o(.text) refers to lcd.o(.constdata) for asc2_1206
    spi.o(.text) refers to stm32f10x_spi.o(.text) for SPI_I2S_GetFlagStatus
    spi.o(.text) refers to stm32f10x_rcc.o(.text) for RCC_APB2PeriphClockCmd
    spi.o(.text) refers to stm32f10x_gpio.o(.text) for GPIO_Init
    flash.o(.text) refers to spi.o(.text) for SPI2_ReadWriteByte
    flash.o(.text) refers to stm32f10x_rcc.o(.text) for RCC_APB2PeriphClockCmd
    flash.o(.text) refers to stm32f10x_gpio.o(.text) for GPIO_Init
    flash.o(.text) refers to delay.o(.text) for delay_us
    flash.o(.text) refers to flash.o(.data) for SPI_FLASH_TYPE
    flash.o(.text) refers to flash.o(.bss) for SPI_FLASH_BUF
    sram.o(.text) refers to stm32f10x_rcc.o(.text) for RCC_APB2PeriphClockCmd
    sram.o(.text) refers to stm32f10x_gpio.o(.text) for GPIO_Init
    sram.o(.text) refers to stm32f10x_fsmc.o(.text) for FSMC_NORSRAMInit
    mmc_sd.o(.text) refers to spi.o(.text) for SPI2_ReadWriteByte
    mmc_sd.o(.text) refers to stm32f10x_rcc.o(.text) for RCC_APB2PeriphClockCmd
    mmc_sd.o(.text) refers to stm32f10x_gpio.o(.text) for GPIO_Init
    mmc_sd.o(.text) refers to mmc_sd.o(.data) for SD_Type
[...]
    .text                                    0x08011046   Section        0  ffixui.o(.text)
    .text                                    0x08011070   Section       48  cdrcmple.o(.text)
    .text                                    0x080110a0   Section       20  cfcmple.o(.text)
    .text                                    0x080110b4   Section       20  cfrcmple.o(.text)
    .text                                    0x080110c8   Section        0  uidiv.o(.text)
    .text                                    0x080110f4   Section        0  uldiv.o(.text)
    .text                                    0x08011156   Section        0  llshl.o(.text)
    .text                                    0x08011174   Section        0  llushr.o(.text)
    .text                                    0x08011194   Section        0  llsshr.o(.text)
    .text                                    0x080111b8   Section        0  iusefp.o(.text)
    .text                                    0x080111b8   Section        0  fepilogue.o(.text)
    .text                                    0x08011226   Section        0  depilogue.o(.text)
    .text                                    0x080112e0   Section        0  dfixul.o(.text)
    .text                                    0x08011310   Section       36  init.o(.text)
    .text                                    0x08011334   Section        0  __dczerorl2.o(.text)
    i.__0printf                              0x0801138c   Section        0  printfa.o(i.__0printf)
    i.__scatterload_copy                     0x080113ac   Section       14  handlers.o(i.__scatterload_copy)
    i.__scatterload_null                     0x080113ba   Section        2  handlers.o(i.__scatterload_null)
    i.__scatterload_zeroinit                 0x080113bc   Section       14  handlers.o(i.__scatterload_zeroinit)
    i._fp_digits                             0x080113cc   Section        0  printfa.o(i._fp_digits)
    _fp_digits                               0x080113cd   Thumb Code   334  printfa.o(i._fp_digits)
    i._printf_core                           0x08011530   Section        0  printfa.o(i._printf_core)
    _printf_core                             0x08011531   Thumb Code  1744  printfa.o(i._printf_core)
    i._printf_post_padding                   0x08011c0c   Section        0  printfa.o(i._printf_post_padding)
    _printf_post_padding                     0x08011c0d   Thumb Code    36  printfa.o(i._printf_post_padding)
    i._printf_pre_padding                    0x08011c30   Section        0  printfa.o(i._printf_pre_padding)
    _printf_pre_padding                      0x08011c31   Thumb Code    46  printfa.o(i._printf_pre_padding)
    .constdata                               0x08011c5e   Section     2660  lcd.o(.constdata)
    .constdata                               0x080126c2   Section      130  ov7725.o(.constdata)
    .constdata                               0x08012744   Section       24  malloc.o(.constdata)
    .constdata                               0x0801275c   Section       58  ff.o(.constdata)
    LfnOfs                                   0x0801275c   Data          13  ff.o(.constdata)
    vst                                      0x0801276a   Data          22  ff.o(.constdata)
    cst                                      0x08012780   Data          22  ff.o(.constdata)
    .constdata                               0x08012796   Section      960  mycc936.o(.constdata)
    tbl_lower                                0x08012796   Data         480  mycc936.o(.constdata)
    tbl_upper                                0x08012976   Data         480  mycc936.o(.constdata)
    .constdata                               0x08012b56   Section       40  gif.o(.constdata)
    .constdata                               0x08012b7e   Section     1216  tjpgd.o(.constdata)
    Zig                                      0x08012b7e   Data          64  tjpgd.o(.constdata)
    Ipsf                                     0x08012bbe   Data         128  tjpgd.o(.constdata)
    Clip8                                    0x08012c3e   Data        1024  tjpgd.o(.constdata)
    .conststring                             0x08013040   Section      100  exfuns.o(.conststring)
    .conststring                             0x080130a4   Section       40  usmart.o(.conststring)
    .conststring                             0x080130cc   Section     1089  usmart_config.o(.conststring)
    .data                                    0x20000000   Section        8  main.o(.data)
    .data                                    0x20000008   Section       20  system_stm32f10x.o(.data)
    .data                                    0x2000001c   Section        1  exti_1.o(.data)
    .data                                    0x2000001d   Section        1  key.o(.data)
    key_up                                   0x2000001d   Data           1  key.o(.data)
    .data                                    0x2000001e   Section        4  lcd.o(.data)
    .data                                    0x20000022   Section        2  flash.o(.data)
    .data                                    0x20000024   Section        1  mmc_sd.o(.data)
    .data                                    0x20000026   Section        4  delay.o(.data)
    fac_us                                   0x20000026   Data           1  delay.o(.data)
    fac_ms                                   0x20000028   Data           2  delay.o(.data)
    .data                                    0x2000002c   Section        8  usart.o(.data)
    .data                                    0x20000034   Section       20  stm32f10x_rcc.o(.data)
    APBAHBPrescTable                         0x20000034   Data          16  stm32f10x_rcc.o(.data)
    ADCPrescTable                            0x20000044   Data           4  stm32f10x_rcc.o(.data)
    .data                                    0x20000048   Section       28  malloc.o(.data)
    .data                                    0x20000064   Section        2  diskio.o(.data)
    .data                                    0x20000068   Section       11  ff.o(.data)
    FatFs                                    0x20000068   Data           8  ff.o(.data)
    Fsid                                     0x20000070   Data           2  ff.o(.data)
    CurrVol                                  0x20000072   Data           1  ff.o(.data)
    .data                                    0x20000074   Section      340  exfuns.o(.data)
    .data                                    0x200001c8   Section       28  usmart.o(.data)
    .data                                    0x200001e4   Section      500  usmart_config.o(.data)
    .data                                    0x200003d8   Section        1  gif.o(.data)
    .data                                    0x200003dc   Section       12  tjpgd.o(.data)
    .bss                                     0x200003e8   Section      552  main.o(.bss)
    .bss                                     0x20000610   Section       33  crc16.o(.bss)
    .bss                                     0x20000632   Section       14  lcd.o(.bss)
    .bss                                     0x20000640   Section     4096  flash.o(.bss)
    .bss                                     0x20001640   Section      400  usart.o(.bss)
    .bss                                     0x200017d0   Section    43520  malloc.o(.bss)
    .bss                                     0x2000c1d0   Section       68  exfuns.o(.bss)
    .bss                                     0x2000c214   Section       25  fontupd.o(.bss)
    .bss                                     0x2000c230   Section       68  piclib.o(.bss)
    STACK                                    0x2000c278   Section     1024  startup_stm32f10x_hd.o(STACK)
    .ARM.__AT_0x68000000                     0x68000000   Section    196608  malloc.o(.ARM.__AT_0x68000000)
    .ARM.__AT_0x68030000                     0x68030000   Section    12288  malloc.o(.ARM.__AT_0x68030000)

    Global Symbols

    Symbol Name                              Value     Ov Type        Size  Object(Section)

    BuildAttributes$$THM_ISAv4$P$D$K$B$S$PE$A:L22UL41UL21$X:L11$S22US41US21$IEEE1$IW$USESV6$~STKCKD$USESV7$~SHL$OTIME$ROPI$IEEEX$EBA8$MICROLIB$REQ8$PRES8$EABIv2 0x00000000   Number         0  anon$$obj.o ABSOLUTE
    __ARM_use_no_argv                        0x00000000   Number         0  main.o ABSOLUTE
    __use_no_errno                           0x00000000   Number         0  useno.o ABSOLUTE
    __use_no_exception_handling              0x00000000   Number         0  useno.o ABSOLUTE
    __use_no_fp                              0x00000000   Number         0  useno.o ABSOLUTE
    __use_no_heap                            0x00000000   Number         0  useno.o ABSOLUTE
    __use_no_heap_region                     0x00000000   Number         0  useno.o ABSOLUTE
    __use_no_semihosting                     0x00000000   Number         0  useno.o ABSOLUTE
    __use_no_semihosting_swi                 0x00000000   Number         0  useno.o ABSOLUTE
    __use_no_signal_handling                 0x00000000   Number         0  useno.o ABSOLUTE
    _printf_a                                0x00000000   Number         0  stubs.o ABSOLUTE
    _printf_c                                0x00000000   Number         0  stubs.o ABSOLUTE
    _printf_charcount                        0x00000000   Number         0  stubs.o ABSOLUTE
    _printf_d                                0x00000000   Number         0  stubs.o ABSOLUTE
    _printf_e                                0x00000000   Number         0  stubs.o ABSOLUTE
    _printf_f                                0x00000000   Number         0  stubs.o ABSOLUTE
    _printf_flags                            0x00000000   Number         0  stubs.o ABSOLUTE
    _printf_fp_dec                           0x00000000   Number         0  stubs.o ABSOLUTE
    _printf_fp_hex                           0x00000000   Number         0  stubs.o ABSOLUTE
    _printf_g                                0x00000000   Number         0  stubs.o ABSOLUTE
    _printf_i                                0x00000000   Number         0  stubs.o ABSOLUTE
    _printf_int_dec                          0x00000000   Number         0  stubs.o ABSOLUTE
    _printf_l                                0x00000000   Number         0  stubs.o ABSOLUTE
    _printf_lc                               0x00000000   Number         0  stubs.o ABSOLUTE
    _printf_ll                               0x00000000   Number         0  stubs.o ABSOLUTE
    _printf_lld                              0x00000000   Number         0  stubs.o ABSOLUTE
    _printf_lli                              0x00000000   Number         0  stubs.o ABSOLUTE
    _printf_llo                              0x00000000   Number         0  stubs.o ABSOLUTE
    _printf_llu                              0x00000000   Number         0  stubs.o ABSOLUTE
    _printf_llx                              0x00000000   Number         0  stubs.o ABSOLUTE
    _printf_longlong_dec                     0x00000000   Number         0  stubs.o ABSOLUTE
    _printf_longlong_hex                     0x00000000   Number         0  stubs.o ABSOLUTE
    _printf_longlong_oct                     0x00000000   Number         0  stubs.o ABSOLUTE
    _printf_ls                               0x00000000   Number         0  stubs.o ABSOLUTE
    _printf_mbtowc                           0x00000000   Number         0  stubs.o ABSOLUTE
    _printf_n                                0x00000000   Number         0  stubs.o ABSOLUTE
    _printf_o                                0x00000000   Number         0  stubs.o ABSOLUTE
    _printf_p                                0x00000000   Number         0  stubs.o ABSOLUTE
    _printf_percent                          0x00000000   Number         0  stubs.o ABSOLUTE
    _printf_pre_padding                      0x00000000   Number         0  stubs.o ABSOLUTE
    _printf_return_value                     0x00000000   Number         0  stubs.o ABSOLUTE
    _printf_s                                0x00000000   Number         0  stubs.o ABSOLUTE
    _printf_sizespec                         0x00000000   Number         0  stubs.o ABSOLUTE
    _printf_str                              0x00000000   Number         0  stubs.o ABSOLUTE
    _printf_truncate_signed                  0x00000000   Number         0  stubs.o ABSOLUTE
    _printf_truncate_unsigned                0x00000000   Number         0  stubs.o ABSOLUTE
    _printf_u                                0x00000000   Number         0  stubs.o ABSOLUTE
    _printf_wc                               0x00000000   Number         0  stubs.o ABSOLUTE
    _printf_wctomb                           0x00000000   Number         0  stubs.o ABSOLUTE
    _printf_widthprec                        0x00000000   Number         0  stubs.o ABSOLUTE
    _printf_x                                0x00000000   Number         0  stubs.o ABSOLUTE
    __cpp_initialize__aeabi_                  - Undefined Weak Reference
    __cxa_finalize                            - Undefined Weak Reference
    _clock_init                               - Undefined Weak Reference
    _microlib_exit                            - Undefined Weak Reference
    __Vectors_Size                           0x00000130   Number         0  startup_stm32f10x_hd.o ABSOLUTE
    __Vectors                                0x08000000   Data           4  startup_stm32f10x_hd.o(RESET)
    __Vectors_End                            0x08000130   Data           0  startup_stm32f10x_hd.o(RESET)
    __main                                   0x08000131   Thumb Code     0  entry.o(.ARM.Collect$$$$00000000)
    _main_stk                                0x08000131   Thumb Code     0  entry2.o(.ARM.Collect$$$$00000001)
    _main_scatterload                        0x08000135   Thumb Code     0  entry5.o(.ARM.Collect$$$$00000004)
    __main_after_scatterload                 0x08000139   Thumb Code     0  entry5.o(.ARM.Collect$$$$00000004)
    _main_clock                              0x08000139   Thumb Code     0  entry7b.o(.ARM.Collect$$$$00000008)
    _main_cpp_init                           0x08000139   Thumb Code     0  entry8b.o(.ARM.Collect$$$$0000000A)
    _main_init                               0x08000139   Thumb Code     0  entry9a.o(.ARM.Collect$$$$0000000B)
    __rt_final_cpp                           0x08000141   Thumb Code     0  entry10a.o(.ARM.Collect$$$$0000000D)
    __rt_final_exit                          0x08000141   Thumb Code     0  entry11a.o(.ARM.Collect$$$$0000000F)
    camera_refresh                           0x08000145   Thumb Code   484  main.o(.text)
    SendData                                 0x08000329   Thumb Code    70  main.o(.text)
    main                                     0x0800036f   Thumb Code   616  main.o(.text)
    NMI_Handler                              0x080005dd   Thumb Code     2  stm32f10x_it.o(.text)
    HardFault_Handler                        0x080005df   Thumb Code     4  stm32f10x_it.o(.text)
    MemManage_Handler                        0x080005e3   Thumb Code     4  stm32f10x_it.o(.text)
    BusFault_Handler                         0x080005e7   Thumb Code     4  stm32f10x_it.o(.text)
    UsageFault_Handler                       0x080005eb   Thumb Code     4  stm32f10x_it.o(.text)
    SVC_Handler                              0x080005ef   Thumb Code     2  stm32f10x_it.o(.text)
    DebugMon_Handler                         0x080005f1   Thumb Code     2  stm32f10x_it.o(.text)
    PendSV_Handler                           0x080005f3   Thumb Code     2  stm32f10x_it.o(.text)
    SysTick_Handler                          0x080005f5   Thumb Code     2  stm32f10x_it.o(.text)
    SystemInit                               0x080006d7   Thumb Code    78  system_stm32f10x.o(.text)
    SystemCoreClockUpdate                    0x08000725   Thumb Code   142  system_stm32f10x.o(.text)
    EXTIX_Init                               0x080007d9   Thumb Code   272  exti_1.o(.text)
    EXTI8_Init                               0x080008e9   Thumb Code    70  exti_1.o(.text)
    EXTI0_IRQHandler                         0x0800092f   Thumb Code    44  exti_1.o(.text)
    EXTI2_IRQHandler                         0x0800095b   Thumb Code    42  exti_1.o(.text)
    EXTI3_IRQHandler                         0x08000985   Thumb Code    42  exti_1.o(.text)
    EXTI4_IRQHandler                         0x080009af   Thumb Code    42  exti_1.o(.text)
    EXTI9_5_IRQHandler                       0x080009d9   Thumb Code    90  exti_1.o(.text)
    byteToChar                               0x08000a51   Thumb Code    20  crc16.o(.text)
    getCrcString                             0x08000a65   Thumb Code    56  crc16.o(.text)
    getCrc16                                 0x08000a9d   Thumb Code    78  crc16.o(.text)
    KEY_Init                                 0x08000b01   Thumb Code    52  key.o(.text)
    KEY_Scan                                 0x08000b35   Thumb Code   188  key.o(.text)
    LCD_WR_REG                               0x08000bfd   Thumb Code     6  lcd.o(.text)
    LCD_WR_DATA                              0x08000c03   Thumb Code     8  lcd.o(.text)
    LCD_RD_DATA                              0x08000c0b   Thumb Code     8  lcd.o(.text)
    LCD_WriteReg                             0x08000c13   Thumb Code    10  lcd.o(.text)
    LCD_ReadReg                              0x08000c1d   Thumb Code    22  lcd.o(.text)
    LCD_WriteRAM_Prepare                     0x08000c33   Thumb Code    10  lcd.o(.text)
    LCD_WriteRAM                             0x08000c3d   Thumb Code     8  lcd.o(.text)
    LCD_BGR2RGB                              0x08000c45   Thumb Code    26  lcd.o(.text)
    opt_delay                                0x08000c5f   Thumb Code    14  lcd.o(.text)
    LCD_SetCursor                            0x08000c6d   Thumb Code   262  lcd.o(.text)
    LCD_ReadPoint                            0x08000d73   Thumb Code   358  lcd.o(.text)
    LCD_DisplayOn                            0x08000ed9   Thumb Code    80  lcd.o(.text)
    LCD_DisplayOff                           0x08000f29   Thumb Code    78  lcd.o(.text)
    LCD_Scan_Dir                             0x08000f77   Thumb Code   718  lcd.o(.text)
    LCD_DrawPoint                            0x08001245   Thumb Code    28  lcd.o(.text)
    LCD_Fast_DrawPoint                       0x08001261   Thumb Code   278  lcd.o(.text)
    LCD_Display_Dir                          0x08001377   Thumb Code   432  lcd.o(.text)
    LCD_Set_Window                           0x08001527   Thumb Code   422  lcd.o(.text)
    LCD_Clear                                0x080016cd   Thumb Code   100  lcd.o(.text)
    LCD_Init                                 0x08001731   Thumb Code 14098  lcd.o(.text)
    LCD_Fill                                 0x08004e43   Thumb Code   178  lcd.o(.text)
    LCD_Color_Fill                           0x08004ef5   Thumb Code   100  lcd.o(.text)
    LCD_DrawLine                             0x08004f59   Thumb Code   176  lcd.o(.text)
    LCD_DrawRectangle                        0x08005009   Thumb Code    60  lcd.o(.text)
    Draw_Circle                              0x08005045   Thumb Code   152  lcd.o(.text)
    LCD_ShowChar                             0x080050dd   Thumb Code   340  lcd.o(.text)
    LCD_Pow                                  0x08005231   Thumb Code    22  lcd.o(.text)
    LCD_ShowNum                              0x08005247   Thumb Code   148  lcd.o(.text)
    LCD_ShowxNum                             0x080052db   Thumb Code   218  lcd.o(.text)
    LCD_ShowString                           0x080053b5   Thumb Code   102  lcd.o(.text)
    SPI2_ReadWriteByte                       0x0800541d   Thumb Code    78  spi.o(.text)
    SPI2_Init                                0x0800546b   Thumb Code   140  spi.o(.text)
    SPI2_SetSpeed                            0x080054f7   Thumb Code    36  spi.o(.text)
    SPI_Flash_ReadID                         0x08005525   Thumb Code    64  flash.o(.text)
    SPI_Flash_Init                           0x08005565   Thumb Code   114  flash.o(.text)
    SPI_Flash_ReadSR                         0x080055d7   Thumb Code    36  flash.o(.text)
    SPI_FLASH_Write_SR                       0x080055fb   Thumb Code    32  flash.o(.text)
    SPI_FLASH_Write_Enable                   0x0800561b   Thumb Code    24  flash.o(.text)
    SPI_FLASH_Write_Disable                  0x08005633   Thumb Code    24  flash.o(.text)
    SPI_Flash_Read                           0x0800564b   Thumb Code    74  flash.o(.text)
    SPI_Flash_Wait_Busy                      0x08005695   Thumb Code    18  flash.o(.text)
    SPI_Flash_Write_Page                     0x080056a7   Thumb Code    80  flash.o(.text)
    SPI_Flash_Write_NoCheck                  0x080056f7   Thumb Code    70  flash.o(.text)
    SPI_Flash_Erase_Sector                   0x0800573d   Thumb Code    62  flash.o(.text)
    SPI_Flash_Write                          0x0800577b   Thumb Code   176  flash.o(.text)
    SPI_Flash_Erase_Chip                     0x0800582b   Thumb Code    36  flash.o(.text)
    SPI_Flash_PowerDown                      0x0800584f   Thumb Code    30  flash.o(.text)
    SPI_Flash_WAKEUP                         0x0800586d   Thumb Code    30  flash.o(.text)
    SD_SPI_ReadWriteByte                     0x080058a9   Thumb Code    12  mmc_sd.o(.text)
    SD_SPI_SpeedLow                          0x080058b5   Thumb Code    10  mmc_sd.o(.text)
    SD_SPI_SpeedHigh                         0x080058bf   Thumb Code    10  mmc_sd.o(.text)
    SD_SPI_Init                              0x080058c9   Thumb Code   106  mmc_sd.o(.text)
    SD_DisSelect                             0x08005933   Thumb Code    16  mmc_sd.o(.text)
    SD_WaitReady                             0x08005943   Thumb Code    34  mmc_sd.o(.text)
    SD_Select                                0x08005965   Thumb Code    26  mmc_sd.o(.text)
    SD_GetResponse                           0x0800597f   Thumb Code    38  mmc_sd.o(.text)
    SD_RecvData                              0x080059a5   Thumb Code    56  mmc_sd.o(.text)
    SD_SendBlock                             0x080059dd   Thumb Code    82  mmc_sd.o(.text)
    SD_SendCmd                               0x08005a2f   Thumb Code   120  mmc_sd.o(.text)
    SD_GetCID                                0x08005aa7   Thumb Code    42  mmc_sd.o(.text)
    SD_GetCSD                                0x08005ad1   Thumb Code    42  mmc_sd.o(.text)
    SD_GetSectorCount                        0x08005afb   Thumb Code   118  mmc_sd.o(.text)
    SD_Initialize                            0x08005b71   Thumb Code   408  mmc_sd.o(.text)
    SD_ReadDisk                              0x08005d09   Thumb Code   112  mmc_sd.o(.text)
    SD_WriteDisk                             0x08005d79   Thumb Code   140  mmc_sd.o(.text)
    SCCB_Init                                0x08005e09   Thumb Code   102  sccb.o(.text)
    SCCB_Start                               0x08005e6f   Thumb Code    42  sccb.o(.text)
    SCCB_Stop                                0x08005e99   Thumb Code    42  sccb.o(.text)
    SCCB_No_Ack                              0x08005ec3   Thumb Code    54  sccb.o(.text)
    SCCB_WR_Byte                             0x08005ef9   Thumb Code   152  sccb.o(.text)
    SCCB_RD_Byte                             0x08005f91   Thumb Code   104  sccb.o(.text)
    SCCB_WR_Reg                              0x08005ff9   Thumb Code    62  sccb.o(.text)
    SCCB_RD_Reg                              0x08006037   Thumb Code    78  sccb.o(.text)
    OV7725_Init                              0x0800609d   Thumb Code   324  ov7725.o(.text)
    OV7725_Light_Mode                        0x080061e1   Thumb Code   274  ov7725.o(.text)
    OV7725_Color_Saturation                  0x080062f3   Thumb Code    40  ov7725.o(.text)
    OV7725_Brightness                        0x0800631b   Thumb Code    98  ov7725.o(.text)
    OV7725_Contrast                          0x0800637d   Thumb Code    34  ov7725.o(.text)
    OV7725_Special_Effects                   0x0800639f   Thumb Code   190  ov7725.o(.text)
    OV7725_Window_Set                        0x0800645d   Thumb Code   418  ov7725.o(.text)
    delay_init                               0x08006601   Thumb Code    50  delay.o(.text)
    delay_us                                 0x08006633   Thumb Code    72  delay.o(.text)
    delay_ms                                 0x0800667b   Thumb Code    72  delay.o(.text)
    sys_exit                                 0x080066d5   Thumb Code     6  usart.o(.text)
    fputc                                    0x080066db   Thumb Code    24  usart.o(.text)
    uart_init                                0x080066f3   Thumb Code   152  usart.o(.text)
    USART1_IRQHandler                        0x0800678b   Thumb Code   122  usart.o(.text)
    usart2_init                              0x08006805   Thumb Code   156  usart.o(.text)
    USART2_IRQHandler                        0x080068a1   Thumb Code    44  usart.o(.text)
    Usart_SendByte                           0x080068cd   Thumb Code    30  usart.o(.text)
    Usart_SendString                         0x080068eb   Thumb Code    42  usart.o(.text)
    Reset_Handler                            0x08006931   Thumb Code     8  startup_stm32f10x_hd.o(.text)
    ADC1_2_IRQHandler                        0x0800694b   Thumb Code     0  startup_stm32f10x_hd.o(.text)
    ADC3_IRQHandler                          0x0800694b   Thumb Code     0  startup_stm32f10x_hd.o(.text)
    CAN1_RX1_IRQHandler                      0x0800694b   Thumb Code     0  startup_stm32f10x_hd.o(.text)
    CAN1_SCE_IRQHandler                      0x0800694b   Thumb Code     0  startup_stm32f10x_hd.o(.text)
    DMA1_Channel1_IRQHandler                 0x0800694b   Thumb Code     0  startup_stm32f10x_hd.o(.text)
    DMA1_Channel2_IRQHandler                 0x0800694b   Thumb Code     0  startup_stm32f10x_hd.o(.text)
    DMA1_Channel3_IRQHandler                 0x0800694b   Thumb Code     0  startup_stm32f10x_hd.o(.text)
    DMA1_Channel4_IRQHandler                 0x0800694b   Thumb Code     0  startup_stm32f10x_hd.o(.text)
    DMA1_Channel5_IRQHandler                 0x0800694b   Thumb Code     0  startup_stm32f10x_hd.o(.text)
    DMA1_Channel6_IRQHandler                 0x0800694b   Thumb Code     0  startup_stm32f10x_hd.o(.text)
    DMA1_Channel7_IRQHandler                 0x0800694b   Thumb Code     0  startup_stm32f10x_hd.o(.text)
    DMA2_Channel1_IRQHandler                 0x0800694b   Thumb Code     0  startup_stm32f10x_hd.o(.text)
    DMA2_Channel2_IRQHandler                 0x0800694b   Thumb Code     0  startup_stm32f10x_hd.o(.text)
    DMA2_Channel3_IRQHandler                 0x0800694b   Thumb Code     0  startup_stm32f10x_hd.o(.text)
    DMA2_Channel4_5_IRQHandler               0x0800694b   Thumb Code     0  startup_stm32f10x_hd.o(.text)
    EXTI15_10_IRQHandler                     0x0800694b   Thumb Code     0  startup_stm32f10x_hd.o(.text)
    EXTI1_IRQHandler                         0x0800694b   Thumb Code     0  startup_stm32f10x_hd.o(.text)
    FLASH_IRQHandler                         0x0800694b   Thumb Code     0  startup_stm32f10x_hd.o(.text)
    FSMC_IRQHandler                          0x0800694b   Thumb Code     0  startup_stm32f10x_hd.o(.text)
    I2C1_ER_IRQHandler                       0x0800694b   Thumb Code     0  startup_stm32f10x_hd.o(.text)
    I2C1_EV_IRQHandler                       0x0800694b   Thumb Code     0  startup_stm32f10x_hd.o(.text)
    I2C2_ER_IRQHandler                       0x0800694b   Thumb Code     0  startup_stm32f10x_hd.o(.text)
    I2C2_EV_IRQHandler                       0x0800694b   Thumb Code     0  startup_stm32f10x_hd.o(.text)
    PVD_IRQHandler                           0x0800694b   Thumb Code     0  startup_stm32f10x_hd.o(.text)
    RCC_IRQHandler                           0x0800694b   Thumb Code     0  startup_stm32f10x_hd.o(.text)
    RTCAlarm_IRQHandler                      0x0800694b   Thumb Code     0  startup_stm32f10x_hd.o(.text)
    RTC_IRQHandler                           0x0800694b   Thumb Code     0  startup_stm32f10x_hd.o(.text)
    SDIO_IRQHandler                          0x0800694b   Thumb Code     0  startup_stm32f10x_hd.o(.text)
    SPI1_IRQHandler                          0x0800694b   Thumb Code     0  startup_stm32f10x_hd.o(.text)
    SPI2_IRQHandler                          0x0800694b   Thumb Code     0  startup_stm32f10x_hd.o(.text)
    SPI3_IRQHandler                          0x0800694b   Thumb Code     0  startup_stm32f10x_hd.o(.text)
    TAMPER_IRQHandler                        0x0800694b   Thumb Code     0  startup_stm32f10x_hd.o(.text)
    TIM1_BRK_IRQHandler                      0x0800694b   Thumb Code     0  startup_stm32f10x_hd.o(.text)
    TIM1_CC_IRQHandler                       0x0800694b   Thumb Code     0  startup_stm32f10x_hd.o(.text)
    TIM1_TRG_COM_IRQHandler                  0x0800694b   Thumb Code     0  startup_stm32f10x_hd.o(.text)
    TIM1_UP_IRQHandler                       0x0800694b   Thumb Code     0  startup_stm32f10x_hd.o(.text)
    TIM3_IRQHandler                          0x0800694b   Thumb Code     0  startup_stm32f10x_hd.o(.text)
    TIM4_IRQHandler                          0x0800694b   Thumb Code     0  startup_stm32f10x_hd.o(.text)
    TIM5_IRQHandler                          0x0800694b   Thumb Code     0  startup_stm32f10x_hd.o(.text)
    TIM6_IRQHandler                          0x0800694b   Thumb Code     0  startup_stm32f10x_hd.o(.text)
    TIM7_IRQHandler                          0x0800694b   Thumb Code     0  startup_stm32f10x_hd.o(.text)
    TIM8_BRK_IRQHandler                      0x0800694b   Thumb Code     0  startup_stm32f10x_hd.o(.text)
    TIM8_CC_IRQHandler                       0x0800694b   Thumb Code     0  startup_stm32f10x_hd.o(.text)
    TIM8_TRG_COM_IRQHandler                  0x0800694b   Thumb Code     0  startup_stm32f10x_hd.o(.text)
    TIM8_UP_IRQHandler                       0x0800694b   Thumb Code     0  startup_stm32f10x_hd.o(.text)
    UART4_IRQHandler                         0x0800694b   Thumb Code     0  startup_stm32f10x_hd.o(.text)
    UART5_IRQHandler                         0x0800694b   Thumb Code     0  startup_stm32f10x_hd.o(.text)
    USART3_IRQHandler                        0x0800694b   Thumb Code     0  startup_stm32f10x_hd.o(.text)
    USBWakeUp_IRQHandler                     0x0800694b   Thumb Code     0  startup_stm32f10x_hd.o(.text)
    USB_HP_CAN1_TX_IRQHandler                0x0800694b   Thumb Code     0  startup_stm32f10x_hd.o(.text)
    USB_LP_CAN1_RX0_IRQHandler               0x0800694b   Thumb Code     0  startup_stm32f10x_hd.o(.text)
    WWDG_IRQHandler                          0x0800694b   Thumb Code     0  startup_stm32f10x_hd.o(.text)
    NVIC_PriorityGroupConfig                 0x08006955   Thumb Code    10  misc.o(.text)
    NVIC_Init                                0x0800695f   Thumb Code   100  misc.o(.text)
    NVIC_SetVectorTable                      0x080069c3   Thumb Code    14  misc.o(.text)
    NVIC_SystemLPConfig                      0x080069d1   Thumb Code    34  misc.o(.text)
    SysTick_CLKSourceConfig                  0x080069f3   Thumb Code    40  misc.o(.text)
    FSMC_NORSRAMDeInit                       0x08006a31   Thumb Code    54  stm32f10x_fsmc.o(.text)
    FSMC_NANDDeInit                          0x08006a67   Thumb Code    62  stm32f10x_fsmc.o(.text)
    FSMC_PCCARDDeInit                        0x08006aa5   Thumb Code    36  stm32f10x_fsmc.o(.text)
    FSMC_NORSRAMInit                         0x08006ac9   Thumb Code   230  stm32f10x_fsmc.o(.text)
    FSMC_NANDInit                            0x08006baf   Thumb Code   132  stm32f10x_fsmc.o(.text)
    FSMC_PCCARDInit                          0x08006c33   Thumb Code   130  stm32f10x_fsmc.o(.text)
    FSMC_NORSRAMStructInit                   0x08006cb5   Thumb Code   114  stm32f10x_fsmc.o(.text)
    FSMC_NANDStructInit                      0x08006d27   Thumb Code    54  stm32f10x_fsmc.o(.text)
    FSMC_PCCARDStructInit                    0x08006d5d   Thumb Code    60  stm32f10x_fsmc.o(.text)
    FSMC_NORSRAMCmd                          0x08006d99   Thumb Code    46  stm32f10x_fsmc.o(.text)
    FSMC_NANDCmd                             0x08006dc7   Thumb Code    86  stm32f10x_fsmc.o(.text)
    FSMC_PCCARDCmd                           0x08006e1d   Thumb Code    44  stm32f10x_fsmc.o(.text)
    FSMC_NANDECCCmd                          0x08006e49   Thumb Code    90  stm32f10x_fsmc.o(.text)
    FSMC_GetECC                              0x08006ea3   Thumb Code    24  stm32f10x_fsmc.o(.text)
    FSMC_ITConfig                            0x08006ebb   Thumb Code   128  stm32f10x_fsmc.o(.text)
    FSMC_GetFlagStatus                       0x08006f3b   Thumb Code    54  stm32f10x_fsmc.o(.text)
    FSMC_ClearFlag                           0x08006f71   Thumb Code    62  stm32f10x_fsmc.o(.text)
    FSMC_GetITStatus                         0x08006faf   Thumb Code    64  stm32f10x_fsmc.o(.text)
    FSMC_ClearITPendingBit                   0x08006fef   Thumb Code    68  stm32f10x_fsmc.o(.text)
    GPIO_DeInit                              0x0800703d   Thumb Code   172  stm32f10x_gpio.o(.text)
    GPIO_AFIODeInit                          0x080070e9   Thumb Code    20  stm32f10x_gpio.o(.text)
    GPIO_Init                                0x080070fd   Thumb Code   278  stm32f10x_gpio.o(.text)
    GPIO_StructInit                          0x08007213   Thumb Code    16  stm32f10x_gpio.o(.text)
    GPIO_ReadInputDataBit                    0x08007223   Thumb Code    18  stm32f10x_gpio.o(.text)
    GPIO_ReadInputData                       0x08007235   Thumb Code     8  stm32f10x_gpio.o(.text)
    GPIO_ReadOutputDataBit                   0x0800723d   Thumb Code    18  stm32f10x_gpio.o(.text)
    GPIO_ReadOutputData                      0x0800724f   Thumb Code     8  stm32f10x_gpio.o(.text)
    GPIO_SetBits                             0x08007257   Thumb Code     4  stm32f10x_gpio.o(.text)
    GPIO_ResetBits                           0x0800725b   Thumb Code     4  stm32f10x_gpio.o(.text)
    GPIO_WriteBit                            0x0800725f   Thumb Code    10  stm32f10x_gpio.o(.text)
    GPIO_Write                               0x08007269   Thumb Code     4  stm32f10x_gpio.o(.text)
    GPIO_PinLockConfig                       0x0800726d   Thumb Code    18  stm32f10x_gpio.o(.text)
    GPIO_EventOutputConfig                   0x0800727f   Thumb Code    26  stm32f10x_gpio.o(.text)
    GPIO_EventOutputCmd                      0x08007299   Thumb Code     6  stm32f10x_gpio.o(.text)
    GPIO_PinRemapConfig                      0x0800729f   Thumb Code   138  stm32f10x_gpio.o(.text)
    GPIO_EXTILineConfig                      0x08007329   Thumb Code    66  stm32f10x_gpio.o(.text)
    GPIO_ETH_MediaInterfaceConfig            0x0800736b   Thumb Code     8  stm32f10x_gpio.o(.text)
    RCC_DeInit                               0x08007399   Thumb Code    64  stm32f10x_rcc.o(.text)
    RCC_HSEConfig                            0x080073d9   Thumb Code    70  stm32f10x_rcc.o(.text)
    RCC_GetFlagStatus                        0x0800741f   Thumb Code    56  stm32f10x_rcc.o(.text)
    RCC_WaitForHSEStartUp                    0x08007457   Thumb Code    56  stm32f10x_rcc.o(.text)
    RCC_AdjustHSICalibrationValue            0x0800748f   Thumb Code    20  stm32f10x_rcc.o(.text)
    RCC_HSICmd                               0x080074a3   Thumb Code     6  stm32f10x_rcc.o(.text)
    RCC_PLLConfig                            0x080074a9   Thumb Code    24  stm32f10x_rcc.o(.text)
    RCC_PLLCmd                               0x080074c1   Thumb Code     6  stm32f10x_rcc.o(.text)
    RCC_SYSCLKConfig                         0x080074c7   Thumb Code    18  stm32f10x_rcc.o(.text)
    RCC_GetSYSCLKSource                      0x080074d9   Thumb Code    10  stm32f10x_rcc.o(.text)
    RCC_HCLKConfig                           0x080074e3   Thumb Code    18  stm32f10x_rcc.o(.text)
    RCC_PCLK1Config                          0x080074f5   Thumb Code    18  stm32f10x_rcc.o(.text)
    RCC_PCLK2Config                          0x08007507   Thumb Code    20  stm32f10x_rcc.o(.text)
    RCC_ITConfig                             0x0800751b   Thumb Code    26  stm32f10x_rcc.o(.text)
    RCC_USBCLKConfig                         0x08007535   Thumb Code     8  stm32f10x_rcc.o(.text)
    RCC_ADCCLKConfig                         0x0800753d   Thumb Code    18  stm32f10x_rcc.o(.text)
    RCC_LSEConfig                            0x0800754f   Thumb Code    50  stm32f10x_rcc.o(.text)
    RCC_LSICmd                               0x08007581   Thumb Code     6  stm32f10x_rcc.o(.text)
    RCC_RTCCLKConfig                         0x08007587   Thumb Code    12  stm32f10x_rcc.o(.text)
    RCC_RTCCLKCmd                            0x08007593   Thumb Code     8  stm32f10x_rcc.o(.text)
    RCC_GetClocksFreq                        0x0800759b   Thumb Code   192  stm32f10x_rcc.o(.text)
    RCC_AHBPeriphClockCmd                    0x0800765b   Thumb Code    26  stm32f10x_rcc.o(.text)
    RCC_APB2PeriphClockCmd                   0x08007675   Thumb Code    26  stm32f10x_rcc.o(.text)
    RCC_APB1PeriphClockCmd                   0x0800768f   Thumb Code    26  stm32f10x_rcc.o(.text)
    RCC_APB2PeriphResetCmd                   0x080076a9   Thumb Code    26  stm32f10x_rcc.o(.text)
    RCC_APB1PeriphResetCmd                   0x080076c3   Thumb Code    26  stm32f10x_rcc.o(.text)
    RCC_BackupResetCmd                       0x080076dd   Thumb Code     8  stm32f10x_rcc.o(.text)
    RCC_ClockSecuritySystemCmd               0x080076e5   Thumb Code     6  stm32f10x_rcc.o(.text)
    RCC_MCOConfig                            0x080076eb   Thumb Code     6  stm32f10x_rcc.o(.text)
    RCC_ClearFlag                            0x080076f1   Thumb Code    14  stm32f10x_rcc.o(.text)
    RCC_GetITStatus                          0x080076ff   Thumb Code    20  stm32f10x_rcc.o(.text)
    RCC_ClearITPendingBit                    0x08007713   Thumb Code     6  stm32f10x_rcc.o(.text)
    SPI_I2S_DeInit                           0x0800773d   Thumb Code    76  stm32f10x_spi.o(.text)
    SPI_Init                                 0x08007789   Thumb Code    60  stm32f10x_spi.o(.text)
    I2S_Init                                 0x080077c5   Thumb Code   226  stm32f10x_spi.o(.text)
    SPI_StructInit                           0x080078a7   Thumb Code    24  stm32f10x_spi.o(.text)
    I2S_StructInit                           0x080078bf   Thumb Code    20  stm32f10x_spi.o(.text)
    SPI_Cmd                                  0x080078d3   Thumb Code    24  stm32f10x_spi.o(.text)
    I2S_Cmd                                  0x080078eb   Thumb Code    24  stm32f10x_spi.o(.text)
    SPI_I2S_ITConfig                         0x08007903   Thumb Code    32  stm32f10x_spi.o(.text)
    SPI_I2S_DMACmd                           0x08007923   Thumb Code    18  stm32f10x_spi.o(.text)
    SPI_I2S_SendData                         0x08007935   Thumb Code     4  stm32f10x_spi.o(.text)
    SPI_I2S_ReceiveData                      0x08007939   Thumb Code     6  stm32f10x_spi.o(.text)
    SPI_NSSInternalSoftwareConfig            0x0800793f   Thumb Code    30  stm32f10x_spi.o(.text)
    SPI_SSOutputCmd                          0x0800795d   Thumb Code    24  stm32f10x_spi.o(.text)
    SPI_DataSizeConfig                       0x08007975   Thumb Code    18  stm32f10x_spi.o(.text)
    SPI_TransmitCRC                          0x08007987   Thumb Code    10  stm32f10x_spi.o(.text)
    SPI_CalculateCRC                         0x08007991   Thumb Code    24  stm32f10x_spi.o(.text)
    SPI_GetCRC                               0x080079a9   Thumb Code    16  stm32f10x_spi.o(.text)
    SPI_GetCRCPolynomial                     0x080079b9   Thumb Code     6  stm32f10x_spi.o(.text)
    SPI_BiDirectionalLineConfig              0x080079bf   Thumb Code    28  stm32f10x_spi.o(.text)
    SPI_I2S_GetFlagStatus                    0x080079db   Thumb Code    18  stm32f10x_spi.o(.text)
    SPI_I2S_ClearFlag                        0x080079ed   Thumb Code     6  stm32f10x_spi.o(.text)
    SPI_I2S_GetITStatus                      0x080079f3   Thumb Code    52  stm32f10x_spi.o(.text)
    SPI_I2S_ClearITPendingBit                0x08007a27   Thumb Code    20  stm32f10x_spi.o(.text)
    TIM_DeInit                               0x08007a49   Thumb Code   424  stm32f10x_tim.o(.text)
    TIM_TimeBaseInit                         0x08007bf1   Thumb Code   122  stm32f10x_tim.o(.text)
    TIM_OC1Init                              0x08007c6b   Thumb Code   132  stm32f10x_tim.o(.text)
    TIM_OC2Init                              0x08007cef   Thumb Code   154  stm32f10x_tim.o(.text)
    TIM_OC3Init                              0x08007d89   Thumb Code   150  stm32f10x_tim.o(.text)
    TIM_OC4Init                              0x08007e1f   Thumb Code   182  stm32f10x_tim.o(.text)
    TIM_SetIC4Prescaler                      0x08007ed5   Thumb Code    26  stm32f10x_tim.o(.text)
    TIM_SetIC3Prescaler                      0x08007f71   Thumb Code    18  stm32f10x_tim.o(.text)
    TIM_SetIC2Prescaler                      0x08007ffd   Thumb Code    26  stm32f10x_tim.o(.text)
    TIM_SetIC1Prescaler                      0x08008099   Thumb Code    18  stm32f10x_tim.o(.text)
    TIM_ICInit                               0x08008117   Thumb Code   150  stm32f10x_tim.o(.text)
    TIM_PWMIConfig                           0x080081ad   Thumb Code   124  stm32f10x_tim.o(.text)
    TIM_BDTRConfig                           0x08008229   Thumb Code    32  stm32f10x_tim.o(.text)
    TIM_TimeBaseStructInit                   0x08008249   Thumb Code    18  stm32f10x_tim.o(.text)
    TIM_OCStructInit                         0x0800825b   Thumb Code    20  stm32f10x_tim.o(.text)
    TIM_ICStructInit                         0x0800826f   Thumb Code    18  stm32f10x_tim.o(.text)
    TIM_BDTRStructInit                       0x08008281   Thumb Code    40  stm32f10x_tim.o(.text)
    TIM_Cmd                                  0x080082a9   Thumb Code    24  stm32f10x_tim.o(.text)
    TIM_CtrlPWMOutputs                       0x080082c1   Thumb Code    30  stm32f10x_tim.o(.text)
    TIM_ITConfig                             0x080082df   Thumb Code    18  stm32f10x_tim.o(.text)
    TIM_GenerateEvent                        0x080082f1   Thumb Code     4  stm32f10x_tim.o(.text)
    TIM_DMAConfig                            0x080082f5   Thumb Code    10  stm32f10x_tim.o(.text)
    TIM_DMACmd                               0x080082ff   Thumb Code    18  stm32f10x_tim.o(.text)
    TIM_InternalClockConfig                  0x08008311   Thumb Code    12  stm32f10x_tim.o(.text)
    TIM_SelectInputTrigger                   0x0800831d   Thumb Code    18  stm32f10x_tim.o(.text)
    TIM_ITRxExternalClockConfig              0x0800832f   Thumb Code    24  stm32f10x_tim.o(.text)
    TIM_TIxExternalClockConfig               0x08008347   Thumb Code    62  stm32f10x_tim.o(.text)
    TIM_ETRConfig                            0x08008385   Thumb Code    28  stm32f10x_tim.o(.text)
    TIM_ETRClockMode1Config                  0x080083a1   Thumb Code    54  stm32f10x_tim.o(.text)
    TIM_ETRClockMode2Config                  0x080083d7   Thumb Code    32  stm32f10x_tim.o(.text)
    TIM_PrescalerConfig                      0x080083f7   Thumb Code     6  stm32f10x_tim.o(.text)
    TIM_CounterModeConfig                    0x080083fd   Thumb Code    18  stm32f10x_tim.o(.text)
    TIM_EncoderInterfaceConfig               0x0800840f   Thumb Code    66  stm32f10x_tim.o(.text)
    TIM_ForcedOC1Config                      0x08008451   Thumb Code    18  stm32f10x_tim.o(.text)
    TIM_ForcedOC2Config                      0x08008463   Thumb Code    26  stm32f10x_tim.o(.text)
    TIM_ForcedOC3Config                      0x0800847d   Thumb Code    18  stm32f10x_tim.o(.text)
    TIM_ForcedOC4Config                      0x0800848f   Thumb Code    26  stm32f10x_tim.o(.text)
    TIM_ARRPreloadConfig                     0x080084a9   Thumb Code    24  stm32f10x_tim.o(.text)
    TIM_SelectCOM                            0x080084c1   Thumb Code    24  stm32f10x_tim.o(.text)
    TIM_SelectCCDMA                          0x080084d9   Thumb Code    24  stm32f10x_tim.o(.text)
    TIM_CCPreloadControl                     0x080084f1   Thumb Code    24  stm32f10x_tim.o(.text)
    TIM_OC1PreloadConfig                     0x08008509   Thumb Code    18  stm32f10x_tim.o(.text)
    TIM_OC2PreloadConfig                     0x0800851b   Thumb Code    26  stm32f10x_tim.o(.text)
    TIM_OC3PreloadConfig                     0x08008535   Thumb Code    18  stm32f10x_tim.o(.text)
    TIM_OC4PreloadConfig                     0x08008547   Thumb Code    26  stm32f10x_tim.o(.text)
    TIM_OC1FastConfig                        0x08008561   Thumb Code    18  stm32f10x_tim.o(.text)
    TIM_OC2FastConfig                        0x08008573   Thumb Code    26  stm32f10x_tim.o(.text)
    TIM_OC3FastConfig                        0x0800858d   Thumb Code    18  stm32f10x_tim.o(.text)
    TIM_OC4FastConfig                        0x0800859f   Thumb Code    26  stm32f10x_tim.o(.text)
    TIM_ClearOC1Ref                          0x080085b9   Thumb Code    18  stm32f10x_tim.o(.text)
    TIM_ClearOC2Ref                          0x080085cb   Thumb Code    24  stm32f10x_tim.o(.text)
    TIM_ClearOC3Ref                          0x080085e3   Thumb Code    18  stm32f10x_tim.o(.text)
    TIM_ClearOC4Ref                          0x080085f5   Thumb Code    24  stm32f10x_tim.o(.text)
    TIM_OC1PolarityConfig                    0x0800860d   Thumb Code    18  stm32f10x_tim.o(.text)
    TIM_OC1NPolarityConfig                   0x0800861f   Thumb Code    18  stm32f10x_tim.o(.text)
    TIM_OC2PolarityConfig                    0x08008631   Thumb Code    26  stm32f10x_tim.o(.text)
    TIM_OC2NPolarityConfig                   0x0800864b   Thumb Code    26  stm32f10x_tim.o(.text)
    TIM_OC3PolarityConfig                    0x08008665   Thumb Code    26  stm32f10x_tim.o(.text)
    TIM_OC3NPolarityConfig                   0x0800867f   Thumb Code    26  stm32f10x_tim.o(.text)
    TIM_OC4PolarityConfig                    0x08008699   Thumb Code    26  stm32f10x_tim.o(.text)
    TIM_CCxCmd                               0x080086b3   Thumb Code    30  stm32f10x_tim.o(.text)
    TIM_CCxNCmd                              0x080086d1   Thumb Code    30  stm32f10x_tim.o(.text)
    TIM_SelectOCxM                           0x080086ef   Thumb Code    82  stm32f10x_tim.o(.text)
    TIM_UpdateDisableConfig                  0x08008741   Thumb Code    24  stm32f10x_tim.o(.text)
    TIM_UpdateRequestConfig                  0x08008759   Thumb Code    24  stm32f10x_tim.o(.text)
    TIM_SelectHallSensor                     0x08008771   Thumb Code    24  stm32f10x_tim.o(.text)
    TIM_SelectOnePulseMode                   0x08008789   Thumb Code    18  stm32f10x_tim.o(.text)
    TIM_SelectOutputTrigger                  0x0800879b   Thumb Code    18  stm32f10x_tim.o(.text)
    TIM_SelectSlaveMode                      0x080087ad   Thumb Code    18  stm32f10x_tim.o(.text)
    TIM_SelectMasterSlaveMode                0x080087bf   Thumb Code    18  stm32f10x_tim.o(.text)
    TIM_SetCounter                           0x080087d1   Thumb Code     4  stm32f10x_tim.o(.text)
    TIM_SetAutoreload                        0x080087d5   Thumb Code     4  stm32f10x_tim.o(.text)
    TIM_SetCompare1                          0x080087d9   Thumb Code     4  stm32f10x_tim.o(.text)
    TIM_SetCompare2                          0x080087dd   Thumb Code     4  stm32f10x_tim.o(.text)
    TIM_SetCompare3                          0x080087e1   Thumb Code     4  stm32f10x_tim.o(.text)
    TIM_SetCompare4                          0x080087e5   Thumb Code     6  stm32f10x_tim.o(.text)
    TIM_SetClockDivision                     0x080087eb   Thumb Code    18  stm32f10x_tim.o(.text)
    TIM_GetCapture1                          0x080087fd   Thumb Code     6  stm32f10x_tim.o(.text)
    TIM_GetCapture2                          0x08008803   Thumb Code     6  stm32f10x_tim.o(.text)
    TIM_GetCapture3                          0x08008809   Thumb Code     6  stm32f10x_tim.o(.text)
    TIM_GetCapture4                          0x0800880f   Thumb Code     8  stm32f10x_tim.o(.text)
    TIM_GetCounter                           0x08008817   Thumb Code     6  stm32f10x_tim.o(.text)
    TIM_GetPrescaler                         0x0800881d   Thumb Code     6  stm32f10x_tim.o(.text)
    TIM_GetFlagStatus                        0x08008823   Thumb Code    18  stm32f10x_tim.o(.text)
    TIM_ClearFlag                            0x08008835   Thumb Code     6  stm32f10x_tim.o(.text)
    TIM_GetITStatus                          0x0800883b   Thumb Code    34  stm32f10x_tim.o(.text)
    TIM_ClearITPendingBit                    0x0800885d   Thumb Code     6  stm32f10x_tim.o(.text)
    USART_DeInit                             0x08008865   Thumb Code   134  stm32f10x_usart.o(.text)
    USART_Init                               0x080088eb   Thumb Code   210  stm32f10x_usart.o(.text)
    USART_StructInit                         0x080089bd   Thumb Code    24  stm32f10x_usart.o(.text)
    USART_ClockInit                          0x080089d5   Thumb Code    34  stm32f10x_usart.o(.text)
    USART_ClockStructInit                    0x080089f7   Thumb Code    12  stm32f10x_usart.o(.text)
    USART_Cmd                                0x08008a03   Thumb Code    24  stm32f10x_usart.o(.text)
    USART_ITConfig                           0x08008a1b   Thumb Code    74  stm32f10x_usart.o(.text)
    USART_DMACmd                             0x08008a65   Thumb Code    18  stm32f10x_usart.o(.text)
    USART_SetAddress                         0x08008a77   Thumb Code    18  stm32f10x_usart.o(.text)
    USART_WakeUpConfig                       0x08008a89   Thumb Code    18  stm32f10x_usart.o(.text)
    USART_ReceiverWakeUpCmd                  0x08008a9b   Thumb Code    24  stm32f10x_usart.o(.text)
    USART_LINBreakDetectLengthConfig         0x08008ab3   Thumb Code    18  stm32f10x_usart.o(.text)
    USART_LINCmd                             0x08008ac5   Thumb Code    24  stm32f10x_usart.o(.text)
    USART_SendData                           0x08008add   Thumb Code     8  stm32f10x_usart.o(.text)
    USART_ReceiveData                        0x08008ae5   Thumb Code    10  stm32f10x_usart.o(.text)
    USART_SendBreak                          0x08008aef   Thumb Code    10  stm32f10x_usart.o(.text)
    USART_SetGuardTime                       0x08008af9   Thumb Code    16  stm32f10x_usart.o(.text)
    USART_SetPrescaler                       0x08008b09   Thumb Code    16  stm32f10x_usart.o(.text)
    USART_SmartCardCmd                       0x08008b19   Thumb Code    24  stm32f10x_usart.o(.text)
    USART_SmartCardNACKCmd                   0x08008b31   Thumb Code    24  stm32f10x_usart.o(.text)
    USART_HalfDuplexCmd                      0x08008b49   Thumb Code    24  stm32f10x_usart.o(.text)
    USART_OverSampling8Cmd                   0x08008b61   Thumb Code    22  stm32f10x_usart.o(.text)
    USART_OneBitMethodCmd                    0x08008b77   Thumb Code    24  stm32f10x_usart.o(.text)
    USART_IrDAConfig                         0x08008b8f   Thumb Code    18  stm32f10x_usart.o(.text)
    USART_IrDACmd                            0x08008ba1   Thumb Code    24  stm32f10x_usart.o(.text)
    USART_GetFlagStatus                      0x08008bb9   Thumb Code    26  stm32f10x_usart.o(.text)
    USART_ClearFlag                          0x08008bd3   Thumb Code    18  stm32f10x_usart.o(.text)
    USART_GetITStatus                        0x08008be5   Thumb Code    84  stm32f10x_usart.o(.text)
    USART_ClearITPendingBit                  0x08008c39   Thumb Code    52  stm32f10x_usart.o(.text)
    EXTI_DeInit                              0x08008c6d   Thumb Code    28  stm32f10x_exti.o(.text)
    EXTI_Init                                0x08008c89   Thumb Code   142  stm32f10x_exti.o(.text)
    EXTI_StructInit                          0x08008d17   Thumb Code    16  stm32f10x_exti.o(.text)
    EXTI_GenerateSWInterrupt                 0x08008d27   Thumb Code    16  stm32f10x_exti.o(.text)
    EXTI_GetFlagStatus                       0x08008d37   Thumb Code    22  stm32f10x_exti.o(.text)
    EXTI_ClearFlag                           0x08008d4d   Thumb Code     8  stm32f10x_exti.o(.text)
    EXTI_GetITStatus                         0x08008d55   Thumb Code    34  stm32f10x_exti.o(.text)
    EXTI_ClearITPendingBit                   0x08008d77   Thumb Code     8  stm32f10x_exti.o(.text)
    mymemcpy                                 0x08008d89   Thumb Code    26  malloc.o(.text)
    mymemset                                 0x08008da3   Thumb Code    20  malloc.o(.text)
    mem_init                                 0x08008db7   Thumb Code    54  malloc.o(.text)
    mem_perused                              0x08008ded   Thumb Code    54  malloc.o(.text)
    mem_malloc                               0x08008e23   Thumb Code   162  malloc.o(.text)
    mem_free                                 0x08008ec5   Thumb Code    94  malloc.o(.text)
    myfree                                   0x08008f23   Thumb Code    32  malloc.o(.text)
    mymalloc                                 0x08008f43   Thumb Code    36  malloc.o(.text)
    myrealloc                                0x08008f67   Thumb Code    68  malloc.o(.text)
    disk_initialize                          0x08008fbd   Thumb Code    90  diskio.o(.text)
    disk_status                              0x08009017   Thumb Code     6  diskio.o(.text)
    disk_read                                0x0800901d   Thumb Code   122  diskio.o(.text)
    disk_write                               0x08009097   Thumb Code   102  diskio.o(.text)
    disk_ioctl                               0x080090fd   Thumb Code   154  diskio.o(.text)
    get_fattime                              0x08009197   Thumb Code     4  diskio.o(.text)
    ff_memalloc                              0x0800919b   Thumb Code    14  diskio.o(.text)
    ff_memfree                               0x080091a9   Thumb Code    14  diskio.o(.text)
    clust2sect                               0x08009369   Thumb Code    26  ff.o(.text)
    get_fat                                  0x08009383   Thumb Code   228  ff.o(.text)
    put_fat                                  0x08009467   Thumb Code   310  ff.o(.text)
    dir_sdi                                  0x08009701   Thumb Code   156  ff.o(.text)
    gen_numname                              0x08009a29   Thumb Code   190  ff.o(.text)
    f_mount                                  0x0800a7c1   Thumb Code    38  ff.o(.text)
    f_open                                   0x0800a7e7   Thumb Code   396  ff.o(.text)
    f_read                                   0x0800a973   Thumb Code   476  ff.o(.text)
    f_write                                  0x0800ab4f   Thumb Code   550  ff.o(.text)
    f_sync                                   0x0800ad75   Thumb Code   184  ff.o(.text)
    f_close                                  0x0800ae2d   Thumb Code    22  ff.o(.text)
    f_chdrive                                0x0800ae43   Thumb Code    18  ff.o(.text)
    f_chdir                                  0x0800ae55   Thumb Code   124  ff.o(.text)
    f_lseek                                  0x0800aed1   Thumb Code   734  ff.o(.text)
    f_opendir                                0x0800b1af   Thumb Code   142  ff.o(.text)
    f_readdir                                0x0800b23d   Thumb Code   112  ff.o(.text)
    f_stat                                   0x0800b2ad   Thumb Code    82  ff.o(.text)
    f_getfree                                0x0800b2ff   Thumb Code   276  ff.o(.text)
    f_truncate                               0x0800b413   Thumb Code   156  ff.o(.text)
    f_unlink                                 0x0800b4af   Thumb Code   222  ff.o(.text)
    f_mkdir                                  0x0800b58d   Thumb Code   432  ff.o(.text)
    f_chmod                                  0x0800b73d   Thumb Code   126  ff.o(.text)
    f_utime                                  0x0800b7bb   Thumb Code   124  ff.o(.text)
    f_rename                                 0x0800b837   Thumb Code   332  ff.o(.text)
    f_mkfs                                   0x0800b983   Thumb Code  1584  ff.o(.text)
    f_gets                                   0x0800bfb3   Thumb Code    78  ff.o(.text)
    f_putc                                   0x0800c001   Thumb Code    38  ff.o(.text)
    f_puts                                   0x0800c027   Thumb Code    42  ff.o(.text)
    f_printf                                 0x0800c051   Thumb Code   708  ff.o(.text)
    exfuns_init                              0x0800c315   Thumb Code   110  exfuns.o(.text)
    char_upper                               0x0800c383   Thumb Code    26  exfuns.o(.text)
    f_typetell                               0x0800c39d   Thumb Code   188  exfuns.o(.text)
    exf_getfree                              0x0800c459   Thumb Code    74  exfuns.o(.text)
    mf_mount                                 0x0800c4b9   Thumb Code    18  fattester.o(.text)
    mf_open                                  0x0800c4cb   Thumb Code    24  fattester.o(.text)
    mf_close                                 0x0800c4e3   Thumb Code    14  fattester.o(.text)
    mf_read                                  0x0800c4f1   Thumb Code   224  fattester.o(.text)
    mf_write                                 0x0800c5d1   Thumb Code    68  fattester.o(.text)
    mf_opendir                               0x0800c615   Thumb Code    14  fattester.o(.text)
    mf_readdir                               0x0800c623   Thumb Code   204  fattester.o(.text)
    mf_scan_files                            0x0800c6ef   Thumb Code   120  fattester.o(.text)
    mf_showfree                              0x0800c767   Thumb Code    88  fattester.o(.text)
    mf_lseek                                 0x0800c7bf   Thumb Code    16  fattester.o(.text)
    mf_tell                                  0x0800c7cf   Thumb Code     8  fattester.o(.text)
    mf_size                                  0x0800c7d7   Thumb Code     8  fattester.o(.text)
    mf_mkdir                                 0x0800c7df   Thumb Code    12  fattester.o(.text)
    mf_fmkfs                                 0x0800c7eb   Thumb Code    20  fattester.o(.text)
    mf_unlink                                0x0800c7ff   Thumb Code    12  fattester.o(.text)
    mf_rename                                0x0800c80b   Thumb Code    16  fattester.o(.text)
    mf_gets                                  0x0800c81b   Thumb Code    38  fattester.o(.text)
    mf_putc                                  0x0800c841   Thumb Code    18  fattester.o(.text)
    mf_puts                                  0x0800c853   Thumb Code    18  fattester.o(.text)
    ff_convert                               0x0800ca91   Thumb Code   146  mycc936.o(.text)
    ff_wtoupper                              0x0800cb23   Thumb Code    46  mycc936.o(.text)
    usmart_sys_cmd_exe                       0x0800cb5d   Thumb Code  1554  usmart.o(.text)
    usmart_reset_runtime                     0x0800d16f   Thumb Code    34  usmart.o(.text)
    usmart_get_runtime                       0x0800d191   Thumb Code    58  usmart.o(.text)
    TIM2_IRQHandler                          0x0800d1cb   Thumb Code    52  usmart.o(.text)
    Timer2_Init                              0x0800d1ff   Thumb Code    90  usmart.o(.text)
    usmart_init                              0x0800d259   Thumb Code    36  usmart.o(.text)
    usmart_cmd_rec                           0x0800d27d   Thumb Code   170  usmart.o(.text)
    usmart_exe                               0x0800d327   Thumb Code   864  usmart.o(.text)
    usmart_scan                              0x0800d687   Thumb Code   120  usmart.o(.text)
    read_addr                                0x0800d6ff   Thumb Code     6  usmart.o(.text)
    write_addr                               0x0800d705   Thumb Code     4  usmart.o(.text)
    usmart_strcmp                            0x0800d791   Thumb Code    34  usmart_str.o(.text)
    usmart_strcopy                           0x0800d7b3   Thumb Code    22  usmart_str.o(.text)
    usmart_strlen                            0x0800d7c9   Thumb Code    24  usmart_str.o(.text)
    usmart_pow                               0x0800d7e1   Thumb Code    22  usmart_str.o(.text)
    usmart_str2num                           0x0800d7f7   Thumb Code   202  usmart_str.o(.text)
    usmart_get_cmdname                       0x0800d8c1   Thumb Code    54  usmart_str.o(.text)
    usmart_search_nextc                      0x0800d8f7   Thumb Code    22  usmart_str.o(.text)
    usmart_get_fname                         0x0800d90d   Thumb Code   440  usmart_str.o(.text)
    usmart_get_aparm                         0x0800dac5   Thumb Code   200  usmart_str.o(.text)
    usmart_get_parmpos                       0x0800db8d   Thumb Code    26  usmart_str.o(.text)
    usmart_get_fparam                        0x0800dba7   Thumb Code   262  usmart_str.o(.text)
    Get_HzMat                                0x0800dcb9   Thumb Code   150  text.o(.text)
    Show_Font                                0x0800dd4f   Thumb Code   244  text.o(.text)
    Show_Str                                 0x0800de43   Thumb Code   192  text.o(.text)
    Show_Str_Mid                             0x0800df03   Thumb Code   106  text.o(.text)
    stdbmp_decode                            0x0800df79   Thumb Code   720  bmp.o(.text)
    minibmp_decode                           0x0800e249   Thumb Code   940  bmp.o(.text)
    printfBmpFileInfo                        0x0800e5f5   Thumb Code    30  bmp.o(.text)
    printfBmpInfo                            0x0800e613   Thumb Code    66  bmp.o(.text)
    gif_check_head                           0x0800e73d   Thumb Code    88  gif.o(.text)
    gif_getrgb565                            0x0800e795   Thumb Code    28  gif.o(.text)
    gif_readcolortbl                         0x0800e7b1   Thumb Code    64  gif.o(.text)
    gif_getinfo                              0x0800e7f1   Thumb Code    70  gif.o(.text)
    gif_savegctbl                            0x0800e837   Thumb Code    38  gif.o(.text)
    gif_recovergctbl                         0x0800e85d   Thumb Code    38  gif.o(.text)
    gif_initlzw                              0x0800e883   Thumb Code   152  gif.o(.text)
    gif_getdatablock                         0x0800e91b   Thumb Code    96  gif.o(.text)
    gif_readextension                        0x0800e97b   Thumb Code   160  gif.o(.text)
    gif_getnextcode                          0x0800ea1b   Thumb Code   452  gif.o(.text)
    gif_getnextbyte                          0x0800ebdf   Thumb Code   856  gif.o(.text)
    gif_dispimage                            0x0800ef37   Thumb Code   544  gif.o(.text)
    gif_clear2bkcolor                        0x0800f157   Thumb Code   496  gif.o(.text)
    gif_drawimage                            0x0800f347   Thumb Code   352  gif.o(.text)
    gif_quit                                 0x0800f4a7   Thumb Code     8  gif.o(.text)
    gif_decode                               0x0800f4af   Thumb Code   306  gif.o(.text)
    piclib_draw_hline                        0x0800f5e5   Thumb Code    52  piclib.o(.text)
    piclib_init                              0x0800f619   Thumb Code    68  piclib.o(.text)
    piclib_alpha_blend                       0x0800f65d   Thumb Code    42  piclib.o(.text)
    ai_draw_init                             0x0800f687   Thumb Code   264  piclib.o(.text)
    is_element_ok                            0x0800f78f   Thumb Code    36  piclib.o(.text)
    ai_load_picfile                          0x0800f7b3   Thumb Code   206  piclib.o(.text)
    jd_prepare                               0x08010449   Thumb Code   924  tjpgd.o(.text)
    jd_decomp                                0x080107e5   Thumb Code   162  tjpgd.o(.text)
    jpeg_mallocall                           0x08010887   Thumb Code    76  tjpgd.o(.text)
    jpeg_freeall                             0x080108d3   Thumb Code    34  tjpgd.o(.text)
    jpeg_in_func                             0x080108f5   Thumb Code    48  tjpgd.o(.text)
    jpeg_out_func_fill                       0x08010925   Thumb Code   102  tjpgd.o(.text)
    jpeg_out_func_point                      0x0801098b   Thumb Code   182  tjpgd.o(.text)
    jpg_decode                               0x08010a41   Thumb Code   268  tjpgd.o(.text)
    strlen                                   0x08010b61   Thumb Code    14  strlen.o(.text)
    strcmp                                   0x08010b6f   Thumb Code    28  strcmp.o(.text)
    strcpy                                   0x08010b8b   Thumb Code    18  strcpy.o(.text)
    __aeabi_fadd                             0x08010b9d   Thumb Code   164  fadd.o(.text)
    __aeabi_fsub                             0x08010c41   Thumb Code     6  fadd.o(.text)
    __aeabi_frsub                            0x08010c47   Thumb Code     6  fadd.o(.text)
    __aeabi_fmul                             0x08010c4d   Thumb Code   100  fmul.o(.text)
    __aeabi_fdiv                             0x08010cb1   Thumb Code   124  fdiv.o(.text)
    __aeabi_dadd                             0x08010d2d   Thumb Code   322  dadd.o(.text)
    __aeabi_dsub                             0x08010e6f   Thumb Code     6  dadd.o(.text)
    __aeabi_drsub                            0x08010e75   Thumb Code     6  dadd.o(.text)
    __aeabi_dmul                             0x08010e7b   Thumb Code   228  dmul.o(.text)
    __aeabi_ddiv                             0x08010f5f   Thumb Code   222  ddiv.o(.text)
    __aeabi_ui2f                             0x0801103d   Thumb Code    10  ffltui.o(.text)
    __aeabi_f2uiz                            0x08011047   Thumb Code    40  ffixui.o(.text)
    __aeabi_cdrcmple                         0x08011071   Thumb Code    48  cdrcmple.o(.text)
    __aeabi_cfcmpeq                          0x080110a1   Thumb Code     0  cfcmple.o(.text)
    __aeabi_cfcmple                          0x080110a1   Thumb Code    20  cfcmple.o(.text)
    __aeabi_cfrcmple                         0x080110b5   Thumb Code    20  cfrcmple.o(.text)
    __aeabi_uidiv                            0x080110c9   Thumb Code     0  uidiv.o(.text)
    __aeabi_uidivmod                         0x080110c9   Thumb Code    44  uidiv.o(.text)
    __aeabi_uldivmod                         0x080110f5   Thumb Code    98  uldiv.o(.text)
    __aeabi_llsl                             0x08011157   Thumb Code    30  llshl.o(.text)
    _ll_shift_l                              0x08011157   Thumb Code     0  llshl.o(.text)
    __aeabi_llsr                             0x08011175   Thumb Code    32  llushr.o(.text)
    _ll_ushift_r                             0x08011175   Thumb Code     0  llushr.o(.text)
    __aeabi_lasr                             0x08011195   Thumb Code    36  llsshr.o(.text)
    _ll_sshift_r                             0x08011195   Thumb Code     0  llsshr.o(.text)
    __I$use$fp                               0x080111b9   Thumb Code     0  iusefp.o(.text)
    _float_round                             0x080111b9   Thumb Code    18  fepilogue.o(.text)
    _float_epilogue                          0x080111cb   Thumb Code    92  fepilogue.o(.text)
    _double_round                            0x08011227   Thumb Code    30  depilogue.o(.text)
    _double_epilogue                         0x08011245   Thumb Code   156  depilogue.o(.text)
    __aeabi_d2ulz                            0x080112e1   Thumb Code    48  dfixul.o(.text)
    __scatterload                            0x08011311   Thumb Code    28  init.o(.text)
    __scatterload_rt2                        0x08011311   Thumb Code     0  init.o(.text)
    __decompress                             0x08011335   Thumb Code     0  __dczerorl2.o(.text)
    __decompress1                            0x08011335   Thumb Code    86  __dczerorl2.o(.text)
    __0printf                                0x0801138d   Thumb Code    22  printfa.o(i.__0printf)
    __1printf                                0x0801138d   Thumb Code     0  printfa.o(i.__0printf)
    __2printf                                0x0801138d   Thumb Code     0  printfa.o(i.__0printf)
    __c89printf                              0x0801138d   Thumb Code     0  printfa.o(i.__0printf)
    printf                                   0x0801138d   Thumb Code     0  printfa.o(i.__0printf)
    __scatterload_copy                       0x080113ad   Thumb Code    14  handlers.o(i.__scatterload_copy)
    __scatterload_null                       0x080113bb   Thumb Code     2  handlers.o(i.__scatterload_null)
    __scatterload_zeroinit                   0x080113bd   Thumb Code    14  handlers.o(i.__scatterload_zeroinit)
    asc2_1206                                0x08011c5e   Data        1140  lcd.o(.constdata)
    asc2_1608                                0x080120d2   Data        1520  lcd.o(.constdata)
    ov7725_init_reg_tb1                      0x080126c2   Data         130  ov7725.o(.constdata)
    memtblsize                               0x08012744   Data           8  malloc.o(.constdata)
    memblksize                               0x0801274c   Data           8  malloc.o(.constdata)
    memsize                                  0x08012754   Data           8  malloc.o(.constdata)
    _aMaskTbl                                0x08012b56   Data          32  gif.o(.constdata)
    _aInterlaceOffset                        0x08012b76   Data           4  gif.o(.constdata)
    _aInterlaceYPos                          0x08012b7a   Data           4  gif.o(.constdata)
    Region$$Table$$Base                      0x08013510   Number         0  anon$$obj.o(Region$$Table)
    Region$$Table$$Limit                     0x08013530   Number         0  anon$$obj.o(Region$$Table)
    res_sd                                   0x20000000   Data           1  main.o(.data)
    fnum                                     0x20000004   Data           4  main.o(.data)
    SystemCoreClock                          0x20000008   Data           4  system_stm32f10x.o(.data)
    AHBPrescTable                            0x2000000c   Data          16  system_stm32f10x.o(.data)
    ov_sta                                   0x2000001c   Data           1  exti_1.o(.data)
    POINT_COLOR                              0x2000001e   Data           2  lcd.o(.data)
    BACK_COLOR                               0x20000020   Data           2  lcd.o(.data)
    SPI_FLASH_TYPE                           0x20000022   Data           2  flash.o(.data)
    SD_Type                                  0x20000024   Data           1  mmc_sd.o(.data)
    __stdout                                 0x2000002c   Data           4  usart.o(.data)
    USART_RX_STA                             0x20000030   Data           2  usart.o(.data)
    USART2_RX_STA                            0x20000032   Data           2  usart.o(.data)
    mallco_dev                               0x20000048   Data          28  malloc.o(.data)
    FLASH_SECTOR_COUNT                       0x20000064   Data           2  diskio.o(.data)
    FILE_TYPE_TBL                            0x20000074   Data         312  exfuns.o(.data)
    fs                                       0x200001ac   Data           8  exfuns.o(.data)
    file                                     0x200001b4   Data           4  exfuns.o(.data)
    ftemp                                    0x200001b8   Data           4  exfuns.o(.data)
    br                                       0x200001bc   Data           4  exfuns.o(.data)
    bw                                       0x200001c0   Data           4  exfuns.o(.data)
    fatbuf                                   0x200001c4   Data           4  exfuns.o(.data)
    sys_cmd_tab                              0x200001c8   Data          28  usmart.o(.data)
    usmart_nametab                           0x200001e4   Data         256  usmart_config.o(.data)
    usmart_dev                               0x200002e4   Data         244  usmart_config.o(.data)
    gifdecoding                              0x200003d8   Data           1  gif.o(.data)
    f_jpeg                                   0x200003dc   Data           4  tjpgd.o(.data)
    jpeg_dev                                 0x200003e0   Data           4  tjpgd.o(.data)
    jpg_buffer                               0x200003e4   Data           4  tjpgd.o(.data)
    fnew                                     0x200003e8   Data         552  main.o(.bss)
    data                                     0x20000610   Data          11  crc16.o(.bss)
    res                                      0x2000061b   Data          22  crc16.o(.bss)
    lcddev                                   0x20000632   Data          14  lcd.o(.bss)
    SPI_FLASH_BUF                            0x20000640   Data        4096  flash.o(.bss)
    USART_RX_BUF                             0x20001640   Data         200  usart.o(.bss)
    USART2_RX_BUF                            0x20001708   Data         200  usart.o(.bss)
    mem1base                                 0x200017d0   Data       40960  malloc.o(.bss)
    mem1mapbase                              0x2000b7d0   Data        2560  malloc.o(.bss)
    fileinfo                                 0x2000c1d0   Data          32  exfuns.o(.bss)
    dir                                      0x2000c1f0   Data          36  exfuns.o(.bss)
    ftinfo                                   0x2000c214   Data          25  fontupd.o(.bss)
    picinfo                                  0x2000c230   Data          40  piclib.o(.bss)
    pic_phy                                  0x2000c258   Data          28  piclib.o(.bss)
    __initial_sp                             0x2000c678   Data           0  startup_stm32f10x_hd.o(STACK)
    mem2base                                 0x68000000   Data       196608  malloc.o(.ARM.__AT_0x68000000)
    mem2mapbase                              0x68030000   Data       12288  malloc.o(.ARM.__AT_0x68030000)



==============================================================================

Memory Map of the image

  Image Entry point : 0x08000131

  Load Region LR_IROM1 (Base: 0x08000000, Size: 0x00013918, Max: 0x00080000, ABSOLUTE, COMPRESSED[0x000136b4])

    Execution Region ER_IROM1 (Base: 0x08000000, Size: 0x00013530, Max: 0x00080000, ABSOLUTE)

    Base Addr    Size         Type   Attr      Idx    E Section Name        Object

    0x08000000   0x00000130   Data   RO          448    RESET               startup_stm32f10x_hd.o
    0x08000130   0x00000000   Code   RO          872  * .ARM.Collect$$$$00000000  mc_w.l(entry.o)
    0x08000130   0x00000004   Code   RO         1197    .ARM.Collect$$$$00000001  mc_w.l(entry2.o)
    0x08000134   0x00000004   Code   RO         1200    .ARM.Collect$$$$00000004  mc_w.l(entry5.o)
    0x08000138   0x00000000   Code   RO         1202    .ARM.Collect$$$$00000008  mc_w.l(entry7b.o)
    0x08000138   0x00000000   Code   RO         1204    .ARM.Collect$$$$0000000A  mc_w.l(entry8b.o)
    0x08000138   0x00000008   Code   RO         1205    .ARM.Collect$$$$0000000B  mc_w.l(entry9a.o)
    0x08000140   0x00000000   Code   RO         1207    .ARM.Collect$$$$0000000D  mc_w.l(entry10a.o)
    0x08000140   0x00000000   Code   RO         1209    .ARM.Collect$$$$0000000F  mc_w.l(entry11a.o)
    0x08000140   0x00000004   Code   RO         1198    .ARM.Collect$$$$00002712  mc_w.l(entry2.o)
    0x08000144   0x00000498   Code   RO            1    .text               main.o
    0x080005dc   0x0000001a   Code   RO          128    .text               stm32f10x_it.o
    0x080005f6   0x00000002   PAD
    0x080005f8   0x000001e0   Code   RO          160    .text               system_stm32f10x.o
    0x080007d8   0x00000278   Code   RO          178    .text               exti_1.o
    0x08000a50   0x000000b0   Code   RO          226    .text               crc16.o
    0x08000b00   0x000000fc   Code   RO          253    .text               key.o
    0x08000bfc   0x0000481e   Code   RO          266    .text               lcd.o
    0x0800541a   0x00000002   PAD
    0x0800541c   0x00000108   Code   RO          289    .text               spi.o
    0x08005524   0x00000384   Code   RO          304    .text               flash.o
    0x080058a8   0x00000560   Code   RO          338    .text               mmc_sd.o
    0x08005e08   0x00000294   Code   RO          356    .text               sccb.o
    0x0800609c   0x00000562   Code   RO          368    .text               ov7725.o
    0x080065fe   0x00000002   PAD
    0x08006600   0x000000d4   Code   RO          386    .text               delay.o
    0x080066d4   0x0000025c   Code   RO          412    .text               usart.o
    0x08006930   0x00000024   Code   RO          449    .text               startup_stm32f10x_hd.o
    0x08006954   0x000000dc   Code   RO          453    .text               misc.o
    0x08006a30   0x0000060c   Code   RO          465    .text               stm32f10x_fsmc.o
    0x0800703c   0x0000035c   Code   RO          477    .text               stm32f10x_gpio.o
    0x08007398   0x000003a4   Code   RO          489    .text               stm32f10x_rcc.o
    0x0800773c   0x0000030c   Code   RO          503    .text               stm32f10x_spi.o
    0x08007a48   0x00000e1a   Code   RO          515    .text               stm32f10x_tim.o
    0x08008862   0x00000002   PAD
    0x08008864   0x00000408   Code   RO          527    .text               stm32f10x_usart.o
    0x08008c6c   0x0000011c   Code   RO          539    .text               stm32f10x_exti.o
    0x08008d88   0x00000234   Code   RO          551    .text               malloc.o
    0x08008fbc   0x00000208   Code   RO          573    .text               diskio.o
    0x080091c4   0x00003150   Code   RO          603    .text               ff.o
    0x0800c314   0x000001a4   Code   RO          621    .text               exfuns.o
    0x0800c4b8   0x000005d8   Code   RO          651    .text               fattester.o
    0x0800ca90   0x000000cc   Code   RO          677    .text               mycc936.o
    0x0800cb5c   0x00000c34   Code   RO          694    .text               usmart.o
    0x0800d790   0x00000528   Code   RO          729    .text               usmart_str.o
    0x0800dcb8   0x000002c0   Code   RO          761    .text               text.o
    0x0800df78   0x000007c4   Code   RO          776    .text               bmp.o
    0x0800e73c   0x00000ea8   Code   RO          788    .text               gif.o
    0x0800f5e4   0x000002c4   Code   RO          807    .text               piclib.o
    0x0800f8a8   0x000012b8   Code   RO          825    .text               tjpgd.o
    0x08010b60   0x0000000e   Code   RO          877    .text               mc_w.l(strlen.o)
    0x08010b6e   0x0000001c   Code   RO          879    .text               mc_w.l(strcmp.o)
    0x08010b8a   0x00000012   Code   RO          881    .text               mc_w.l(strcpy.o)
    0x08010b9c   0x000000b0   Code   RO         1146    .text               mf_w.l(fadd.o)
    0x08010c4c   0x00000064   Code   RO         1148    .text               mf_w.l(fmul.o)
    0x08010cb0   0x0000007c   Code   RO         1150    .text               mf_w.l(fdiv.o)
    0x08010d2c   0x0000014e   Code   RO         1152    .text               mf_w.l(dadd.o)
    0x08010e7a   0x000000e4   Code   RO         1154    .text               mf_w.l(dmul.o)
    0x08010f5e   0x000000de   Code   RO         1156    .text               mf_w.l(ddiv.o)
    0x0801103c   0x0000000a   Code   RO         1158    .text               mf_w.l(ffltui.o)
    0x08011046   0x00000028   Code   RO         1164    .text               mf_w.l(ffixui.o)
    0x0801106e   0x00000002   PAD
    0x08011070   0x00000030   Code   RO         1172    .text               mf_w.l(cdrcmple.o)
    0x080110a0   0x00000014   Code   RO         1174    .text               mf_w.l(cfcmple.o)
    0x080110b4   0x00000014   Code   RO         1176    .text               mf_w.l(cfrcmple.o)
    0x080110c8   0x0000002c   Code   RO         1211    .text               mc_w.l(uidiv.o)
    0x080110f4   0x00000062   Code   RO         1213    .text               mc_w.l(uldiv.o)
    0x08011156   0x0000001e   Code   RO         1215    .text               mc_w.l(llshl.o)
    0x08011174   0x00000020   Code   RO         1217    .text               mc_w.l(llushr.o)
    0x08011194   0x00000024   Code   RO         1219    .text               mc_w.l(llsshr.o)
    0x080111b8   0x00000000   Code   RO         1228    .text               mc_w.l(iusefp.o)
    0x080111b8   0x0000006e   Code   RO         1229    .text               mf_w.l(fepilogue.o)
    0x08011226   0x000000ba   Code   RO         1231    .text               mf_w.l(depilogue.o)
    0x080112e0   0x00000030   Code   RO         1237    .text               mf_w.l(dfixul.o)
    0x08011310   0x00000024   Code   RO         1241    .text               mc_w.l(init.o)
    0x08011334   0x00000056   Code   RO         1251    .text               mc_w.l(__dczerorl2.o)
    0x0801138a   0x00000002   PAD
    0x0801138c   0x00000020   Code   RO         1118    i.__0printf         mc_w.l(printfa.o)
    0x080113ac   0x0000000e   Code   RO         1245    i.__scatterload_copy  mc_w.l(handlers.o)
    0x080113ba   0x00000002   Code   RO         1246    i.__scatterload_null  mc_w.l(handlers.o)
    0x080113bc   0x0000000e   Code   RO         1247    i.__scatterload_zeroinit  mc_w.l(handlers.o)
    0x080113ca   0x00000002   PAD
    0x080113cc   0x00000164   Code   RO         1125    i._fp_digits        mc_w.l(printfa.o)
    0x08011530   0x000006dc   Code   RO         1126    i._printf_core      mc_w.l(printfa.o)
    0x08011c0c   0x00000024   Code   RO         1127    i._printf_post_padding  mc_w.l(printfa.o)
    0x08011c30   0x0000002e   Code   RO         1128    i._printf_pre_padding  mc_w.l(printfa.o)
    0x08011c5e   0x00000a64   Data   RO          268    .constdata          lcd.o
    0x080126c2   0x00000082   Data   RO          369    .constdata          ov7725.o
    0x08012744   0x00000018   Data   RO          555    .constdata          malloc.o
    0x0801275c   0x0000003a   Data   RO          604    .constdata          ff.o
    0x08012796   0x000003c0   Data   RO          678    .constdata          mycc936.o
    0x08012b56   0x00000028   Data   RO          789    .constdata          gif.o
    0x08012b7e   0x000004c0   Data   RO          826    .constdata          tjpgd.o
    0x0801303e   0x00000002   PAD
    0x08013040   0x00000064   Data   RO          623    .conststring        exfuns.o
    0x080130a4   0x00000028   Data   RO          695    .conststring        usmart.o
    0x080130cc   0x00000441   Data   RO          710    .conststring        usmart_config.o
    0x0801350d   0x00000003   PAD
    0x08013510   0x00000020   Data   RO         1243    Region$$Table       anon$$obj.o


    Execution Region RW_IRAM1 (Base: 0x20000000, Size: 0x0000c678, Max: 0x00010000, ABSOLUTE, COMPRESSED[0x00000184])

    Base Addr    Size         Type   Attr      Idx    E Section Name        Object

    0x20000000   0x00000008   Data   RW            3    .data               main.o
    0x20000008   0x00000014   Data   RW          161    .data               system_stm32f10x.o
    0x2000001c   0x00000001   Data   RW          179    .data               exti_1.o
    0x2000001d   0x00000001   Data   RW          254    .data               key.o
    0x2000001e   0x00000004   Data   RW          269    .data               lcd.o
    0x20000022   0x00000002   Data   RW          306    .data               flash.o
    0x20000024   0x00000001   Data   RW          339    .data               mmc_sd.o
    0x20000025   0x00000001   PAD
    0x20000026   0x00000004   Data   RW          387    .data               delay.o
    0x2000002a   0x00000002   PAD
    0x2000002c   0x00000008   Data   RW          414    .data               usart.o
    0x20000034   0x00000014   Data   RW          490    .data               stm32f10x_rcc.o
    0x20000048   0x0000001c   Data   RW          556    .data               malloc.o
    0x20000064   0x00000002   Data   RW          574    .data               diskio.o
    0x20000066   0x00000002   PAD
    0x20000068   0x0000000b   Data   RW          605    .data               ff.o
    0x20000073   0x00000001   PAD
    0x20000074   0x00000154   Data   RW          624    .data               exfuns.o
    0x200001c8   0x0000001c   Data   RW          696    .data               usmart.o
    0x200001e4   0x000001f4   Data   RW          711    .data               usmart_config.o
    0x200003d8   0x00000001   Data   RW          790    .data               gif.o
    0x200003d9   0x00000003   PAD
    0x200003dc   0x0000000c   Data   RW          827    .data               tjpgd.o
    0x200003e8   0x00000228   Zero   RW            2    .bss                main.o
    0x20000610   0x00000021   Zero   RW          227    .bss                crc16.o
    0x20000631   0x00000001   PAD
    0x20000632   0x0000000e   Zero   RW          267    .bss                lcd.o
    0x20000640   0x00001000   Zero   RW          305    .bss                flash.o
    0x20001640   0x00000190   Zero   RW          413    .bss                usart.o
    0x200017d0   0x0000aa00   Zero   RW          554    .bss                malloc.o
    0x2000c1d0   0x00000044   Zero   RW          622    .bss                exfuns.o
    0x2000c214   0x00000019   Zero   RW          742    .bss                fontupd.o
    0x2000c22d   0x00000003   PAD
    0x2000c230   0x00000044   Zero   RW          808    .bss                piclib.o
    0x2000c274   0x00000004   PAD
    0x2000c278   0x00000400   Zero   RW          446    STACK               startup_stm32f10x_hd.o



  Load Region LR$$.ARM.__AT_0x68000000 (Base: 0x68000000, Size: 0x00000000, Max: 0x00030000, ABSOLUTE)

    Execution Region ER$$.ARM.__AT_0x68000000 (Base: 0x68000000, Size: 0x00030000, Max: 0x00030000, ABSOLUTE, UNINIT)

    Base Addr    Size         Type   Attr      Idx    E Section Name        Object

    0x68000000   0x00030000   Zero   RW          552    .ARM.__AT_0x68000000  malloc.o



  Load Region LR$$.ARM.__AT_0x68030000 (Base: 0x68030000, Size: 0x00000000, Max: 0x00003000, ABSOLUTE)

    Execution Region ER$$.ARM.__AT_0x68030000 (Base: 0x68030000, Size: 0x00003000, Max: 0x00003000, ABSOLUTE, UNINIT)

    Base Addr    Size         Type   Attr      Idx    E Section Name        Object

    0x68030000   0x00003000   Zero   RW          553    .ARM.__AT_0x68030000  malloc.o


==============================================================================

Image component sizes


      Code (inc. data)   RO Data    RW Data    ZI Data      Debug   Object Name

      1988        240          0          0          0       4419   bmp.o
         0          0          0          0          0         32   core_cm3.o
       176         22          0          0         33       1614   crc16.o
       212         18          0          4          0       1011   delay.o
       520         14          0          2          0       4162   diskio.o
       420         22        100        340         68       2600   exfuns.o
       632         30          0          1          0       4028   exti_1.o
      1496        556          0          0          0       4928   fattester.o
     12624        132         58         11          0      32623   ff.o
       900         30          0          2       4096       4357   flash.o
         0          0          0          0         25       1361   fontupd.o
      3752         22         40          1          0       9834   gif.o
         0          0          0          0          0       2604   imageprocess.o
       252         12          0          1          0        828   key.o
     18462        140       2660          4         14      21867   lcd.o
      1176        154          0          8        552     273506   main.o
       564         18         24         28     252416       4504   malloc.o
       220         22          0          0          0       1793   misc.o
      1376         24          0          1          0       5690   mmc_sd.o
       204         12        960          0          0       1573   mycc936.o
      1378         78        130          0          0       5173   ov7725.o
       708         40          0          0         68       3864   piclib.o
       660         24          0          0          0       2007   sccb.o
       264         10          0          0          0       1081   spi.o
        36          8        304          0       1024        788   startup_stm32f10x_hd.o
       284         10          0          0          0       2227   stm32f10x_exti.o
      1548         18          0          0          0       5343   stm32f10x_fsmc.o
       860         38          0          0          0       5641   stm32f10x_gpio.o
        26          0          0          0          0     204246   stm32f10x_it.o
       932         36          0         20          0       8812   stm32f10x_rcc.o
       780         14          0          0          0       6522   stm32f10x_spi.o
      3610         88          0          0          0      22124   stm32f10x_tim.o
      1032         22          0          0          0       8364   stm32f10x_usart.o
       480         38          0         20          0       1731   system_stm32f10x.o
       704         12          0          0          0       2928   text.o
      4792         70       1216         12          0      17083   tjpgd.o
       604         28          0          8        400       4283   usart.o
      3124       1282         40         28          0       4266   usmart.o
         0          0       1089        500          0       1736   usmart_config.o
      1320         12          0          0          0       5049   usmart_str.o

    ----------------------------------------------------------------------
     68124       3296       6658       1000     258704     696602   Object Totals
         0          0         32          0          0          0   (incl. Generated)
         8          0          5          9          8          0   (incl. Padding)

    ----------------------------------------------------------------------

      Code (inc. data)   RO Data    RW Data    ZI Data      Debug   Library Member Name

        86          0          0          0          0          0   __dczerorl2.o
         0          0          0          0          0          0   entry.o
         0          0          0          0          0          0   entry10a.o
         0          0          0          0          0          0   entry11a.o
         8          4          0          0          0          0   entry2.o
         4          0          0          0          0          0   entry5.o
         0          0          0          0          0          0   entry7b.o
         0          0          0          0          0          0   entry8b.o
         8          4          0          0          0          0   entry9a.o
        30          0          0          0          0          0   handlers.o
        36          8          0          0          0         68   init.o
         0          0          0          0          0          0   iusefp.o
        30          0          0          0          0         68   llshl.o
        36          0          0          0          0         68   llsshr.o
        32          0          0          0          0         68   llushr.o
      2226         90          0          0          0        444   printfa.o
        28          0          0          0          0         76   strcmp.o
        18          0          0          0          0         68   strcpy.o
        14          0          0          0          0         68   strlen.o
        44          0          0          0          0         80   uidiv.o
        98          0          0          0          0         92   uldiv.o
        48          0          0          0          0         68   cdrcmple.o
        20          0          0          0          0         68   cfcmple.o
        20          0          0          0          0         68   cfrcmple.o
       334          0          0          0          0        148   dadd.o
       222          0          0          0          0        100   ddiv.o
       186          0          0          0          0        176   depilogue.o
        48          0          0          0          0         68   dfixul.o
       228          0          0          0          0         96   dmul.o
       176          0          0          0          0        140   fadd.o
       124          0          0          0          0         88   fdiv.o
       110          0          0          0          0        168   fepilogue.o
        40          0          0          0          0         68   ffixui.o
        10          0          0          0          0         68   ffltui.o
       100          0          0          0          0         76   fmul.o

    ----------------------------------------------------------------------
      4370        106          0          0          0       2500   Library Totals
         6          0          0          0          0          0   (incl. Padding)

    ----------------------------------------------------------------------

      Code (inc. data)   RO Data    RW Data    ZI Data      Debug   Library Name

      2698        106          0          0          0       1100   mc_w.l
      1666          0          0          0          0       1400   mf_w.l

    ----------------------------------------------------------------------
      4370        106          0          0          0       2500   Library Totals

    ----------------------------------------------------------------------

==============================================================================


      Code (inc. data)   RO Data    RW Data    ZI Data      Debug   

     72494       3402       6658       1000     258704     694810   Grand Totals
     72494       3402       6658        388     258704     694810   ELF Image Totals (compressed)
     72494       3402       6658        388          0          0   ROM Totals

==============================================================================

    Total RO  Size (Code + RO Data)                79152 (  77.30kB)
    Total RW  Size (RW Data + ZI Data)            259704 ( 253.62kB)
    Total ROM Size (Code + RO Data + RW Data)      79540 (  77.68kB)

==============================================================================

