Component: ARM Compiler 5.05 update 1 (build 106) Tool: armlink [4d0efa]

==============================================================================

Section Cross References

    main.o(.text) refers to key.o(.text) for KEY_Scan
    main.o(.text) refers to ff.o(.text) for f_open
    main.o(.text) refers to lcd.o(.text) for LCD_Scan_Dir
    main.o(.text) refers to crc16.o(.text) for getCrc16
    main.o(.text) refers to usart.o(.text) for Usart_SendString
    main.o(.text) refers to delay.o(.text) for delay_init
    main.o(.text) refers to malloc.o(.text) for mem_init
    main.o(.text) refers to exfuns.o(.text) for exfuns_init
    main.o(.text) refers to piclib.o(.text) for piclib_init
    main.o(.text) refers to ov7725.o(.text) for OV7725_Init
    main.o(.text) refers to exti_1.o(.text) for EXTI8_Init
    main.o(.text) refers to imageprocess.o(.text) for Graying
    main.o(.text) refers to exti_1.o(.data) for ov_sta
    main.o(.text) refers to main.o(.bss) for fnew
    main.o(.text) refers to main.o(.data) for res_sd
    main.o(.text) refers to crc16.o(.bss) for data
    main.o(.text) refers to exfuns.o(.data) for fs
    main.o(.text) refers to lcd.o(.data) for POINT_COLOR
    main.o(.text) refers to lcd.o(.bss) for lcddev
    main.o(.text) refers to printf8.o(i.__0printf$8) for __2printf
    main.o(.text) refers to usart.o(.bss) for USART2_RX_BUF
    main.o(.text) refers to usart.o(.data) for USART2_RX_STA
    system_stm32f10x.o(.text) refers to system_stm32f10x.o(.data) for SystemCoreClock
    exti_1.o(.text) refers to stm32f10x_rcc.o(.text) for RCC_APB2PeriphClockCmd
    exti_1.o(.text) refers to stm32f10x_gpio.o(.text) for GPIO_EXTILineConfig
    exti_1.o(.text) refers to stm32f10x_exti.o(.text) for EXTI_Init
    exti_1.o(.text) refers to misc.o(.text) for NVIC_Init
    exti_1.o(.text) refers to delay.o(.text) for delay_ms
    exti_1.o(.text) refers to exti_1.o(.data) for ov_sta
    imageprocess.o(.text) refers to ff.o(.text) for f_open
    imageprocess.o(.text) refers to dfltui.o(.text) for __aeabi_ui2d
    imageprocess.o(.text) refers to dmul.o(.text) for __aeabi_dmul
    imageprocess.o(.text) refers to dadd.o(.text) for __aeabi_dadd
    imageprocess.o(.text) refers to dfixui.o(.text) for __aeabi_d2uiz
    imageprocess.o(.text) refers to dflti.o(.text) for __aeabi_i2d
    imageprocess.o(.text) refers to dfixl.o(.text) for __aeabi_d2lz
    imageprocess.o(.text) refers to imageprocess.o(.bss) for f1
    imageprocess.o(.text) refers to sqrt.o(i.sqrt) for sqrt
    imageprocess.o(.text) refers to dfixi.o(.text) for __aeabi_d2iz
    imageprocess.o(.text) refers to cdrcmple.o(.text) for __aeabi_cdrcmple
    imageprocess.o(.text) refers to ddiv.o(.text) for __aeabi_ddiv
    imageprocess.o(.text) refers to exp.o(i.exp) for exp
    crc16.o(.text) refers to crc16.o(.bss) for res
    led.o(.text) refers to stm32f10x_rcc.o(.text) for RCC_APB2PeriphClockCmd
    led.o(.text) refers to stm32f10x_gpio.o(.text) for GPIO_Init
    key.o(.text) refers to stm32f10x_rcc.o(.text) for RCC_APB2PeriphClockCmd
    key.o(.text) refers to stm32f10x_gpio.o(.text) for GPIO_Init
    key.o(.text) refers to delay.o(.text) for delay_ms
    key.o(.text) refers to key.o(.data) for key_up
    lcd.o(.text) refers to delay.o(.text) for delay_us
    lcd.o(.text) refers to lcd.o(.bss) for lcddev
    lcd.o(.text) refers to lcd.o(.data) for POINT_COLOR
    lcd.o(.text) refers to stm32f10x_rcc.o(.text) for RCC_AHBPeriphClockCmd
    lcd.o(.text) refers to stm32f10x_gpio.o(.text) for GPIO_Init
    lcd.o(.text) refers to stm32f10x_fsmc.o(.text) for FSMC_NORSRAMInit
    lcd.o(.text) refers to printf8.o(i.__0printf$8) for __2printf
    lcd.o(.text) refers to lcd.o(.constdata) for asc2_1206
    spi.o(.text) refers to stm32f10x_spi.o(.text) for SPI_I2S_GetFlagStatus
    spi.o(.text) refers to stm32f10x_rcc.o(.text) for RCC_APB2PeriphClockCmd
    spi.o(.text) refers to stm32f10x_gpio.o(.text) for GPIO_Init
    flash.o(.text) refers to spi.o(.text) for SPI2_ReadWriteByte
    flash.o(.text) refers to stm32f10x_rcc.o(.text) for RCC_APB2PeriphClockCmd
    flash.o(.text) refers to stm32f10x_gpio.o(.text) for GPIO_Init
    flash.o(.text) refers to delay.o(.text) for delay_us
    flash.o(.text) refers to flash.o(.data) for SPI_FLASH_TYPE
    flash.o(.text) refers to flash.o(.bss) for SPI_FLASH_BUF
    sram.o(.text) refers to stm32f10x_rcc.o(.text) for RCC_APB2PeriphClockCmd
    sram.o(.text) refers to stm32f10x_gpio.o(.text) for GPIO_Init
    sram.o(.text) refers to stm32f10x_fsmc.o(.text) for FSMC_NORSRAMInit
    mmc_sd.o(.text) refers to spi.o(.text) for SPI2_ReadWriteByte
    mmc_sd.o(.text) refers to stm32f10x_rcc.o(.text) for RCC_APB2PeriphClockCmd
    mmc_sd.o(.text) refers to stm32f10x_gpio.o(.text) for GPIO_Init
    mmc_sd.o(.text) refers to mmc_sd.o(.data) for SD_Type
    sccb.o(.text) refers to stm32f10x_rcc.o(.text) for RCC_APB2PeriphClockCmd
    sccb.o(.text) refers to stm32f10x_gpio.o(.text) for GPIO_Init
[...]
    APBAHBPrescTable                         0x20000034   Data          16  stm32f10x_rcc.o(.data)
    ADCPrescTable                            0x20000044   Data           4  stm32f10x_rcc.o(.data)
    .data                                    0x20000048   Section       28  malloc.o(.data)
    .data                                    0x20000064   Section        2  diskio.o(.data)
    .data                                    0x20000068   Section       11  ff.o(.data)
    FatFs                                    0x20000068   Data           8  ff.o(.data)
    Fsid                                     0x20000070   Data           2  ff.o(.data)
    CurrVol                                  0x20000072   Data           1  ff.o(.data)
    .data                                    0x20000074   Section      340  exfuns.o(.data)
    .data                                    0x200001c8   Section       28  usmart.o(.data)
    .data                                    0x200001e4   Section      500  usmart_config.o(.data)
    .data                                    0x200003d8   Section        1  gif.o(.data)
    .data                                    0x200003dc   Section       12  tjpgd.o(.data)
    .data                                    0x200003e8   Section        4  errno.o(.data)
    _errno                                   0x200003e8   Data           4  errno.o(.data)
    .bss                                     0x200003ec   Section      552  main.o(.bss)
    .bss                                     0x20000614   Section     4482  imageprocess.o(.bss)
    .bss                                     0x20001796   Section       33  crc16.o(.bss)
    .bss                                     0x200017b8   Section       14  lcd.o(.bss)
    .bss                                     0x200017c6   Section     4096  flash.o(.bss)
    .bss                                     0x200027c6   Section      400  usart.o(.bss)
    .bss                                     0x20002958   Section    43520  malloc.o(.bss)
    .bss                                     0x2000d358   Section       68  exfuns.o(.bss)
    .bss                                     0x2000d39c   Section       25  fontupd.o(.bss)
    .bss                                     0x2000d3b8   Section       68  piclib.o(.bss)
    STACK                                    0x2000d400   Section     1024  startup_stm32f10x_hd.o(STACK)
    .ARM.__AT_0x68000000                     0x68000000   Section    196608  malloc.o(.ARM.__AT_0x68000000)
    .ARM.__AT_0x68030000                     0x68030000   Section    12288  malloc.o(.ARM.__AT_0x68030000)

    Global Symbols

    Symbol Name                              Value     Ov Type        Size  Object(Section)

    BuildAttributes$$THM_ISAv4$P$D$K$B$S$PE$A:L22UL41UL21$X:L11$S22US41US21$IEEE1$IW$USESV6$~STKCKD$USESV7$~SHL$OTIME$ROPI$IEEEX$EBA8$MICROLIB$REQ8$PRES8$EABIv2 0x00000000   Number         0  anon$$obj.o ABSOLUTE
    __ARM_use_no_argv                        0x00000000   Number         0  main.o ABSOLUTE
    __use_no_errno                           0x00000000   Number         0  useno.o ABSOLUTE
    __use_no_exception_handling              0x00000000   Number         0  useno.o ABSOLUTE
    __use_no_fp                              0x00000000   Number         0  useno.o ABSOLUTE
    __use_no_heap                            0x00000000   Number         0  useno.o ABSOLUTE
    __use_no_heap_region                     0x00000000   Number         0  useno.o ABSOLUTE
    __use_no_semihosting                     0x00000000   Number         0  useno.o ABSOLUTE
    __use_no_semihosting_swi                 0x00000000   Number         0  useno.o ABSOLUTE
    __use_no_signal_handling                 0x00000000   Number         0  useno.o ABSOLUTE
    _printf_a                                0x00000000   Number         0  stubs.o ABSOLUTE
    _printf_c                                0x00000000   Number         0  stubs.o ABSOLUTE
    _printf_charcount                        0x00000000   Number         0  stubs.o ABSOLUTE
    _printf_d                                0x00000000   Number         0  stubs.o ABSOLUTE
    _printf_e                                0x00000000   Number         0  stubs.o ABSOLUTE
    _printf_f                                0x00000000   Number         0  stubs.o ABSOLUTE
    _printf_flags                            0x00000000   Number         0  stubs.o ABSOLUTE
    _printf_fp_dec                           0x00000000   Number         0  stubs.o ABSOLUTE
    _printf_fp_hex                           0x00000000   Number         0  stubs.o ABSOLUTE
    _printf_g                                0x00000000   Number         0  stubs.o ABSOLUTE
    _printf_i                                0x00000000   Number         0  stubs.o ABSOLUTE
    _printf_int_dec                          0x00000000   Number         0  stubs.o ABSOLUTE
    _printf_l                                0x00000000   Number         0  stubs.o ABSOLUTE
    _printf_lc                               0x00000000   Number         0  stubs.o ABSOLUTE
    _printf_ll                               0x00000000   Number         0  stubs.o ABSOLUTE
    _printf_lld                              0x00000000   Number         0  stubs.o ABSOLUTE
    _printf_lli                              0x00000000   Number         0  stubs.o ABSOLUTE
    _printf_llo                              0x00000000   Number         0  stubs.o ABSOLUTE
    _printf_llu                              0x00000000   Number         0  stubs.o ABSOLUTE
    _printf_llx                              0x00000000   Number         0  stubs.o ABSOLUTE
    _printf_longlong_dec                     0x00000000   Number         0  stubs.o ABSOLUTE
    _printf_longlong_hex                     0x00000000   Number         0  stubs.o ABSOLUTE
    _printf_longlong_oct                     0x00000000   Number         0  stubs.o ABSOLUTE
    _printf_ls                               0x00000000   Number         0  stubs.o ABSOLUTE
    _printf_mbtowc                           0x00000000   Number         0  stubs.o ABSOLUTE
    _printf_n                                0x00000000   Number         0  stubs.o ABSOLUTE
    _printf_o                                0x00000000   Number         0  stubs.o ABSOLUTE
    _printf_p                                0x00000000   Number         0  stubs.o ABSOLUTE
    _printf_percent                          0x00000000   Number         0  stubs.o ABSOLUTE
    _printf_pre_padding                      0x00000000   Number         0  stubs.o ABSOLUTE
    _printf_return_value                     0x00000000   Number         0  stubs.o ABSOLUTE
    _printf_s                                0x00000000   Number         0  stubs.o ABSOLUTE
    _printf_sizespec                         0x00000000   Number         0  stubs.o ABSOLUTE
    _printf_str                              0x00000000   Number         0  stubs.o ABSOLUTE
    _printf_truncate_signed                  0x00000000   Number         0  stubs.o ABSOLUTE
    _printf_truncate_unsigned                0x00000000   Number         0  stubs.o ABSOLUTE
    _printf_u                                0x00000000   Number         0  stubs.o ABSOLUTE
    _printf_wc                               0x00000000   Number         0  stubs.o ABSOLUTE
    _printf_wctomb                           0x00000000   Number         0  stubs.o ABSOLUTE
    _printf_widthprec                        0x00000000   Number         0  stubs.o ABSOLUTE
    _printf_x                                0x00000000   Number         0  stubs.o ABSOLUTE
    __cpp_initialize__aeabi_                  - Undefined Weak Reference
    __cxa_finalize                            - Undefined Weak Reference
    _clock_init                               - Undefined Weak Reference
    _microlib_exit                            - Undefined Weak Reference
    __Vectors_Size                           0x00000130   Number         0  startup_stm32f10x_hd.o ABSOLUTE
    __Vectors                                0x08000000   Data           4  startup_stm32f10x_hd.o(RESET)
    __Vectors_End                            0x08000130   Data           0  startup_stm32f10x_hd.o(RESET)
    __main                                   0x08000131   Thumb Code     0  entry.o(.ARM.Collect$$$$00000000)
    _main_stk                                0x08000131   Thumb Code     0  entry2.o(.ARM.Collect$$$$00000001)
    _main_scatterload                        0x08000135   Thumb Code     0  entry5.o(.ARM.Collect$$$$00000004)
    __main_after_scatterload                 0x08000139   Thumb Code     0  entry5.o(.ARM.Collect$$$$00000004)
    _main_clock                              0x08000139   Thumb Code     0  entry7b.o(.ARM.Collect$$$$00000008)
    _main_cpp_init                           0x08000139   Thumb Code     0  entry8b.o(.ARM.Collect$$$$0000000A)
    _main_init                               0x08000139   Thumb Code     0  entry9a.o(.ARM.Collect$$$$0000000B)
    __rt_final_cpp                           0x08000141   Thumb Code     0  entry10a.o(.ARM.Collect$$$$0000000D)
    __rt_final_exit                          0x08000141   Thumb Code     0  entry11a.o(.ARM.Collect$$$$0000000F)
    camera_refresh                           0x08000145   Thumb Code   484  main.o(.text)
    SendData                                 0x08000329   Thumb Code    70  main.o(.text)
    main                                     0x0800036f   Thumb Code   942  main.o(.text)
    NMI_Handler                              0x0800076d   Thumb Code     2  stm32f10x_it.o(.text)
    HardFault_Handler                        0x0800076f   Thumb Code     4  stm32f10x_it.o(.text)
    MemManage_Handler                        0x08000773   Thumb Code     4  stm32f10x_it.o(.text)
    BusFault_Handler                         0x08000777   Thumb Code     4  stm32f10x_it.o(.text)
    UsageFault_Handler                       0x0800077b   Thumb Code     4  stm32f10x_it.o(.text)
    SVC_Handler                              0x0800077f   Thumb Code     2  stm32f10x_it.o(.text)
    DebugMon_Handler                         0x08000781   Thumb Code     2  stm32f10x_it.o(.text)
    PendSV_Handler                           0x08000783   Thumb Code     2  stm32f10x_it.o(.text)
    SysTick_Handler                          0x08000785   Thumb Code     2  stm32f10x_it.o(.text)
    SystemInit                               0x08000867   Thumb Code    78  system_stm32f10x.o(.text)
    SystemCoreClockUpdate                    0x080008b5   Thumb Code   142  system_stm32f10x.o(.text)
    EXTIX_Init                               0x08000969   Thumb Code   272  exti_1.o(.text)
    EXTI8_Init                               0x08000a79   Thumb Code    70  exti_1.o(.text)
    EXTI0_IRQHandler                         0x08000abf   Thumb Code    44  exti_1.o(.text)
    EXTI2_IRQHandler                         0x08000aeb   Thumb Code    42  exti_1.o(.text)
    EXTI3_IRQHandler                         0x08000b15   Thumb Code    42  exti_1.o(.text)
    EXTI4_IRQHandler                         0x08000b3f   Thumb Code    42  exti_1.o(.text)
    EXTI9_5_IRQHandler                       0x08000b69   Thumb Code    90  exti_1.o(.text)
    Graying                                  0x08000be1   Thumb Code   298  imageprocess.o(.text)
    Ostu                                     0x08000d0b   Thumb Code   556  imageprocess.o(.text)
    readDouble                               0x08000f37   Thumb Code   568  imageprocess.o(.text)
    readDoubleRandom                         0x0800116f   Thumb Code    70  imageprocess.o(.text)
    BP_Recongnization                        0x080011b5   Thumb Code  1266  imageprocess.o(.text)
    byteToChar                               0x080016cd   Thumb Code    20  crc16.o(.text)
    getCrcString                             0x080016e1   Thumb Code    56  crc16.o(.text)
    getCrc16                                 0x08001719   Thumb Code    78  crc16.o(.text)
    KEY_Init                                 0x0800177d   Thumb Code    52  key.o(.text)
    KEY_Scan                                 0x080017b1   Thumb Code   188  key.o(.text)
    LCD_WR_REG                               0x08001879   Thumb Code     6  lcd.o(.text)
    LCD_WR_DATA                              0x0800187f   Thumb Code     8  lcd.o(.text)
    LCD_RD_DATA                              0x08001887   Thumb Code     8  lcd.o(.text)
    LCD_WriteReg                             0x0800188f   Thumb Code    10  lcd.o(.text)
    LCD_ReadReg                              0x08001899   Thumb Code    22  lcd.o(.text)
    LCD_WriteRAM_Prepare                     0x080018af   Thumb Code    10  lcd.o(.text)
    LCD_WriteRAM                             0x080018b9   Thumb Code     8  lcd.o(.text)
    LCD_BGR2RGB                              0x080018c1   Thumb Code    26  lcd.o(.text)
    opt_delay                                0x080018db   Thumb Code    14  lcd.o(.text)
    LCD_SetCursor                            0x080018e9   Thumb Code   262  lcd.o(.text)
    LCD_ReadPoint                            0x080019ef   Thumb Code   358  lcd.o(.text)
    LCD_DisplayOn                            0x08001b55   Thumb Code    80  lcd.o(.text)
    LCD_DisplayOff                           0x08001ba5   Thumb Code    78  lcd.o(.text)
    LCD_Scan_Dir                             0x08001bf3   Thumb Code   718  lcd.o(.text)
    LCD_DrawPoint                            0x08001ec1   Thumb Code    28  lcd.o(.text)
    LCD_Fast_DrawPoint                       0x08001edd   Thumb Code   278  lcd.o(.text)
    LCD_Display_Dir                          0x08001ff3   Thumb Code   432  lcd.o(.text)
    LCD_Set_Window                           0x080021a3   Thumb Code   422  lcd.o(.text)
    LCD_Clear                                0x08002349   Thumb Code   100  lcd.o(.text)
    LCD_Init                                 0x080023ad   Thumb Code 14098  lcd.o(.text)
    LCD_Fill                                 0x08005abf   Thumb Code   178  lcd.o(.text)
    LCD_Color_Fill                           0x08005b71   Thumb Code   100  lcd.o(.text)
    LCD_DrawLine                             0x08005bd5   Thumb Code   176  lcd.o(.text)
    LCD_DrawRectangle                        0x08005c85   Thumb Code    60  lcd.o(.text)
    Draw_Circle                              0x08005cc1   Thumb Code   152  lcd.o(.text)
    LCD_ShowChar                             0x08005d59   Thumb Code   340  lcd.o(.text)
    LCD_Pow                                  0x08005ead   Thumb Code    22  lcd.o(.text)
    LCD_ShowNum                              0x08005ec3   Thumb Code   148  lcd.o(.text)
    LCD_ShowxNum                             0x08005f57   Thumb Code   218  lcd.o(.text)
    LCD_ShowString                           0x08006031   Thumb Code   102  lcd.o(.text)
    SPI2_ReadWriteByte                       0x08006099   Thumb Code    78  spi.o(.text)
    SPI2_Init                                0x080060e7   Thumb Code   140  spi.o(.text)
    SPI2_SetSpeed                            0x08006173   Thumb Code    36  spi.o(.text)
    SPI_Flash_ReadID                         0x080061a1   Thumb Code    64  flash.o(.text)
    SPI_Flash_Init                           0x080061e1   Thumb Code   114  flash.o(.text)
    SPI_Flash_ReadSR                         0x08006253   Thumb Code    36  flash.o(.text)
    SPI_FLASH_Write_SR                       0x08006277   Thumb Code    32  flash.o(.text)
    SPI_FLASH_Write_Enable                   0x08006297   Thumb Code    24  flash.o(.text)
    SPI_FLASH_Write_Disable                  0x080062af   Thumb Code    24  flash.o(.text)
    SPI_Flash_Read                           0x080062c7   Thumb Code    74  flash.o(.text)
    SPI_Flash_Wait_Busy                      0x08006311   Thumb Code    18  flash.o(.text)
    SPI_Flash_Write_Page                     0x08006323   Thumb Code    80  flash.o(.text)
    SPI_Flash_Write_NoCheck                  0x08006373   Thumb Code    70  flash.o(.text)
    SPI_Flash_Erase_Sector                   0x080063b9   Thumb Code    62  flash.o(.text)
    SPI_Flash_Write                          0x080063f7   Thumb Code   176  flash.o(.text)
    SPI_Flash_Erase_Chip                     0x080064a7   Thumb Code    36  flash.o(.text)
    SPI_Flash_PowerDown                      0x080064cb   Thumb Code    30  flash.o(.text)
    SPI_Flash_WAKEUP                         0x080064e9   Thumb Code    30  flash.o(.text)
    SD_SPI_ReadWriteByte                     0x08006525   Thumb Code    12  mmc_sd.o(.text)
    SD_SPI_SpeedLow                          0x08006531   Thumb Code    10  mmc_sd.o(.text)
    SD_SPI_SpeedHigh                         0x0800653b   Thumb Code    10  mmc_sd.o(.text)
    SD_SPI_Init                              0x08006545   Thumb Code   106  mmc_sd.o(.text)
    SD_DisSelect                             0x080065af   Thumb Code    16  mmc_sd.o(.text)
    SD_WaitReady                             0x080065bf   Thumb Code    34  mmc_sd.o(.text)
    SD_Select                                0x080065e1   Thumb Code    26  mmc_sd.o(.text)
    SD_GetResponse                           0x080065fb   Thumb Code    38  mmc_sd.o(.text)
    SD_RecvData                              0x08006621   Thumb Code    56  mmc_sd.o(.text)
    SD_SendBlock                             0x08006659   Thumb Code    82  mmc_sd.o(.text)
    SD_SendCmd                               0x080066ab   Thumb Code   120  mmc_sd.o(.text)
    SD_GetCID                                0x08006723   Thumb Code    42  mmc_sd.o(.text)
    SD_GetCSD                                0x0800674d   Thumb Code    42  mmc_sd.o(.text)
    SD_GetSectorCount                        0x08006777   Thumb Code   118  mmc_sd.o(.text)
    SD_Initialize                            0x080067ed   Thumb Code   408  mmc_sd.o(.text)
    SD_ReadDisk                              0x08006985   Thumb Code   112  mmc_sd.o(.text)
    SD_WriteDisk                             0x080069f5   Thumb Code   140  mmc_sd.o(.text)
    SCCB_Init                                0x08006a85   Thumb Code   102  sccb.o(.text)
    SCCB_Start                               0x08006aeb   Thumb Code    42  sccb.o(.text)
    SCCB_Stop                                0x08006b15   Thumb Code    42  sccb.o(.text)
    SCCB_No_Ack                              0x08006b3f   Thumb Code    54  sccb.o(.text)
    SCCB_WR_Byte                             0x08006b75   Thumb Code   152  sccb.o(.text)
    SCCB_RD_Byte                             0x08006c0d   Thumb Code   104  sccb.o(.text)
    SCCB_WR_Reg                              0x08006c75   Thumb Code    62  sccb.o(.text)
    SCCB_RD_Reg                              0x08006cb3   Thumb Code    78  sccb.o(.text)
    OV7725_Init                              0x08006d19   Thumb Code   324  ov7725.o(.text)
    OV7725_Light_Mode                        0x08006e5d   Thumb Code   274  ov7725.o(.text)
    OV7725_Color_Saturation                  0x08006f6f   Thumb Code    40  ov7725.o(.text)
    OV7725_Brightness                        0x08006f97   Thumb Code    98  ov7725.o(.text)
    OV7725_Contrast                          0x08006ff9   Thumb Code    34  ov7725.o(.text)
    OV7725_Special_Effects                   0x0800701b   Thumb Code   190  ov7725.o(.text)
    OV7725_Window_Set                        0x080070d9   Thumb Code   418  ov7725.o(.text)
    delay_init                               0x0800727d   Thumb Code    50  delay.o(.text)
    delay_us                                 0x080072af   Thumb Code    72  delay.o(.text)
    delay_ms                                 0x080072f7   Thumb Code    72  delay.o(.text)
    sys_exit                                 0x08007351   Thumb Code     6  usart.o(.text)
    fputc                                    0x08007357   Thumb Code    24  usart.o(.text)
    uart_init                                0x0800736f   Thumb Code   152  usart.o(.text)
    USART1_IRQHandler                        0x08007407   Thumb Code   122  usart.o(.text)
    usart2_init                              0x08007481   Thumb Code   156  usart.o(.text)
    USART2_IRQHandler                        0x0800751d   Thumb Code    44  usart.o(.text)
    Usart_SendByte                           0x08007549   Thumb Code    30  usart.o(.text)
    Usart_SendString                         0x08007567   Thumb Code    42  usart.o(.text)
    Reset_Handler                            0x080075ad   Thumb Code     8  startup_stm32f10x_hd.o(.text)
    ADC1_2_IRQHandler                        0x080075c7   Thumb Code     0  startup_stm32f10x_hd.o(.text)
    ADC3_IRQHandler                          0x080075c7   Thumb Code     0  startup_stm32f10x_hd.o(.text)
    CAN1_RX1_IRQHandler                      0x080075c7   Thumb Code     0  startup_stm32f10x_hd.o(.text)
    CAN1_SCE_IRQHandler                      0x080075c7   Thumb Code     0  startup_stm32f10x_hd.o(.text)
    DMA1_Channel1_IRQHandler                 0x080075c7   Thumb Code     0  startup_stm32f10x_hd.o(.text)
    DMA1_Channel2_IRQHandler                 0x080075c7   Thumb Code     0  startup_stm32f10x_hd.o(.text)
    DMA1_Channel3_IRQHandler                 0x080075c7   Thumb Code     0  startup_stm32f10x_hd.o(.text)
    DMA1_Channel4_IRQHandler                 0x080075c7   Thumb Code     0  startup_stm32f10x_hd.o(.text)
    DMA1_Channel5_IRQHandler                 0x080075c7   Thumb Code     0  startup_stm32f10x_hd.o(.text)
    DMA1_Channel6_IRQHandler                 0x080075c7   Thumb Code     0  startup_stm32f10x_hd.o(.text)
    DMA1_Channel7_IRQHandler                 0x080075c7   Thumb Code     0  startup_stm32f10x_hd.o(.text)
    DMA2_Channel1_IRQHandler                 0x080075c7   Thumb Code     0  startup_stm32f10x_hd.o(.text)
    DMA2_Channel2_IRQHandler                 0x080075c7   Thumb Code     0  startup_stm32f10x_hd.o(.text)
    DMA2_Channel3_IRQHandler                 0x080075c7   Thumb Code     0  startup_stm32f10x_hd.o(.text)
    DMA2_Channel4_5_IRQHandler               0x080075c7   Thumb Code     0  startup_stm32f10x_hd.o(.text)
    EXTI15_10_IRQHandler                     0x080075c7   Thumb Code     0  startup_stm32f10x_hd.o(.text)
    EXTI1_IRQHandler                         0x080075c7   Thumb Code     0  startup_stm32f10x_hd.o(.text)
    FLASH_IRQHandler                         0x080075c7   Thumb Code     0  startup_stm32f10x_hd.o(.text)
    FSMC_IRQHandler                          0x080075c7   Thumb Code     0  startup_stm32f10x_hd.o(.text)
    I2C1_ER_IRQHandler                       0x080075c7   Thumb Code     0  startup_stm32f10x_hd.o(.text)
    I2C1_EV_IRQHandler                       0x080075c7   Thumb Code     0  startup_stm32f10x_hd.o(.text)
    I2C2_ER_IRQHandler                       0x080075c7   Thumb Code     0  startup_stm32f10x_hd.o(.text)
    I2C2_EV_IRQHandler                       0x080075c7   Thumb Code     0  startup_stm32f10x_hd.o(.text)
    PVD_IRQHandler                           0x080075c7   Thumb Code     0  startup_stm32f10x_hd.o(.text)
    RCC_IRQHandler                           0x080075c7   Thumb Code     0  startup_stm32f10x_hd.o(.text)
    RTCAlarm_IRQHandler                      0x080075c7   Thumb Code     0  startup_stm32f10x_hd.o(.text)
    RTC_IRQHandler                           0x080075c7   Thumb Code     0  startup_stm32f10x_hd.o(.text)
    SDIO_IRQHandler                          0x080075c7   Thumb Code     0  startup_stm32f10x_hd.o(.text)
    SPI1_IRQHandler                          0x080075c7   Thumb Code     0  startup_stm32f10x_hd.o(.text)
    SPI2_IRQHandler                          0x080075c7   Thumb Code     0  startup_stm32f10x_hd.o(.text)
    SPI3_IRQHandler                          0x080075c7   Thumb Code     0  startup_stm32f10x_hd.o(.text)
    TAMPER_IRQHandler                        0x080075c7   Thumb Code     0  startup_stm32f10x_hd.o(.text)
    TIM1_BRK_IRQHandler                      0x080075c7   Thumb Code     0  startup_stm32f10x_hd.o(.text)
    TIM1_CC_IRQHandler                       0x080075c7   Thumb Code     0  startup_stm32f10x_hd.o(.text)
    TIM1_TRG_COM_IRQHandler                  0x080075c7   Thumb Code     0  startup_stm32f10x_hd.o(.text)
    TIM1_UP_IRQHandler                       0x080075c7   Thumb Code     0  startup_stm32f10x_hd.o(.text)
    TIM3_IRQHandler                          0x080075c7   Thumb Code     0  startup_stm32f10x_hd.o(.text)
    TIM4_IRQHandler                          0x080075c7   Thumb Code     0  startup_stm32f10x_hd.o(.text)
    TIM5_IRQHandler                          0x080075c7   Thumb Code     0  startup_stm32f10x_hd.o(.text)
    TIM6_IRQHandler                          0x080075c7   Thumb Code     0  startup_stm32f10x_hd.o(.text)
    TIM7_IRQHandler                          0x080075c7   Thumb Code     0  startup_stm32f10x_hd.o(.text)
    TIM8_BRK_IRQHandler                      0x080075c7   Thumb Code     0  startup_stm32f10x_hd.o(.text)
    TIM8_CC_IRQHandler                       0x080075c7   Thumb Code     0  startup_stm32f10x_hd.o(.text)
    TIM8_TRG_COM_IRQHandler                  0x080075c7   Thumb Code     0  startup_stm32f10x_hd.o(.text)
    TIM8_UP_IRQHandler                       0x080075c7   Thumb Code     0  startup_stm32f10x_hd.o(.text)
    UART4_IRQHandler                         0x080075c7   Thumb Code     0  startup_stm32f10x_hd.o(.text)
    UART5_IRQHandler                         0x080075c7   Thumb Code     0  startup_stm32f10x_hd.o(.text)
    USART3_IRQHandler                        0x080075c7   Thumb Code     0  startup_stm32f10x_hd.o(.text)
    USBWakeUp_IRQHandler                     0x080075c7   Thumb Code     0  startup_stm32f10x_hd.o(.text)
    USB_HP_CAN1_TX_IRQHandler                0x080075c7   Thumb Code     0  startup_stm32f10x_hd.o(.text)
    USB_LP_CAN1_RX0_IRQHandler               0x080075c7   Thumb Code     0  startup_stm32f10x_hd.o(.text)
    WWDG_IRQHandler                          0x080075c7   Thumb Code     0  startup_stm32f10x_hd.o(.text)
    NVIC_PriorityGroupConfig                 0x080075d1   Thumb Code    10  misc.o(.text)
    NVIC_Init                                0x080075db   Thumb Code   100  misc.o(.text)
    NVIC_SetVectorTable                      0x0800763f   Thumb Code    14  misc.o(.text)
    NVIC_SystemLPConfig                      0x0800764d   Thumb Code    34  misc.o(.text)
    SysTick_CLKSourceConfig                  0x0800766f   Thumb Code    40  misc.o(.text)
    FSMC_NORSRAMDeInit                       0x080076ad   Thumb Code    54  stm32f10x_fsmc.o(.text)
    FSMC_NANDDeInit                          0x080076e3   Thumb Code    62  stm32f10x_fsmc.o(.text)
    FSMC_PCCARDDeInit                        0x08007721   Thumb Code    36  stm32f10x_fsmc.o(.text)
    FSMC_NORSRAMInit                         0x08007745   Thumb Code   230  stm32f10x_fsmc.o(.text)
    FSMC_NANDInit                            0x0800782b   Thumb Code   132  stm32f10x_fsmc.o(.text)
    FSMC_PCCARDInit                          0x080078af   Thumb Code   130  stm32f10x_fsmc.o(.text)
    FSMC_NORSRAMStructInit                   0x08007931   Thumb Code   114  stm32f10x_fsmc.o(.text)
    FSMC_NANDStructInit                      0x080079a3   Thumb Code    54  stm32f10x_fsmc.o(.text)
    FSMC_PCCARDStructInit                    0x080079d9   Thumb Code    60  stm32f10x_fsmc.o(.text)
    FSMC_NORSRAMCmd                          0x08007a15   Thumb Code    46  stm32f10x_fsmc.o(.text)
    FSMC_NANDCmd                             0x08007a43   Thumb Code    86  stm32f10x_fsmc.o(.text)
    FSMC_PCCARDCmd                           0x08007a99   Thumb Code    44  stm32f10x_fsmc.o(.text)
    FSMC_NANDECCCmd                          0x08007ac5   Thumb Code    90  stm32f10x_fsmc.o(.text)
    FSMC_GetECC                              0x08007b1f   Thumb Code    24  stm32f10x_fsmc.o(.text)
    FSMC_ITConfig                            0x08007b37   Thumb Code   128  stm32f10x_fsmc.o(.text)
    FSMC_GetFlagStatus                       0x08007bb7   Thumb Code    54  stm32f10x_fsmc.o(.text)
    FSMC_ClearFlag                           0x08007bed   Thumb Code    62  stm32f10x_fsmc.o(.text)
    FSMC_GetITStatus                         0x08007c2b   Thumb Code    64  stm32f10x_fsmc.o(.text)
    FSMC_ClearITPendingBit                   0x08007c6b   Thumb Code    68  stm32f10x_fsmc.o(.text)
    GPIO_DeInit                              0x08007cb9   Thumb Code   172  stm32f10x_gpio.o(.text)
    GPIO_AFIODeInit                          0x08007d65   Thumb Code    20  stm32f10x_gpio.o(.text)
    GPIO_Init                                0x08007d79   Thumb Code   278  stm32f10x_gpio.o(.text)
    GPIO_StructInit                          0x08007e8f   Thumb Code    16  stm32f10x_gpio.o(.text)
    GPIO_ReadInputDataBit                    0x08007e9f   Thumb Code    18  stm32f10x_gpio.o(.text)
    GPIO_ReadInputData                       0x08007eb1   Thumb Code     8  stm32f10x_gpio.o(.text)
    GPIO_ReadOutputDataBit                   0x08007eb9   Thumb Code    18  stm32f10x_gpio.o(.text)
    GPIO_ReadOutputData                      0x08007ecb   Thumb Code     8  stm32f10x_gpio.o(.text)
    GPIO_SetBits                             0x08007ed3   Thumb Code     4  stm32f10x_gpio.o(.text)
    GPIO_ResetBits                           0x08007ed7   Thumb Code     4  stm32f10x_gpio.o(.text)
    GPIO_WriteBit                            0x08007edb   Thumb Code    10  stm32f10x_gpio.o(.text)
    GPIO_Write                               0x08007ee5   Thumb Code     4  stm32f10x_gpio.o(.text)
    GPIO_PinLockConfig                       0x08007ee9   Thumb Code    18  stm32f10x_gpio.o(.text)
    GPIO_EventOutputConfig                   0x08007efb   Thumb Code    26  stm32f10x_gpio.o(.text)
    GPIO_EventOutputCmd                      0x08007f15   Thumb Code     6  stm32f10x_gpio.o(.text)
    GPIO_PinRemapConfig                      0x08007f1b   Thumb Code   138  stm32f10x_gpio.o(.text)
    GPIO_EXTILineConfig                      0x08007fa5   Thumb Code    66  stm32f10x_gpio.o(.text)
    GPIO_ETH_MediaInterfaceConfig            0x08007fe7   Thumb Code     8  stm32f10x_gpio.o(.text)
    RCC_DeInit                               0x08008015   Thumb Code    64  stm32f10x_rcc.o(.text)
    RCC_HSEConfig                            0x08008055   Thumb Code    70  stm32f10x_rcc.o(.text)
    RCC_GetFlagStatus                        0x0800809b   Thumb Code    56  stm32f10x_rcc.o(.text)
    RCC_WaitForHSEStartUp                    0x080080d3   Thumb Code    56  stm32f10x_rcc.o(.text)
    RCC_AdjustHSICalibrationValue            0x0800810b   Thumb Code    20  stm32f10x_rcc.o(.text)
    RCC_HSICmd                               0x0800811f   Thumb Code     6  stm32f10x_rcc.o(.text)
    RCC_PLLConfig                            0x08008125   Thumb Code    24  stm32f10x_rcc.o(.text)
    RCC_PLLCmd                               0x0800813d   Thumb Code     6  stm32f10x_rcc.o(.text)
    RCC_SYSCLKConfig                         0x08008143   Thumb Code    18  stm32f10x_rcc.o(.text)
    RCC_GetSYSCLKSource                      0x08008155   Thumb Code    10  stm32f10x_rcc.o(.text)
    RCC_HCLKConfig                           0x0800815f   Thumb Code    18  stm32f10x_rcc.o(.text)
    RCC_PCLK1Config                          0x08008171   Thumb Code    18  stm32f10x_rcc.o(.text)
    RCC_PCLK2Config                          0x08008183   Thumb Code    20  stm32f10x_rcc.o(.text)
    RCC_ITConfig                             0x08008197   Thumb Code    26  stm32f10x_rcc.o(.text)
    RCC_USBCLKConfig                         0x080081b1   Thumb Code     8  stm32f10x_rcc.o(.text)
    RCC_ADCCLKConfig                         0x080081b9   Thumb Code    18  stm32f10x_rcc.o(.text)
    RCC_LSEConfig                            0x080081cb   Thumb Code    50  stm32f10x_rcc.o(.text)
    RCC_LSICmd                               0x080081fd   Thumb Code     6  stm32f10x_rcc.o(.text)
    RCC_RTCCLKConfig                         0x08008203   Thumb Code    12  stm32f10x_rcc.o(.text)
    RCC_RTCCLKCmd                            0x0800820f   Thumb Code     8  stm32f10x_rcc.o(.text)
    RCC_GetClocksFreq                        0x08008217   Thumb Code   192  stm32f10x_rcc.o(.text)
    RCC_AHBPeriphClockCmd                    0x080082d7   Thumb Code    26  stm32f10x_rcc.o(.text)
    RCC_APB2PeriphClockCmd                   0x080082f1   Thumb Code    26  stm32f10x_rcc.o(.text)
    RCC_APB1PeriphClockCmd                   0x0800830b   Thumb Code    26  stm32f10x_rcc.o(.text)
    RCC_APB2PeriphResetCmd                   0x08008325   Thumb Code    26  stm32f10x_rcc.o(.text)
    RCC_APB1PeriphResetCmd                   0x0800833f   Thumb Code    26  stm32f10x_rcc.o(.text)
    RCC_BackupResetCmd                       0x08008359   Thumb Code     8  stm32f10x_rcc.o(.text)
    RCC_ClockSecuritySystemCmd               0x08008361   Thumb Code     6  stm32f10x_rcc.o(.text)
    RCC_MCOConfig                            0x08008367   Thumb Code     6  stm32f10x_rcc.o(.text)
    RCC_ClearFlag                            0x0800836d   Thumb Code    14  stm32f10x_rcc.o(.text)
    RCC_GetITStatus                          0x0800837b   Thumb Code    20  stm32f10x_rcc.o(.text)
    RCC_ClearITPendingBit                    0x0800838f   Thumb Code     6  stm32f10x_rcc.o(.text)
    SPI_I2S_DeInit                           0x080083b9   Thumb Code    76  stm32f10x_spi.o(.text)
    SPI_Init                                 0x08008405   Thumb Code    60  stm32f10x_spi.o(.text)
    I2S_Init                                 0x08008441   Thumb Code   226  stm32f10x_spi.o(.text)
    SPI_StructInit                           0x08008523   Thumb Code    24  stm32f10x_spi.o(.text)
    I2S_StructInit                           0x0800853b   Thumb Code    20  stm32f10x_spi.o(.text)
    SPI_Cmd                                  0x0800854f   Thumb Code    24  stm32f10x_spi.o(.text)
    I2S_Cmd                                  0x08008567   Thumb Code    24  stm32f10x_spi.o(.text)
    SPI_I2S_ITConfig                         0x0800857f   Thumb Code    32  stm32f10x_spi.o(.text)
    SPI_I2S_DMACmd                           0x0800859f   Thumb Code    18  stm32f10x_spi.o(.text)
    SPI_I2S_SendData                         0x080085b1   Thumb Code     4  stm32f10x_spi.o(.text)
    SPI_I2S_ReceiveData                      0x080085b5   Thumb Code     6  stm32f10x_spi.o(.text)
    SPI_NSSInternalSoftwareConfig            0x080085bb   Thumb Code    30  stm32f10x_spi.o(.text)
    SPI_SSOutputCmd                          0x080085d9   Thumb Code    24  stm32f10x_spi.o(.text)
    SPI_DataSizeConfig                       0x080085f1   Thumb Code    18  stm32f10x_spi.o(.text)
    SPI_TransmitCRC                          0x08008603   Thumb Code    10  stm32f10x_spi.o(.text)
    SPI_CalculateCRC                         0x0800860d   Thumb Code    24  stm32f10x_spi.o(.text)
    SPI_GetCRC                               0x08008625   Thumb Code    16  stm32f10x_spi.o(.text)
    SPI_GetCRCPolynomial                     0x08008635   Thumb Code     6  stm32f10x_spi.o(.text)
    SPI_BiDirectionalLineConfig              0x0800863b   Thumb Code    28  stm32f10x_spi.o(.text)
    SPI_I2S_GetFlagStatus                    0x08008657   Thumb Code    18  stm32f10x_spi.o(.text)
    SPI_I2S_ClearFlag                        0x08008669   Thumb Code     6  stm32f10x_spi.o(.text)
    SPI_I2S_GetITStatus                      0x0800866f   Thumb Code    52  stm32f10x_spi.o(.text)
    SPI_I2S_ClearITPendingBit                0x080086a3   Thumb Code    20  stm32f10x_spi.o(.text)
    TIM_DeInit                               0x080086c5   Thumb Code   424  stm32f10x_tim.o(.text)
    TIM_TimeBaseInit                         0x0800886d   Thumb Code   122  stm32f10x_tim.o(.text)
    TIM_OC1Init                              0x080088e7   Thumb Code   132  stm32f10x_tim.o(.text)
    TIM_OC2Init                              0x0800896b   Thumb Code   154  stm32f10x_tim.o(.text)
    TIM_OC3Init                              0x08008a05   Thumb Code   150  stm32f10x_tim.o(.text)
    TIM_OC4Init                              0x08008a9b   Thumb Code   182  stm32f10x_tim.o(.text)
    TIM_SetIC4Prescaler                      0x08008b51   Thumb Code    26  stm32f10x_tim.o(.text)
    TIM_SetIC3Prescaler                      0x08008bed   Thumb Code    18  stm32f10x_tim.o(.text)
    TIM_SetIC2Prescaler                      0x08008c79   Thumb Code    26  stm32f10x_tim.o(.text)
    TIM_SetIC1Prescaler                      0x08008d15   Thumb Code    18  stm32f10x_tim.o(.text)
    TIM_ICInit                               0x08008d93   Thumb Code   150  stm32f10x_tim.o(.text)
    TIM_PWMIConfig                           0x08008e29   Thumb Code   124  stm32f10x_tim.o(.text)
    TIM_BDTRConfig                           0x08008ea5   Thumb Code    32  stm32f10x_tim.o(.text)
    TIM_TimeBaseStructInit                   0x08008ec5   Thumb Code    18  stm32f10x_tim.o(.text)
    TIM_OCStructInit                         0x08008ed7   Thumb Code    20  stm32f10x_tim.o(.text)
    TIM_ICStructInit                         0x08008eeb   Thumb Code    18  stm32f10x_tim.o(.text)
    TIM_BDTRStructInit                       0x08008efd   Thumb Code    40  stm32f10x_tim.o(.text)
    TIM_Cmd                                  0x08008f25   Thumb Code    24  stm32f10x_tim.o(.text)
    TIM_CtrlPWMOutputs                       0x08008f3d   Thumb Code    30  stm32f10x_tim.o(.text)
    TIM_ITConfig                             0x08008f5b   Thumb Code    18  stm32f10x_tim.o(.text)
    TIM_GenerateEvent                        0x08008f6d   Thumb Code     4  stm32f10x_tim.o(.text)
    TIM_DMAConfig                            0x08008f71   Thumb Code    10  stm32f10x_tim.o(.text)
    TIM_DMACmd                               0x08008f7b   Thumb Code    18  stm32f10x_tim.o(.text)
    TIM_InternalClockConfig                  0x08008f8d   Thumb Code    12  stm32f10x_tim.o(.text)
    TIM_SelectInputTrigger                   0x08008f99   Thumb Code    18  stm32f10x_tim.o(.text)
    TIM_ITRxExternalClockConfig              0x08008fab   Thumb Code    24  stm32f10x_tim.o(.text)
    TIM_TIxExternalClockConfig               0x08008fc3   Thumb Code    62  stm32f10x_tim.o(.text)
    TIM_ETRConfig                            0x08009001   Thumb Code    28  stm32f10x_tim.o(.text)
    TIM_ETRClockMode1Config                  0x0800901d   Thumb Code    54  stm32f10x_tim.o(.text)
    TIM_ETRClockMode2Config                  0x08009053   Thumb Code    32  stm32f10x_tim.o(.text)
    TIM_PrescalerConfig                      0x08009073   Thumb Code     6  stm32f10x_tim.o(.text)
    TIM_CounterModeConfig                    0x08009079   Thumb Code    18  stm32f10x_tim.o(.text)
    TIM_EncoderInterfaceConfig               0x0800908b   Thumb Code    66  stm32f10x_tim.o(.text)
    TIM_ForcedOC1Config                      0x080090cd   Thumb Code    18  stm32f10x_tim.o(.text)
    TIM_ForcedOC2Config                      0x080090df   Thumb Code    26  stm32f10x_tim.o(.text)
    TIM_ForcedOC3Config                      0x080090f9   Thumb Code    18  stm32f10x_tim.o(.text)
    TIM_ForcedOC4Config                      0x0800910b   Thumb Code    26  stm32f10x_tim.o(.text)
    TIM_ARRPreloadConfig                     0x08009125   Thumb Code    24  stm32f10x_tim.o(.text)
    TIM_SelectCOM                            0x0800913d   Thumb Code    24  stm32f10x_tim.o(.text)
    TIM_SelectCCDMA                          0x08009155   Thumb Code    24  stm32f10x_tim.o(.text)
    TIM_CCPreloadControl                     0x0800916d   Thumb Code    24  stm32f10x_tim.o(.text)
    TIM_OC1PreloadConfig                     0x08009185   Thumb Code    18  stm32f10x_tim.o(.text)
    TIM_OC2PreloadConfig                     0x08009197   Thumb Code    26  stm32f10x_tim.o(.text)
    TIM_OC3PreloadConfig                     0x080091b1   Thumb Code    18  stm32f10x_tim.o(.text)
    TIM_OC4PreloadConfig                     0x080091c3   Thumb Code    26  stm32f10x_tim.o(.text)
    TIM_OC1FastConfig                        0x080091dd   Thumb Code    18  stm32f10x_tim.o(.text)
    TIM_OC2FastConfig                        0x080091ef   Thumb Code    26  stm32f10x_tim.o(.text)
    TIM_OC3FastConfig                        0x08009209   Thumb Code    18  stm32f10x_tim.o(.text)
    TIM_OC4FastConfig                        0x0800921b   Thumb Code    26  stm32f10x_tim.o(.text)
    TIM_ClearOC1Ref                          0x08009235   Thumb Code    18  stm32f10x_tim.o(.text)
    TIM_ClearOC2Ref                          0x08009247   Thumb Code    24  stm32f10x_tim.o(.text)
    TIM_ClearOC3Ref                          0x0800925f   Thumb Code    18  stm32f10x_tim.o(.text)
    TIM_ClearOC4Ref                          0x08009271   Thumb Code    24  stm32f10x_tim.o(.text)
    TIM_OC1PolarityConfig                    0x08009289   Thumb Code    18  stm32f10x_tim.o(.text)
    TIM_OC1NPolarityConfig                   0x0800929b   Thumb Code    18  stm32f10x_tim.o(.text)
    TIM_OC2PolarityConfig                    0x080092ad   Thumb Code    26  stm32f10x_tim.o(.text)
    TIM_OC2NPolarityConfig                   0x080092c7   Thumb Code    26  stm32f10x_tim.o(.text)
    TIM_OC3PolarityConfig                    0x080092e1   Thumb Code    26  stm32f10x_tim.o(.text)
    TIM_OC3NPolarityConfig                   0x080092fb   Thumb Code    26  stm32f10x_tim.o(.text)
    TIM_OC4PolarityConfig                    0x08009315   Thumb Code    26  stm32f10x_tim.o(.text)
    TIM_CCxCmd                               0x0800932f   Thumb Code    30  stm32f10x_tim.o(.text)
    TIM_CCxNCmd                              0x0800934d   Thumb Code    30  stm32f10x_tim.o(.text)
    TIM_SelectOCxM                           0x0800936b   Thumb Code    82  stm32f10x_tim.o(.text)
    TIM_UpdateDisableConfig                  0x080093bd   Thumb Code    24  stm32f10x_tim.o(.text)
    TIM_UpdateRequestConfig                  0x080093d5   Thumb Code    24  stm32f10x_tim.o(.text)
    TIM_SelectHallSensor                     0x080093ed   Thumb Code    24  stm32f10x_tim.o(.text)
    TIM_SelectOnePulseMode                   0x08009405   Thumb Code    18  stm32f10x_tim.o(.text)
    TIM_SelectOutputTrigger                  0x08009417   Thumb Code    18  stm32f10x_tim.o(.text)
    TIM_SelectSlaveMode                      0x08009429   Thumb Code    18  stm32f10x_tim.o(.text)
    TIM_SelectMasterSlaveMode                0x0800943b   Thumb Code    18  stm32f10x_tim.o(.text)
    TIM_SetCounter                           0x0800944d   Thumb Code     4  stm32f10x_tim.o(.text)
    TIM_SetAutoreload                        0x08009451   Thumb Code     4  stm32f10x_tim.o(.text)
    TIM_SetCompare1                          0x08009455   Thumb Code     4  stm32f10x_tim.o(.text)
    TIM_SetCompare2                          0x08009459   Thumb Code     4  stm32f10x_tim.o(.text)
    TIM_SetCompare3                          0x0800945d   Thumb Code     4  stm32f10x_tim.o(.text)
    TIM_SetCompare4                          0x08009461   Thumb Code     6  stm32f10x_tim.o(.text)
    TIM_SetClockDivision                     0x08009467   Thumb Code    18  stm32f10x_tim.o(.text)
    TIM_GetCapture1                          0x08009479   Thumb Code     6  stm32f10x_tim.o(.text)
    TIM_GetCapture2                          0x0800947f   Thumb Code     6  stm32f10x_tim.o(.text)
    TIM_GetCapture3                          0x08009485   Thumb Code     6  stm32f10x_tim.o(.text)
    TIM_GetCapture4                          0x0800948b   Thumb Code     8  stm32f10x_tim.o(.text)
    TIM_GetCounter                           0x08009493   Thumb Code     6  stm32f10x_tim.o(.text)
    TIM_GetPrescaler                         0x08009499   Thumb Code     6  stm32f10x_tim.o(.text)
    TIM_GetFlagStatus                        0x0800949f   Thumb Code    18  stm32f10x_tim.o(.text)
    TIM_ClearFlag                            0x080094b1   Thumb Code     6  stm32f10x_tim.o(.text)
    TIM_GetITStatus                          0x080094b7   Thumb Code    34  stm32f10x_tim.o(.text)
    TIM_ClearITPendingBit                    0x080094d9   Thumb Code     6  stm32f10x_tim.o(.text)
    USART_DeInit                             0x080094e1   Thumb Code   134  stm32f10x_usart.o(.text)
    USART_Init                               0x08009567   Thumb Code   210  stm32f10x_usart.o(.text)
    USART_StructInit                         0x08009639   Thumb Code    24  stm32f10x_usart.o(.text)
    USART_ClockInit                          0x08009651   Thumb Code    34  stm32f10x_usart.o(.text)
    USART_ClockStructInit                    0x08009673   Thumb Code    12  stm32f10x_usart.o(.text)
    USART_Cmd                                0x0800967f   Thumb Code    24  stm32f10x_usart.o(.text)
    USART_ITConfig                           0x08009697   Thumb Code    74  stm32f10x_usart.o(.text)
    USART_DMACmd                             0x080096e1   Thumb Code    18  stm32f10x_usart.o(.text)
    USART_SetAddress                         0x080096f3   Thumb Code    18  stm32f10x_usart.o(.text)
    USART_WakeUpConfig                       0x08009705   Thumb Code    18  stm32f10x_usart.o(.text)
    USART_ReceiverWakeUpCmd                  0x08009717   Thumb Code    24  stm32f10x_usart.o(.text)
    USART_LINBreakDetectLengthConfig         0x0800972f   Thumb Code    18  stm32f10x_usart.o(.text)
    USART_LINCmd                             0x08009741   Thumb Code    24  stm32f10x_usart.o(.text)
    USART_SendData                           0x08009759   Thumb Code     8  stm32f10x_usart.o(.text)
    USART_ReceiveData                        0x08009761   Thumb Code    10  stm32f10x_usart.o(.text)
    USART_SendBreak                          0x0800976b   Thumb Code    10  stm32f10x_usart.o(.text)
    USART_SetGuardTime                       0x08009775   Thumb Code    16  stm32f10x_usart.o(.text)
    USART_SetPrescaler                       0x08009785   Thumb Code    16  stm32f10x_usart.o(.text)
    USART_SmartCardCmd                       0x08009795   Thumb Code    24  stm32f10x_usart.o(.text)
    USART_SmartCardNACKCmd                   0x080097ad   Thumb Code    24  stm32f10x_usart.o(.text)
    USART_HalfDuplexCmd                      0x080097c5   Thumb Code    24  stm32f10x_usart.o(.text)
    USART_OverSampling8Cmd                   0x080097dd   Thumb Code    22  stm32f10x_usart.o(.text)
    USART_OneBitMethodCmd                    0x080097f3   Thumb Code    24  stm32f10x_usart.o(.text)
    USART_IrDAConfig                         0x0800980b   Thumb Code    18  stm32f10x_usart.o(.text)
    USART_IrDACmd                            0x0800981d   Thumb Code    24  stm32f10x_usart.o(.text)
    USART_GetFlagStatus                      0x08009835   Thumb Code    26  stm32f10x_usart.o(.text)
    USART_ClearFlag                          0x0800984f   Thumb Code    18  stm32f10x_usart.o(.text)
    USART_GetITStatus                        0x08009861   Thumb Code    84  stm32f10x_usart.o(.text)
    USART_ClearITPendingBit                  0x080098b5   Thumb Code    52  stm32f10x_usart.o(.text)
    EXTI_DeInit                              0x080098e9   Thumb Code    28  stm32f10x_exti.o(.text)
    EXTI_Init                                0x08009905   Thumb Code   142  stm32f10x_exti.o(.text)
    EXTI_StructInit                          0x08009993   Thumb Code    16  stm32f10x_exti.o(.text)
    EXTI_GenerateSWInterrupt                 0x080099a3   Thumb Code    16  stm32f10x_exti.o(.text)
    EXTI_GetFlagStatus                       0x080099b3   Thumb Code    22  stm32f10x_exti.o(.text)
    EXTI_ClearFlag                           0x080099c9   Thumb Code     8  stm32f10x_exti.o(.text)
    EXTI_GetITStatus                         0x080099d1   Thumb Code    34  stm32f10x_exti.o(.text)
    EXTI_ClearITPendingBit                   0x080099f3   Thumb Code     8  stm32f10x_exti.o(.text)
    mymemcpy                                 0x08009a05   Thumb Code    26  malloc.o(.text)
    mymemset                                 0x08009a1f   Thumb Code    20  malloc.o(.text)
    mem_init                                 0x08009a33   Thumb Code    54  malloc.o(.text)
    mem_perused                              0x08009a69   Thumb Code    54  malloc.o(.text)
    mem_malloc                               0x08009a9f   Thumb Code   162  malloc.o(.text)
    mem_free                                 0x08009b41   Thumb Code    94  malloc.o(.text)
    myfree                                   0x08009b9f   Thumb Code    32  malloc.o(.text)
    mymalloc                                 0x08009bbf   Thumb Code    36  malloc.o(.text)
    myrealloc                                0x08009be3   Thumb Code    68  malloc.o(.text)
    disk_initialize                          0x08009c39   Thumb Code    90  diskio.o(.text)
    disk_status                              0x08009c93   Thumb Code     6  diskio.o(.text)
    disk_read                                0x08009c99   Thumb Code   122  diskio.o(.text)
    disk_write                               0x08009d13   Thumb Code   102  diskio.o(.text)
    disk_ioctl                               0x08009d79   Thumb Code   154  diskio.o(.text)
    get_fattime                              0x08009e13   Thumb Code     4  diskio.o(.text)
    ff_memalloc                              0x08009e17   Thumb Code    14  diskio.o(.text)
    ff_memfree                               0x08009e25   Thumb Code    14  diskio.o(.text)
    clust2sect                               0x08009fe5   Thumb Code    26  ff.o(.text)
    get_fat                                  0x08009fff   Thumb Code   228  ff.o(.text)
    put_fat                                  0x0800a0e3   Thumb Code   310  ff.o(.text)
    dir_sdi                                  0x0800a37d   Thumb Code   156  ff.o(.text)
    gen_numname                              0x0800a6a5   Thumb Code   190  ff.o(.text)
    f_mount                                  0x0800b43d   Thumb Code    38  ff.o(.text)
    f_open                                   0x0800b463   Thumb Code   396  ff.o(.text)
    f_read                                   0x0800b5ef   Thumb Code   476  ff.o(.text)
    f_write                                  0x0800b7cb   Thumb Code   550  ff.o(.text)
    f_sync                                   0x0800b9f1   Thumb Code   184  ff.o(.text)
    f_close                                  0x0800baa9   Thumb Code    22  ff.o(.text)
    f_chdrive                                0x0800babf   Thumb Code    18  ff.o(.text)
    f_chdir                                  0x0800bad1   Thumb Code   124  ff.o(.text)
    f_lseek                                  0x0800bb4d   Thumb Code   734  ff.o(.text)
    f_opendir                                0x0800be2b   Thumb Code   142  ff.o(.text)
    f_readdir                                0x0800beb9   Thumb Code   112  ff.o(.text)
    f_stat                                   0x0800bf29   Thumb Code    82  ff.o(.text)
    f_getfree                                0x0800bf7b   Thumb Code   276  ff.o(.text)
    f_truncate                               0x0800c08f   Thumb Code   156  ff.o(.text)
    f_unlink                                 0x0800c12b   Thumb Code   222  ff.o(.text)
    f_mkdir                                  0x0800c209   Thumb Code   432  ff.o(.text)
    f_chmod                                  0x0800c3b9   Thumb Code   126  ff.o(.text)
    f_utime                                  0x0800c437   Thumb Code   124  ff.o(.text)
    f_rename                                 0x0800c4b3   Thumb Code   332  ff.o(.text)
    f_mkfs                                   0x0800c5ff   Thumb Code  1584  ff.o(.text)
    f_gets                                   0x0800cc2f   Thumb Code    78  ff.o(.text)
    f_putc                                   0x0800cc7d   Thumb Code    38  ff.o(.text)
    f_puts                                   0x0800cca3   Thumb Code    42  ff.o(.text)
    f_printf                                 0x0800cccd   Thumb Code   708  ff.o(.text)
    exfuns_init                              0x0800cf91   Thumb Code   110  exfuns.o(.text)
    char_upper                               0x0800cfff   Thumb Code    26  exfuns.o(.text)
    f_typetell                               0x0800d019   Thumb Code   188  exfuns.o(.text)
    exf_getfree                              0x0800d0d5   Thumb Code    74  exfuns.o(.text)
    mf_mount                                 0x0800d135   Thumb Code    18  fattester.o(.text)
    mf_open                                  0x0800d147   Thumb Code    24  fattester.o(.text)
    mf_close                                 0x0800d15f   Thumb Code    14  fattester.o(.text)
    mf_read                                  0x0800d16d   Thumb Code   224  fattester.o(.text)
    mf_write                                 0x0800d24d   Thumb Code    68  fattester.o(.text)
    mf_opendir                               0x0800d291   Thumb Code    14  fattester.o(.text)
    mf_readdir                               0x0800d29f   Thumb Code   204  fattester.o(.text)
    mf_scan_files                            0x0800d36b   Thumb Code   120  fattester.o(.text)
    mf_showfree                              0x0800d3e3   Thumb Code    88  fattester.o(.text)
    mf_lseek                                 0x0800d43b   Thumb Code    16  fattester.o(.text)
    mf_tell                                  0x0800d44b   Thumb Code     8  fattester.o(.text)
    mf_size                                  0x0800d453   Thumb Code     8  fattester.o(.text)
    mf_mkdir                                 0x0800d45b   Thumb Code    12  fattester.o(.text)
    mf_fmkfs                                 0x0800d467   Thumb Code    20  fattester.o(.text)
    mf_unlink                                0x0800d47b   Thumb Code    12  fattester.o(.text)
    mf_rename                                0x0800d487   Thumb Code    16  fattester.o(.text)
    mf_gets                                  0x0800d497   Thumb Code    38  fattester.o(.text)
    mf_putc                                  0x0800d4bd   Thumb Code    18  fattester.o(.text)
    mf_puts                                  0x0800d4cf   Thumb Code    18  fattester.o(.text)
    ff_convert                               0x0800d70d   Thumb Code   146  mycc936.o(.text)
    ff_wtoupper                              0x0800d79f   Thumb Code    46  mycc936.o(.text)
    usmart_sys_cmd_exe                       0x0800d7d9   Thumb Code  1554  usmart.o(.text)
    usmart_reset_runtime                     0x0800ddeb   Thumb Code    34  usmart.o(.text)
    usmart_get_runtime                       0x0800de0d   Thumb Code    58  usmart.o(.text)
    TIM2_IRQHandler                          0x0800de47   Thumb Code    52  usmart.o(.text)
    Timer2_Init                              0x0800de7b   Thumb Code    90  usmart.o(.text)
    usmart_init                              0x0800ded5   Thumb Code    36  usmart.o(.text)
    usmart_cmd_rec                           0x0800def9   Thumb Code   170  usmart.o(.text)
    usmart_exe                               0x0800dfa3   Thumb Code   864  usmart.o(.text)
    usmart_scan                              0x0800e303   Thumb Code   120  usmart.o(.text)
    read_addr                                0x0800e37b   Thumb Code     6  usmart.o(.text)
    write_addr                               0x0800e381   Thumb Code     4  usmart.o(.text)
    usmart_strcmp                            0x0800e40d   Thumb Code    34  usmart_str.o(.text)
    usmart_strcopy                           0x0800e42f   Thumb Code    22  usmart_str.o(.text)
    usmart_strlen                            0x0800e445   Thumb Code    24  usmart_str.o(.text)
    usmart_pow                               0x0800e45d   Thumb Code    22  usmart_str.o(.text)
    usmart_str2num                           0x0800e473   Thumb Code   202  usmart_str.o(.text)
    usmart_get_cmdname                       0x0800e53d   Thumb Code    54  usmart_str.o(.text)
    usmart_search_nextc                      0x0800e573   Thumb Code    22  usmart_str.o(.text)
    usmart_get_fname                         0x0800e589   Thumb Code   440  usmart_str.o(.text)
    usmart_get_aparm                         0x0800e741   Thumb Code   200  usmart_str.o(.text)
    usmart_get_parmpos                       0x0800e809   Thumb Code    26  usmart_str.o(.text)
    usmart_get_fparam                        0x0800e823   Thumb Code   262  usmart_str.o(.text)
    Get_HzMat                                0x0800e935   Thumb Code   150  text.o(.text)
    Show_Font                                0x0800e9cb   Thumb Code   244  text.o(.text)
    Show_Str                                 0x0800eabf   Thumb Code   192  text.o(.text)
    Show_Str_Mid                             0x0800eb7f   Thumb Code   106  text.o(.text)
    stdbmp_decode                            0x0800ebf5   Thumb Code   720  bmp.o(.text)
    minibmp_decode                           0x0800eec5   Thumb Code   940  bmp.o(.text)
    printfBmpFileInfo                        0x0800f271   Thumb Code    30  bmp.o(.text)
    printfBmpInfo                            0x0800f28f   Thumb Code    66  bmp.o(.text)
    gif_check_head                           0x0800f3b9   Thumb Code    88  gif.o(.text)
    gif_getrgb565                            0x0800f411   Thumb Code    28  gif.o(.text)
    gif_readcolortbl                         0x0800f42d   Thumb Code    64  gif.o(.text)
    gif_getinfo                              0x0800f46d   Thumb Code    70  gif.o(.text)
    gif_savegctbl                            0x0800f4b3   Thumb Code    38  gif.o(.text)
    gif_recovergctbl                         0x0800f4d9   Thumb Code    38  gif.o(.text)
    gif_initlzw                              0x0800f4ff   Thumb Code   152  gif.o(.text)
    gif_getdatablock                         0x0800f597   Thumb Code    96  gif.o(.text)
    gif_readextension                        0x0800f5f7   Thumb Code   160  gif.o(.text)
    gif_getnextcode                          0x0800f697   Thumb Code   452  gif.o(.text)
    gif_getnextbyte                          0x0800f85b   Thumb Code   856  gif.o(.text)
    gif_dispimage                            0x0800fbb3   Thumb Code   544  gif.o(.text)
    gif_clear2bkcolor                        0x0800fdd3   Thumb Code   496  gif.o(.text)
    gif_drawimage                            0x0800ffc3   Thumb Code   352  gif.o(.text)
    gif_quit                                 0x08010123   Thumb Code     8  gif.o(.text)
    gif_decode                               0x0801012b   Thumb Code   306  gif.o(.text)
    piclib_draw_hline                        0x08010261   Thumb Code    52  piclib.o(.text)
    piclib_init                              0x08010295   Thumb Code    68  piclib.o(.text)
    piclib_alpha_blend                       0x080102d9   Thumb Code    42  piclib.o(.text)
    ai_draw_init                             0x08010303   Thumb Code   264  piclib.o(.text)
    is_element_ok                            0x0801040b   Thumb Code    36  piclib.o(.text)
    ai_load_picfile                          0x0801042f   Thumb Code   206  piclib.o(.text)
    jd_prepare                               0x080110c5   Thumb Code   924  tjpgd.o(.text)
    jd_decomp                                0x08011461   Thumb Code   162  tjpgd.o(.text)
    jpeg_mallocall                           0x08011503   Thumb Code    76  tjpgd.o(.text)
    jpeg_freeall                             0x0801154f   Thumb Code    34  tjpgd.o(.text)
    jpeg_in_func                             0x08011571   Thumb Code    48  tjpgd.o(.text)
    jpeg_out_func_fill                       0x080115a1   Thumb Code   102  tjpgd.o(.text)
    jpeg_out_func_point                      0x08011607   Thumb Code   182  tjpgd.o(.text)
    jpg_decode                               0x080116bd   Thumb Code   268  tjpgd.o(.text)
    strlen                                   0x080117dd   Thumb Code    14  strlen.o(.text)
    strcmp                                   0x080117eb   Thumb Code    28  strcmp.o(.text)
    strcpy                                   0x08011807   Thumb Code    18  strcpy.o(.text)
    __aeabi_fadd                             0x08011819   Thumb Code   164  fadd.o(.text)
    __aeabi_fsub                             0x080118bd   Thumb Code     6  fadd.o(.text)
    __aeabi_frsub                            0x080118c3   Thumb Code     6  fadd.o(.text)
    __aeabi_fmul                             0x080118c9   Thumb Code   100  fmul.o(.text)
    __aeabi_fdiv                             0x0801192d   Thumb Code   124  fdiv.o(.text)
    __aeabi_dadd                             0x080119a9   Thumb Code   322  dadd.o(.text)
    __aeabi_dsub                             0x08011aeb   Thumb Code     6  dadd.o(.text)
    __aeabi_drsub                            0x08011af1   Thumb Code     6  dadd.o(.text)
    __aeabi_dmul                             0x08011af7   Thumb Code   228  dmul.o(.text)
    __aeabi_ddiv                             0x08011bdb   Thumb Code   222  ddiv.o(.text)
    __aeabi_ui2f                             0x08011cb9   Thumb Code    10  ffltui.o(.text)
    __aeabi_i2d                              0x08011cc3   Thumb Code    34  dflti.o(.text)
    __aeabi_ui2d                             0x08011ce5   Thumb Code    26  dfltui.o(.text)
    __aeabi_f2uiz                            0x08011cff   Thumb Code    40  ffixui.o(.text)
    __aeabi_d2iz                             0x08011d27   Thumb Code    62  dfixi.o(.text)
    __aeabi_d2uiz                            0x08011d65   Thumb Code    50  dfixui.o(.text)
    __aeabi_d2lz                             0x08011d97   Thumb Code    74  dfixl.o(.text)
    __aeabi_cdrcmple                         0x08011de1   Thumb Code    48  cdrcmple.o(.text)
    __aeabi_cfcmpeq                          0x08011e11   Thumb Code     0  cfcmple.o(.text)
    __aeabi_cfcmple                          0x08011e11   Thumb Code    20  cfcmple.o(.text)
    __aeabi_cfrcmple                         0x08011e25   Thumb Code    20  cfrcmple.o(.text)
    __aeabi_uldivmod                         0x08011e39   Thumb Code    98  uldiv.o(.text)
    __aeabi_llsl                             0x08011e9b   Thumb Code    30  llshl.o(.text)
    _ll_shift_l                              0x08011e9b   Thumb Code     0  llshl.o(.text)
    __aeabi_llsr                             0x08011eb9   Thumb Code    32  llushr.o(.text)
    _ll_ushift_r                             0x08011eb9   Thumb Code     0  llushr.o(.text)
    __aeabi_lasr                             0x08011ed9   Thumb Code    36  llsshr.o(.text)
    _ll_sshift_r                             0x08011ed9   Thumb Code     0  llsshr.o(.text)
    __I$use$fp                               0x08011efd   Thumb Code     0  iusefp.o(.text)
    _float_round                             0x08011efd   Thumb Code    18  fepilogue.o(.text)
    _float_epilogue                          0x08011f0f   Thumb Code    92  fepilogue.o(.text)
    _double_round                            0x08011f6b   Thumb Code    30  depilogue.o(.text)
    _double_epilogue                         0x08011f89   Thumb Code   156  depilogue.o(.text)
    __ARM_scalbn                             0x08012025   Thumb Code    46  dscalb.o(.text)
    scalbn                                   0x08012025   Thumb Code     0  dscalb.o(.text)
    _dsqrt                                   0x08012053   Thumb Code   162  dsqrt.o(.text)
    __aeabi_cdcmpeq                          0x080120f5   Thumb Code     0  cdcmple.o(.text)
    __aeabi_cdcmple                          0x080120f5   Thumb Code    48  cdcmple.o(.text)
    __scatterload                            0x08012125   Thumb Code    28  init.o(.text)
    __scatterload_rt2                        0x08012125   Thumb Code     0  init.o(.text)
    __decompress                             0x08012149   Thumb Code     0  __dczerorl2.o(.text)
    __decompress1                            0x08012149   Thumb Code    86  __dczerorl2.o(.text)
    __0printf$8                              0x080121a1   Thumb Code    22  printf8.o(i.__0printf$8)
    __1printf$8                              0x080121a1   Thumb Code     0  printf8.o(i.__0printf$8)
    __2printf                                0x080121a1   Thumb Code     0  printf8.o(i.__0printf$8)
    __ARM_fpclassify                         0x080121c1   Thumb Code    40  fpclassify.o(i.__ARM_fpclassify)
    __kernel_poly                            0x080121e9   Thumb Code   170  poly.o(i.__kernel_poly)
    __mathlib_dbl_infnan                     0x08012293   Thumb Code     6  dunder.o(i.__mathlib_dbl_infnan)
    __mathlib_dbl_overflow                   0x08012299   Thumb Code    14  dunder.o(i.__mathlib_dbl_overflow)
    __mathlib_dbl_underflow                  0x080122a9   Thumb Code    10  dunder.o(i.__mathlib_dbl_underflow)
    __scatterload_copy                       0x080122b9   Thumb Code    14  handlers.o(i.__scatterload_copy)
    __scatterload_null                       0x080122c7   Thumb Code     2  handlers.o(i.__scatterload_null)
    __scatterload_zeroinit                   0x080122c9   Thumb Code    14  handlers.o(i.__scatterload_zeroinit)
    __set_errno                              0x080122d9   Thumb Code     6  errno.o(i.__set_errno)
    exp                                      0x08012749   Thumb Code   554  exp.o(i.exp)
    sqrt                                     0x080129cd   Thumb Code    76  sqrt.o(i.sqrt)
    asc2_1206                                0x08012a18   Data        1140  lcd.o(.constdata)
    asc2_1608                                0x08012e8c   Data        1520  lcd.o(.constdata)
    ov7725_init_reg_tb1                      0x0801347c   Data         130  ov7725.o(.constdata)
    memtblsize                               0x08013500   Data           8  malloc.o(.constdata)
    memblksize                               0x08013508   Data           8  malloc.o(.constdata)
    memsize                                  0x08013510   Data           8  malloc.o(.constdata)
    _aMaskTbl                                0x08013912   Data          32  gif.o(.constdata)
    _aInterlaceOffset                        0x08013932   Data           4  gif.o(.constdata)
    _aInterlaceYPos                          0x08013936   Data           4  gif.o(.constdata)
    Region$$Table$$Base                      0x08014328   Number         0  anon$$obj.o(Region$$Table)
    Region$$Table$$Limit                     0x08014348   Number         0  anon$$obj.o(Region$$Table)
    res_sd                                   0x20000000   Data           1  main.o(.data)
    fnum                                     0x20000004   Data           4  main.o(.data)
    SystemCoreClock                          0x20000008   Data           4  system_stm32f10x.o(.data)
    AHBPrescTable                            0x2000000c   Data          16  system_stm32f10x.o(.data)
    ov_sta                                   0x2000001c   Data           1  exti_1.o(.data)
    POINT_COLOR                              0x2000001e   Data           2  lcd.o(.data)
    BACK_COLOR                               0x20000020   Data           2  lcd.o(.data)
    SPI_FLASH_TYPE                           0x20000022   Data           2  flash.o(.data)
    SD_Type                                  0x20000024   Data           1  mmc_sd.o(.data)
    __stdout                                 0x2000002c   Data           4  usart.o(.data)
    USART_RX_STA                             0x20000030   Data           2  usart.o(.data)
    USART2_RX_STA                            0x20000032   Data           2  usart.o(.data)
    mallco_dev                               0x20000048   Data          28  malloc.o(.data)
    FLASH_SECTOR_COUNT                       0x20000064   Data           2  diskio.o(.data)
    FILE_TYPE_TBL                            0x20000074   Data         312  exfuns.o(.data)
    fs                                       0x200001ac   Data           8  exfuns.o(.data)
    file                                     0x200001b4   Data           4  exfuns.o(.data)
    ftemp                                    0x200001b8   Data           4  exfuns.o(.data)
    br                                       0x200001bc   Data           4  exfuns.o(.data)
    bw                                       0x200001c0   Data           4  exfuns.o(.data)
    fatbuf                                   0x200001c4   Data           4  exfuns.o(.data)
    sys_cmd_tab                              0x200001c8   Data          28  usmart.o(.data)
    usmart_nametab                           0x200001e4   Data         256  usmart_config.o(.data)
    usmart_dev                               0x200002e4   Data         244  usmart_config.o(.data)
    gifdecoding                              0x200003d8   Data           1  gif.o(.data)
    f_jpeg                                   0x200003dc   Data           4  tjpgd.o(.data)
    jpeg_dev                                 0x200003e0   Data           4  tjpgd.o(.data)
    jpg_buffer                               0x200003e4   Data           4  tjpgd.o(.data)
    fnew                                     0x200003ec   Data         552  main.o(.bss)
    f1                                       0x20000614   Data         552  imageprocess.o(.bss)
    f2                                       0x2000083c   Data         552  imageprocess.o(.bss)
    f3                                       0x20000a64   Data         552  imageprocess.o(.bss)
    f4                                       0x20000c8c   Data         552  imageprocess.o(.bss)
    f5                                       0x20000eb4   Data         552  imageprocess.o(.bss)
    f6                                       0x200010dc   Data         552  imageprocess.o(.bss)
    f7                                       0x20001304   Data         552  imageprocess.o(.bss)
    f8                                       0x2000152c   Data         552  imageprocess.o(.bss)
    bmp                                      0x20001754   Data          66  imageprocess.o(.bss)
    data                                     0x20001796   Data          11  crc16.o(.bss)
    res                                      0x200017a1   Data          22  crc16.o(.bss)
    lcddev                                   0x200017b8   Data          14  lcd.o(.bss)
    SPI_FLASH_BUF                            0x200017c6   Data        4096  flash.o(.bss)
    USART_RX_BUF                             0x200027c6   Data         200  usart.o(.bss)
    USART2_RX_BUF                            0x2000288e   Data         200  usart.o(.bss)
    mem1base                                 0x20002958   Data       40960  malloc.o(.bss)
    mem1mapbase                              0x2000c958   Data        2560  malloc.o(.bss)
    fileinfo                                 0x2000d358   Data          32  exfuns.o(.bss)
    dir                                      0x2000d378   Data          36  exfuns.o(.bss)
    ftinfo                                   0x2000d39c   Data          25  fontupd.o(.bss)
    picinfo                                  0x2000d3b8   Data          40  piclib.o(.bss)
    pic_phy                                  0x2000d3e0   Data          28  piclib.o(.bss)
    __initial_sp                             0x2000d800   Data           0  startup_stm32f10x_hd.o(STACK)
    mem2base                                 0x68000000   Data       196608  malloc.o(.ARM.__AT_0x68000000)
    mem2mapbase                              0x68030000   Data       12288  malloc.o(.ARM.__AT_0x68030000)



==============================================================================

Memory Map of the image

  Image Entry point : 0x08000131

  Load Region LR_IROM1 (Base: 0x08000000, Size: 0x00014734, Max: 0x00080000, ABSOLUTE, COMPRESSED[0x000144cc])

    Execution Region ER_IROM1 (Base: 0x08000000, Size: 0x00014348, Max: 0x00080000, ABSOLUTE)

    Base Addr    Size         Type   Attr      Idx    E Section Name        Object

    0x08000000   0x00000130   Data   RO          447    RESET               startup_stm32f10x_hd.o
    0x08000130   0x00000000   Code   RO          871  * .ARM.Collect$$$$00000000  mc_w.l(entry.o)
    0x08000130   0x00000004   Code   RO         1192    .ARM.Collect$$$$00000001  mc_w.l(entry2.o)
    0x08000134   0x00000004   Code   RO         1195    .ARM.Collect$$$$00000004  mc_w.l(entry5.o)
    0x08000138   0x00000000   Code   RO         1197    .ARM.Collect$$$$00000008  mc_w.l(entry7b.o)
    0x08000138   0x00000000   Code   RO         1199    .ARM.Collect$$$$0000000A  mc_w.l(entry8b.o)
    0x08000138   0x00000008   Code   RO         1200    .ARM.Collect$$$$0000000B  mc_w.l(entry9a.o)
    0x08000140   0x00000000   Code   RO         1202    .ARM.Collect$$$$0000000D  mc_w.l(entry10a.o)
    0x08000140   0x00000000   Code   RO         1204    .ARM.Collect$$$$0000000F  mc_w.l(entry11a.o)
    0x08000140   0x00000004   Code   RO         1193    .ARM.Collect$$$$00002712  mc_w.l(entry2.o)
    0x08000144   0x00000628   Code   RO            1    .text               main.o
    0x0800076c   0x0000001a   Code   RO          128    .text               stm32f10x_it.o
    0x08000786   0x00000002   PAD
    0x08000788   0x000001e0   Code   RO          160    .text               system_stm32f10x.o
    0x08000968   0x00000278   Code   RO          178    .text               exti_1.o
    0x08000be0   0x00000aec   Code   RO          203    .text               imageprocess.o
    0x080016cc   0x000000b0   Code   RO          225    .text               crc16.o
    0x0800177c   0x000000fc   Code   RO          252    .text               key.o
    0x08001878   0x0000481e   Code   RO          265    .text               lcd.o
    0x08006096   0x00000002   PAD
    0x08006098   0x00000108   Code   RO          288    .text               spi.o
    0x080061a0   0x00000384   Code   RO          303    .text               flash.o
    0x08006524   0x00000560   Code   RO          337    .text               mmc_sd.o
    0x08006a84   0x00000294   Code   RO          355    .text               sccb.o
    0x08006d18   0x00000562   Code   RO          367    .text               ov7725.o
    0x0800727a   0x00000002   PAD
    0x0800727c   0x000000d4   Code   RO          385    .text               delay.o
    0x08007350   0x0000025c   Code   RO          411    .text               usart.o
    0x080075ac   0x00000024   Code   RO          448    .text               startup_stm32f10x_hd.o
    0x080075d0   0x000000dc   Code   RO          452    .text               misc.o
    0x080076ac   0x0000060c   Code   RO          464    .text               stm32f10x_fsmc.o
    0x08007cb8   0x0000035c   Code   RO          476    .text               stm32f10x_gpio.o
    0x08008014   0x000003a4   Code   RO          488    .text               stm32f10x_rcc.o
    0x080083b8   0x0000030c   Code   RO          502    .text               stm32f10x_spi.o
    0x080086c4   0x00000e1a   Code   RO          514    .text               stm32f10x_tim.o
    0x080094de   0x00000002   PAD
    0x080094e0   0x00000408   Code   RO          526    .text               stm32f10x_usart.o
    0x080098e8   0x0000011c   Code   RO          538    .text               stm32f10x_exti.o
    0x08009a04   0x00000234   Code   RO          550    .text               malloc.o
    0x08009c38   0x00000208   Code   RO          572    .text               diskio.o
    0x08009e40   0x00003150   Code   RO          602    .text               ff.o
    0x0800cf90   0x000001a4   Code   RO          620    .text               exfuns.o
    0x0800d134   0x000005d8   Code   RO          650    .text               fattester.o
    0x0800d70c   0x000000cc   Code   RO          676    .text               mycc936.o
    0x0800d7d8   0x00000c34   Code   RO          693    .text               usmart.o
    0x0800e40c   0x00000528   Code   RO          728    .text               usmart_str.o
    0x0800e934   0x000002c0   Code   RO          760    .text               text.o
    0x0800ebf4   0x000007c4   Code   RO          775    .text               bmp.o
    0x0800f3b8   0x00000ea8   Code   RO          787    .text               gif.o
    0x08010260   0x000002c4   Code   RO          806    .text               piclib.o
    0x08010524   0x000012b8   Code   RO          824    .text               tjpgd.o
    0x080117dc   0x0000000e   Code   RO          874    .text               mc_w.l(strlen.o)
    0x080117ea   0x0000001c   Code   RO          876    .text               mc_w.l(strcmp.o)
    0x08011806   0x00000012   Code   RO          878    .text               mc_w.l(strcpy.o)
    0x08011818   0x000000b0   Code   RO         1141    .text               mf_w.l(fadd.o)
    0x080118c8   0x00000064   Code   RO         1143    .text               mf_w.l(fmul.o)
    0x0801192c   0x0000007c   Code   RO         1145    .text               mf_w.l(fdiv.o)
    0x080119a8   0x0000014e   Code   RO         1147    .text               mf_w.l(dadd.o)
    0x08011af6   0x000000e4   Code   RO         1149    .text               mf_w.l(dmul.o)
    0x08011bda   0x000000de   Code   RO         1151    .text               mf_w.l(ddiv.o)
    0x08011cb8   0x0000000a   Code   RO         1153    .text               mf_w.l(ffltui.o)
    0x08011cc2   0x00000022   Code   RO         1155    .text               mf_w.l(dflti.o)
    0x08011ce4   0x0000001a   Code   RO         1157    .text               mf_w.l(dfltui.o)
    0x08011cfe   0x00000028   Code   RO         1159    .text               mf_w.l(ffixui.o)
    0x08011d26   0x0000003e   Code   RO         1161    .text               mf_w.l(dfixi.o)
    0x08011d64   0x00000032   Code   RO         1163    .text               mf_w.l(dfixui.o)
    0x08011d96   0x0000004a   Code   RO         1165    .text               mf_w.l(dfixl.o)
    0x08011de0   0x00000030   Code   RO         1167    .text               mf_w.l(cdrcmple.o)
    0x08011e10   0x00000014   Code   RO         1169    .text               mf_w.l(cfcmple.o)
    0x08011e24   0x00000014   Code   RO         1171    .text               mf_w.l(cfrcmple.o)
    0x08011e38   0x00000062   Code   RO         1208    .text               mc_w.l(uldiv.o)
    0x08011e9a   0x0000001e   Code   RO         1210    .text               mc_w.l(llshl.o)
    0x08011eb8   0x00000020   Code   RO         1212    .text               mc_w.l(llushr.o)
    0x08011ed8   0x00000024   Code   RO         1214    .text               mc_w.l(llsshr.o)
    0x08011efc   0x00000000   Code   RO         1223    .text               mc_w.l(iusefp.o)
    0x08011efc   0x0000006e   Code   RO         1224    .text               mf_w.l(fepilogue.o)
    0x08011f6a   0x000000ba   Code   RO         1226    .text               mf_w.l(depilogue.o)
    0x08012024   0x0000002e   Code   RO         1228    .text               mf_w.l(dscalb.o)
    0x08012052   0x000000a2   Code   RO         1230    .text               mf_w.l(dsqrt.o)
    0x080120f4   0x00000030   Code   RO         1234    .text               mf_w.l(cdcmple.o)
    0x08012124   0x00000024   Code   RO         1236    .text               mc_w.l(init.o)
    0x08012148   0x00000056   Code   RO         1246    .text               mc_w.l(__dczerorl2.o)
    0x0801219e   0x00000002   PAD
    0x080121a0   0x00000020   Code   RO         1087    i.__0printf$8       mc_w.l(printf8.o)
    0x080121c0   0x00000028   Code   RO         1187    i.__ARM_fpclassify  m_ws.l(fpclassify.o)
    0x080121e8   0x000000aa   Code   RO         1189    i.__kernel_poly     m_ws.l(poly.o)
    0x08012292   0x00000006   Code   RO         1174    i.__mathlib_dbl_infnan  m_ws.l(dunder.o)
    0x08012298   0x0000000e   Code   RO         1177    i.__mathlib_dbl_overflow  m_ws.l(dunder.o)
    0x080122a6   0x00000002   PAD
    0x080122a8   0x00000010   Code   RO         1179    i.__mathlib_dbl_underflow  m_ws.l(dunder.o)
    0x080122b8   0x0000000e   Code   RO         1240    i.__scatterload_copy  mc_w.l(handlers.o)
    0x080122c6   0x00000002   Code   RO         1241    i.__scatterload_null  mc_w.l(handlers.o)
    0x080122c8   0x0000000e   Code   RO         1242    i.__scatterload_zeroinit  mc_w.l(handlers.o)
    0x080122d6   0x00000002   PAD
    0x080122d8   0x0000000c   Code   RO         1218    i.__set_errno       mc_w.l(errno.o)
    0x080122e4   0x00000410   Code   RO         1094    i._printf_core      mc_w.l(printf8.o)
    0x080126f4   0x00000024   Code   RO         1095    i._printf_post_padding  mc_w.l(printf8.o)
    0x08012718   0x0000002e   Code   RO         1096    i._printf_pre_padding  mc_w.l(printf8.o)
    0x08012746   0x00000002   PAD
    0x08012748   0x00000284   Code   RO          854    i.exp               m_ws.l(exp.o)
    0x080129cc   0x0000004c   Code   RO          864    i.sqrt              m_ws.l(sqrt.o)
    0x08012a18   0x00000a64   Data   RO          267    .constdata          lcd.o
    0x0801347c   0x00000082   Data   RO          368    .constdata          ov7725.o
    0x080134fe   0x00000002   PAD
    0x08013500   0x00000018   Data   RO          554    .constdata          malloc.o
    0x08013518   0x0000003a   Data   RO          603    .constdata          ff.o
    0x08013552   0x000003c0   Data   RO          677    .constdata          mycc936.o
    0x08013912   0x00000028   Data   RO          788    .constdata          gif.o
    0x0801393a   0x000004c0   Data   RO          825    .constdata          tjpgd.o
    0x08013dfa   0x00000006   PAD
    0x08013e00   0x00000058   Data   RO          855    .constdata          m_ws.l(exp.o)
    0x08013e58   0x00000064   Data   RO          622    .conststring        exfuns.o
    0x08013ebc   0x00000028   Data   RO          694    .conststring        usmart.o
    0x08013ee4   0x00000441   Data   RO          709    .conststring        usmart_config.o
    0x08014325   0x00000003   PAD
    0x08014328   0x00000020   Data   RO         1238    Region$$Table       anon$$obj.o


    Execution Region RW_IRAM1 (Base: 0x20000000, Size: 0x0000d800, Max: 0x00010000, ABSOLUTE, COMPRESSED[0x00000184])

    Base Addr    Size         Type   Attr      Idx    E Section Name        Object

    0x20000000   0x00000008   Data   RW            3    .data               main.o
    0x20000008   0x00000014   Data   RW          161    .data               system_stm32f10x.o
    0x2000001c   0x00000001   Data   RW          179    .data               exti_1.o
    0x2000001d   0x00000001   Data   RW          253    .data               key.o
    0x2000001e   0x00000004   Data   RW          268    .data               lcd.o
    0x20000022   0x00000002   Data   RW          305    .data               flash.o
    0x20000024   0x00000001   Data   RW          338    .data               mmc_sd.o
    0x20000025   0x00000001   PAD
    0x20000026   0x00000004   Data   RW          386    .data               delay.o
    0x2000002a   0x00000002   PAD
    0x2000002c   0x00000008   Data   RW          413    .data               usart.o
    0x20000034   0x00000014   Data   RW          489    .data               stm32f10x_rcc.o
    0x20000048   0x0000001c   Data   RW          555    .data               malloc.o
    0x20000064   0x00000002   Data   RW          573    .data               diskio.o
    0x20000066   0x00000002   PAD
    0x20000068   0x0000000b   Data   RW          604    .data               ff.o
    0x20000073   0x00000001   PAD
    0x20000074   0x00000154   Data   RW          623    .data               exfuns.o
    0x200001c8   0x0000001c   Data   RW          695    .data               usmart.o
    0x200001e4   0x000001f4   Data   RW          710    .data               usmart_config.o
    0x200003d8   0x00000001   Data   RW          789    .data               gif.o
    0x200003d9   0x00000003   PAD
    0x200003dc   0x0000000c   Data   RW          826    .data               tjpgd.o
    0x200003e8   0x00000004   Data   RW         1219    .data               mc_w.l(errno.o)
    0x200003ec   0x00000228   Zero   RW            2    .bss                main.o
    0x20000614   0x00001182   Zero   RW          204    .bss                imageprocess.o
    0x20001796   0x00000021   Zero   RW          226    .bss                crc16.o
    0x200017b7   0x00000001   PAD
    0x200017b8   0x0000000e   Zero   RW          266    .bss                lcd.o
    0x200017c6   0x00001000   Zero   RW          304    .bss                flash.o
    0x200027c6   0x00000190   Zero   RW          412    .bss                usart.o
    0x20002956   0x00000002   PAD
    0x20002958   0x0000aa00   Zero   RW          553    .bss                malloc.o
    0x2000d358   0x00000044   Zero   RW          621    .bss                exfuns.o
    0x2000d39c   0x00000019   Zero   RW          741    .bss                fontupd.o
    0x2000d3b5   0x00000003   PAD
    0x2000d3b8   0x00000044   Zero   RW          807    .bss                piclib.o
    0x2000d3fc   0x00000004   PAD
    0x2000d400   0x00000400   Zero   RW          445    STACK               startup_stm32f10x_hd.o



  Load Region LR$$.ARM.__AT_0x68000000 (Base: 0x68000000, Size: 0x00000000, Max: 0x00030000, ABSOLUTE)

    Execution Region ER$$.ARM.__AT_0x68000000 (Base: 0x68000000, Size: 0x00030000, Max: 0x00030000, ABSOLUTE, UNINIT)

    Base Addr    Size         Type   Attr      Idx    E Section Name        Object

    0x68000000   0x00030000   Zero   RW          551    .ARM.__AT_0x68000000  malloc.o



  Load Region LR$$.ARM.__AT_0x68030000 (Base: 0x68030000, Size: 0x00000000, Max: 0x00003000, ABSOLUTE)

    Execution Region ER$$.ARM.__AT_0x68030000 (Base: 0x68030000, Size: 0x00003000, Max: 0x00003000, ABSOLUTE, UNINIT)

    Base Addr    Size         Type   Attr      Idx    E Section Name        Object

    0x68030000   0x00003000   Zero   RW          552    .ARM.__AT_0x68030000  malloc.o


==============================================================================

Image component sizes


      Code (inc. data)   RO Data    RW Data    ZI Data      Debug   Object Name

      1988        240          0          0          0       4419   bmp.o
         0          0          0          0          0         32   core_cm3.o
       176         22          0          0         33       1614   crc16.o
       212         18          0          4          0       1011   delay.o
       520         14          0          2          0       4162   diskio.o
       420         22        100        340         68       2600   exfuns.o
       632         30          0          1          0       4028   exti_1.o
      1496        556          0          0          0       4928   fattester.o
     12624        132         58         11          0      32623   ff.o
       900         30          0          2       4096       4357   flash.o
         0          0          0          0         25       1361   fontupd.o
      3752         22         40          1          0       9834   gif.o
      2796        278          0          0       4482       7707   imageprocess.o
       252         12          0          1          0        828   key.o
     18462        140       2660          4         14      21867   lcd.o
      1576        286          0          8        552     273630   main.o
       564         18         24         28     252416       4504   malloc.o
       220         22          0          0          0       1793   misc.o
      1376         24          0          1          0       5690   mmc_sd.o
       204         12        960          0          0       1573   mycc936.o
      1378         78        130          0          0       5173   ov7725.o
       708         40          0          0         68       3864   piclib.o
       660         24          0          0          0       2007   sccb.o
       264         10          0          0          0       1081   spi.o
        36          8        304          0       1024        788   startup_stm32f10x_hd.o
       284         10          0          0          0       2227   stm32f10x_exti.o
      1548         18          0          0          0       5343   stm32f10x_fsmc.o
       860         38          0          0          0       5641   stm32f10x_gpio.o
        26          0          0          0          0     204246   stm32f10x_it.o
       932         36          0         20          0       8812   stm32f10x_rcc.o
       780         14          0          0          0       6522   stm32f10x_spi.o
      3610         88          0          0          0      22124   stm32f10x_tim.o
      1032         22          0          0          0       8364   stm32f10x_usart.o
       480         38          0         20          0       1731   system_stm32f10x.o
       704         12          0          0          0       2928   text.o
      4792         70       1216         12          0      17083   tjpgd.o
       604         28          0          8        400       4283   usart.o
      3124       1282         40         28          0       4266   usmart.o
         0          0       1089        500          0       1736   usmart_config.o
      1320         12          0          0          0       5049   usmart_str.o

    ----------------------------------------------------------------------
     71320       3706       6664       1000     263188     701829   Object Totals
         0          0         32          0          0          0   (incl. Generated)
         8          0         11          9         10          0   (incl. Padding)

    ----------------------------------------------------------------------

      Code (inc. data)   RO Data    RW Data    ZI Data      Debug   Library Member Name

        36          6          0          0          0        204   dunder.o
       644         90         88          0          0        204   exp.o
        40          0          0          0          0         68   fpclassify.o
       170          0          0          0          0         96   poly.o
        76          0          0          0          0         84   sqrt.o
        86          0          0          0          0          0   __dczerorl2.o
         0          0          0          0          0          0   entry.o
         0          0          0          0          0          0   entry10a.o
         0          0          0          0          0          0   entry11a.o
         8          4          0          0          0          0   entry2.o
         4          0          0          0          0          0   entry5.o
         0          0          0          0          0          0   entry7b.o
         0          0          0          0          0          0   entry8b.o
         8          4          0          0          0          0   entry9a.o
        12          6          0          4          0         68   errno.o
        30          0          0          0          0          0   handlers.o
        36          8          0          0          0         68   init.o
         0          0          0          0          0          0   iusefp.o
        30          0          0          0          0         68   llshl.o
        36          0          0          0          0         68   llsshr.o
        32          0          0          0          0         68   llushr.o
      1154         54          0          0          0        352   printf8.o
        28          0          0          0          0         76   strcmp.o
        18          0          0          0          0         68   strcpy.o
        14          0          0          0          0         68   strlen.o
        98          0          0          0          0         92   uldiv.o
        48          0          0          0          0         68   cdcmple.o
        48          0          0          0          0         68   cdrcmple.o
        20          0          0          0          0         68   cfcmple.o
        20          0          0          0          0         68   cfrcmple.o
       334          0          0          0          0        148   dadd.o
       222          0          0          0          0        100   ddiv.o
       186          0          0          0          0        176   depilogue.o
        62          0          0          0          0         80   dfixi.o
        74          0          0          0          0         80   dfixl.o
        50          0          0          0          0         76   dfixui.o
        34          0          0          0          0         76   dflti.o
        26          0          0          0          0         76   dfltui.o
       228          0          0          0          0         96   dmul.o
        46          0          0          0          0         80   dscalb.o
       162          0          0          0          0        100   dsqrt.o
       176          0          0          0          0        140   fadd.o
       124          0          0          0          0         88   fdiv.o
       110          0          0          0          0        168   fepilogue.o
        40          0          0          0          0         68   ffixui.o
        10          0          0          0          0         68   ffltui.o
       100          0          0          0          0         76   fmul.o

    ----------------------------------------------------------------------
      4688        172         88          4          0       3620   Library Totals
         8          0          0          0          0          0   (incl. Padding)

    ----------------------------------------------------------------------

      Code (inc. data)   RO Data    RW Data    ZI Data      Debug   Library Name

       966         96         88          0          0        656   m_ws.l
      1594         76          0          4          0        996   mc_w.l
      2120          0          0          0          0       1968   mf_w.l

    ----------------------------------------------------------------------
      4688        172         88          4          0       3620   Library Totals

    ----------------------------------------------------------------------

==============================================================================


      Code (inc. data)   RO Data    RW Data    ZI Data      Debug   

     76008       3878       6752       1004     263188     700429   Grand Totals
     76008       3878       6752        388     263188     700429   ELF Image Totals (compressed)
     76008       3878       6752        388          0          0   ROM Totals

==============================================================================

    Total RO  Size (Code + RO Data)                82760 (  80.82kB)
    Total RW  Size (RW Data + ZI Data)            264192 ( 258.00kB)
    Total ROM Size (Code + RO Data + RW Data)      83148 (  81.20kB)

==============================================================================

