<html>
<body>
<pre>
<h1>礦ision Build Log</h1>
<h2>Tool Versions:</h2>
IDE-Version: μVision V5.14.0.0
Copyright (C) 2015 ARM Ltd and ARM Germany GmbH. All rights reserved.
License Information: jack fdas, fasd, LIC=X1EY8-35TLN-VIB5N-YQ407-JRC7J-FXX62
 
Tool Versions:
Toolchain:       MDK-ARM Professional  Version: 5.14.0.0
Toolchain Path:  D:\Keil_v5\ARM\ARMCC\Bin
C Compiler:      Armcc.exe V5.05 update 1 (build 106)
Assembler:       Armasm.exe V5.05 update 1 (build 106)
Linker/Locator:  ArmLink.exe V5.05 update 1 (build 106)
Library Manager: ArmAr.exe V5.05 update 1 (build 106)
Hex Converter:   FromElf.exe V5.05 update 1 (build 106)
CPU DLL:         SARMCM3.DLL V5.14.0.0
Dialog DLL:      DARMSTM.DLL V1.65.0.0
Target DLL:      STLink\ST-LINKIII-KEIL_SWO.dll V2.0.14.0_KEIL
Dialog DLL:      TARMSTM.DLL V1.64.0.0
 
<h2>Project:</h2>
C:\Users\Administrator\Desktop\OV7725_BMP\智能水表\USER\PICTURE.uvprojx
Project File Date:  05/12/2018

<h2>Output:</h2>
Build target 'Target 1'
compiling main.c...
imageprocess.h(39): warning:  #1-D: last line of file ends without a newline
  #endif
main.c(162): warning:  #223-D: function "getString" declared implicitly
        getString(data, 9, datastr);
main.c(164): warning:  #223-D: function "getCrc16" declared implicitly
        getCrc16(data, 9, res);
main.c(173): warning:  #223-D: function "Usart_SendString" declared implicitly
        Usart_SendString(USART2, t);
main.c(186): warning:  #223-D: function "usart2_init" declared implicitly
        usart2_init(115200);
main.c(273): warning:  #167-D: argument of type "char *" is incompatible with parameter of type "u8 *"
                        LCD_ShowString(60,210,200,16,16, r);
main.c(319): warning:  #1-D: last line of file ends without a newline
  }
main.c: 7 warnings, 0 errors
compiling exti.c...
linking...
..\OBJ\PICTURE.axf: Warning: L6304W: Duplicate input file ..\obj\exti_1.o ignored.
Program Size: Code=76140 RO-data=6748 RW-data=1004 ZI-data=263148  
Finished: 0 information, 1 warning and 0 error messages.
FromELF: creating hex file...
"..\OBJ\PICTURE.axf" - 0 Error(s), 8 Warning(s).

<h2>Collection of Component include folders:</h2>
  C:\Users\Administrator\Desktop\OV7725_BMP\智能水表\USER\RTE
  D:\Keil_v5\ARM\PACK\Keil\STM32F1xx_DFP\1.0.5\Device\Include

<h2>Collection of Component Files used:</h2>
</pre>
</body>
</html>
